^D#0 building with "desktop-linux" instance using docker driver

#1 [internal] load build definition from Dockerfile
#1 transferring dockerfile: 3.62kB done
#1 DONE 0.0s

#2 [internal] load metadata for docker.io/library/swift:6.2-noble@sha256:dd349c6dfc3cd3040910a84ab3e5bd5d08efdd547e5fb9f77b765abed16fe5ff
#2 ...

#3 [auth] library/swift:pull token for registry-1.docker.io
#3 DONE 0.0s

#2 [internal] load metadata for docker.io/library/swift:6.2-noble@sha256:dd349c6dfc3cd3040910a84ab3e5bd5d08efdd547e5fb9f77b765abed16fe5ff
#2 DONE 5.2s

#4 [internal] load .dockerignore
#4 transferring context: 2B done
#4 DONE 0.0s

#5 [internal] load build context
#5 transferring context: 6.28kB done
#5 DONE 0.0s

#6 [1/6] FROM docker.io/library/swift:6.2-noble@sha256:dd349c6dfc3cd3040910a84ab3e5bd5d08efdd547e5fb9f77b765abed16fe5ff
#6 resolve docker.io/library/swift:6.2-noble@sha256:dd349c6dfc3cd3040910a84ab3e5bd5d08efdd547e5fb9f77b765abed16fe5ff done
#6 sha256:de46d0480a9b8fd4ee92fb52d98ebe9ddc12214a34c77cb93d11774dc499839c 175B / 175B 0.1s done
#6 sha256:75a875a925df16423f26804c2d0d282f2b1fe5f38bc153d2ba5c2fcd9a66e667 0B / 1.02GB 0.3s
#6 sha256:10372718a536908cb56316d7edcd67b0c71bc925ce0070c6e894cb05376a3ada 0B / 131.20MB 0.2s
#6 sha256:4b987da45db4d6278590ab89840c7167ea397df222f3ee4cdb77c3e15694b1a9 0B / 28.88MB 0.2s
#6 sha256:10372718a536908cb56316d7edcd67b0c71bc925ce0070c6e894cb05376a3ada 3.15MB / 131.20MB 5.3s
#6 sha256:4b987da45db4d6278590ab89840c7167ea397df222f3ee4cdb77c3e15694b1a9 1.05MB / 28.88MB 5.3s
#6 sha256:75a875a925df16423f26804c2d0d282f2b1fe5f38bc153d2ba5c2fcd9a66e667 14.68MB / 1.02GB 5.4s
#6 sha256:4b987da45db4d6278590ab89840c7167ea397df222f3ee4cdb77c3e15694b1a9 3.15MB / 28.88MB 8.6s
#6 sha256:10372718a536908cb56316d7edcd67b0c71bc925ce0070c6e894cb05376a3ada 6.29MB / 131.20MB 10.4s
#6 sha256:75a875a925df16423f26804c2d0d282f2b1fe5f38bc153d2ba5c2fcd9a66e667 23.07MB / 1.02GB 10.5s
#6 sha256:4b987da45db4d6278590ab89840c7167ea397df222f3ee4cdb77c3e15694b1a9 4.19MB / 28.88MB 13.7s
#6 sha256:10372718a536908cb56316d7edcd67b0c71bc925ce0070c6e894cb05376a3ada 7.34MB / 131.20MB 15.5s
#6 sha256:75a875a925df16423f26804c2d0d282f2b1fe5f38bc153d2ba5c2fcd9a66e667 29.36MB / 1.02GB 15.8s
#6 sha256:4b987da45db4d6278590ab89840c7167ea397df222f3ee4cdb77c3e15694b1a9 4.19MB / 28.88MB 18.8s
#6 sha256:10372718a536908cb56316d7edcd67b0c71bc925ce0070c6e894cb05376a3ada 8.39MB / 131.20MB 20.6s
#6 sha256:75a875a925df16423f26804c2d0d282f2b1fe5f38bc153d2ba5c2fcd9a66e667 32.51MB / 1.02GB 20.9s
#6 sha256:4b987da45db4d6278590ab89840c7167ea397df222f3ee4cdb77c3e15694b1a9 5.24MB / 28.88MB 23.9s
#6 sha256:10372718a536908cb56316d7edcd67b0c71bc925ce0070c6e894cb05376a3ada 8.39MB / 131.20MB 25.7s
#6 sha256:75a875a925df16423f26804c2d0d282f2b1fe5f38bc153d2ba5c2fcd9a66e667 36.70MB / 1.02GB 26.0s
#6 sha256:4b987da45db4d6278590ab89840c7167ea397df222f3ee4cdb77c3e15694b1a9 5.24MB / 28.88MB 29.0s
#6 sha256:10372718a536908cb56316d7edcd67b0c71bc925ce0070c6e894cb05376a3ada 9.44MB / 131.20MB 30.8s
#6 sha256:75a875a925df16423f26804c2d0d282f2b1fe5f38bc153d2ba5c2fcd9a66e667 40.89MB / 1.02GB 31.1s
#6 sha256:4b987da45db4d6278590ab89840c7167ea397df222f3ee4cdb77c3e15694b1a9 5.24MB / 28.88MB 34.1s
#6 sha256:10372718a536908cb56316d7edcd67b0c71bc925ce0070c6e894cb05376a3ada 10.49MB / 131.20MB 35.9s
#6 sha256:75a875a925df16423f26804c2d0d282f2b1fe5f38bc153d2ba5c2fcd9a66e667 45.09MB / 1.02GB 36.2s
#6 sha256:4b987da45db4d6278590ab89840c7167ea397df222f3ee4cdb77c3e15694b1a9 5.24MB / 28.88MB 39.2s
#6 sha256:10372718a536908cb56316d7edcd67b0c71bc925ce0070c6e894cb05376a3ada 11.53MB / 131.20MB 41.0s
#6 sha256:75a875a925df16423f26804c2d0d282f2b1fe5f38bc153d2ba5c2fcd9a66e667 51.38MB / 1.02GB 41.3s
#6 sha256:4b987da45db4d6278590ab89840c7167ea397df222f3ee4cdb77c3e15694b1a9 5.24MB / 28.88MB 44.4s
#6 sha256:10372718a536908cb56316d7edcd67b0c71bc925ce0070c6e894cb05376a3ada 12.58MB / 131.20MB 46.1s
#6 sha256:75a875a925df16423f26804c2d0d282f2b1fe5f38bc153d2ba5c2fcd9a66e667 60.82MB / 1.02GB 46.4s
#6 sha256:4b987da45db4d6278590ab89840c7167ea397df222f3ee4cdb77c3e15694b1a9 6.29MB / 28.88MB 49.5s
#6 sha256:10372718a536908cb56316d7edcd67b0c71bc925ce0070c6e894cb05376a3ada 14.68MB / 131.20MB 51.2s
#6 sha256:75a875a925df16423f26804c2d0d282f2b1fe5f38bc153d2ba5c2fcd9a66e667 72.35MB / 1.02GB 51.5s
#6 sha256:4b987da45db4d6278590ab89840c7167ea397df222f3ee4cdb77c3e15694b1a9 6.29MB / 28.88MB 54.6s
#6 sha256:10372718a536908cb56316d7edcd67b0c71bc925ce0070c6e894cb05376a3ada 16.78MB / 131.20MB 56.3s
#6 sha256:75a875a925df16423f26804c2d0d282f2b1fe5f38bc153d2ba5c2fcd9a66e667 88.08MB / 1.02GB 56.6s
#6 sha256:4b987da45db4d6278590ab89840c7167ea397df222f3ee4cdb77c3e15694b1a9 6.29MB / 28.88MB 59.7s
#6 sha256:10372718a536908cb56316d7edcd67b0c71bc925ce0070c6e894cb05376a3ada 17.83MB / 131.20MB 61.5s
#6 sha256:75a875a925df16423f26804c2d0d282f2b1fe5f38bc153d2ba5c2fcd9a66e667 100.66MB / 1.02GB 61.7s
#6 sha256:4b987da45db4d6278590ab89840c7167ea397df222f3ee4cdb77c3e15694b1a9 6.29MB / 28.88MB 64.8s
#6 sha256:75a875a925df16423f26804c2d0d282f2b1fe5f38bc153d2ba5c2fcd9a66e667 103.81MB / 1.02GB 66.8s
#6 sha256:10372718a536908cb56316d7edcd67b0c71bc925ce0070c6e894cb05376a3ada 17.83MB / 131.20MB 66.6s
#6 sha256:4b987da45db4d6278590ab89840c7167ea397df222f3ee4cdb77c3e15694b1a9 6.29MB / 28.88MB 69.9s
#6 sha256:10372718a536908cb56316d7edcd67b0c71bc925ce0070c6e894cb05376a3ada 19.92MB / 131.20MB 71.7s
#6 sha256:75a875a925df16423f26804c2d0d282f2b1fe5f38bc153d2ba5c2fcd9a66e667 109.05MB / 1.02GB 71.9s
#6 sha256:4b987da45db4d6278590ab89840c7167ea397df222f3ee4cdb77c3e15694b1a9 6.29MB / 28.88MB 75.0s
#6 sha256:10372718a536908cb56316d7edcd67b0c71bc925ce0070c6e894cb05376a3ada 23.07MB / 131.20MB 76.8s
#6 sha256:75a875a925df16423f26804c2d0d282f2b1fe5f38bc153d2ba5c2fcd9a66e667 116.39MB / 1.02GB 77.0s
#6 sha256:4b987da45db4d6278590ab89840c7167ea397df222f3ee4cdb77c3e15694b1a9 6.29MB / 28.88MB 80.1s
#6 sha256:10372718a536908cb56316d7edcd67b0c71bc925ce0070c6e894cb05376a3ada 25.17MB / 131.20MB 81.9s
#6 sha256:75a875a925df16423f26804c2d0d282f2b1fe5f38bc153d2ba5c2fcd9a66e667 123.73MB / 1.02GB 82.1s
#6 sha256:4b987da45db4d6278590ab89840c7167ea397df222f3ee4cdb77c3e15694b1a9 6.29MB / 28.88MB 85.2s
#6 sha256:75a875a925df16423f26804c2d0d282f2b1fe5f38bc153d2ba5c2fcd9a66e667 130.02MB / 1.02GB 87.2s
#6 sha256:10372718a536908cb56316d7edcd67b0c71bc925ce0070c6e894cb05376a3ada 27.26MB / 131.20MB 87.0s
#6 sha256:4b987da45db4d6278590ab89840c7167ea397df222f3ee4cdb77c3e15694b1a9 7.34MB / 28.88MB 90.3s
#6 sha256:75a875a925df16423f26804c2d0d282f2b1fe5f38bc153d2ba5c2fcd9a66e667 139.46MB / 1.02GB 92.3s
#6 sha256:10372718a536908cb56316d7edcd67b0c71bc925ce0070c6e894cb05376a3ada 29.36MB / 131.20MB 92.1s
#6 sha256:4b987da45db4d6278590ab89840c7167ea397df222f3ee4cdb77c3e15694b1a9 7.34MB / 28.88MB 95.4s
#6 sha256:75a875a925df16423f26804c2d0d282f2b1fe5f38bc153d2ba5c2fcd9a66e667 146.80MB / 1.02GB 97.4s
#6 sha256:10372718a536908cb56316d7edcd67b0c71bc925ce0070c6e894cb05376a3ada 32.51MB / 131.20MB 97.2s
#6 sha256:4b987da45db4d6278590ab89840c7167ea397df222f3ee4cdb77c3e15694b1a9 7.34MB / 28.88MB 100.5s
#6 sha256:75a875a925df16423f26804c2d0d282f2b1fe5f38bc153d2ba5c2fcd9a66e667 154.14MB / 1.02GB 102.5s
#6 sha256:10372718a536908cb56316d7edcd67b0c71bc925ce0070c6e894cb05376a3ada 33.55MB / 131.20MB 102.5s
#6 sha256:4b987da45db4d6278590ab89840c7167ea397df222f3ee4cdb77c3e15694b1a9 7.34MB / 28.88MB 105.6s
#6 sha256:75a875a925df16423f26804c2d0d282f2b1fe5f38bc153d2ba5c2fcd9a66e667 164.63MB / 1.02GB 107.6s
#6 sha256:10372718a536908cb56316d7edcd67b0c71bc925ce0070c6e894cb05376a3ada 38.80MB / 131.20MB 107.6s
#6 sha256:4b987da45db4d6278590ab89840c7167ea397df222f3ee4cdb77c3e15694b1a9 7.34MB / 28.88MB 110.9s
#6 sha256:10372718a536908cb56316d7edcd67b0c71bc925ce0070c6e894cb05376a3ada 45.09MB / 131.20MB 112.7s
#6 sha256:75a875a925df16423f26804c2d0d282f2b1fe5f38bc153d2ba5c2fcd9a66e667 178.26MB / 1.02GB 112.8s
#6 sha256:4b987da45db4d6278590ab89840c7167ea397df222f3ee4cdb77c3e15694b1a9 7.34MB / 28.88MB 116.0s
#6 sha256:10372718a536908cb56316d7edcd67b0c71bc925ce0070c6e894cb05376a3ada 52.43MB / 131.20MB 117.0s
#6 sha256:75a875a925df16423f26804c2d0d282f2b1fe5f38bc153d2ba5c2fcd9a66e667 186.65MB / 1.02GB 117.9s
#6 sha256:4b987da45db4d6278590ab89840c7167ea397df222f3ee4cdb77c3e15694b1a9 7.34MB / 28.88MB 121.1s
#6 sha256:10372718a536908cb56316d7edcd67b0c71bc925ce0070c6e894cb05376a3ada 55.57MB / 131.20MB 122.1s
#6 sha256:75a875a925df16423f26804c2d0d282f2b1fe5f38bc153d2ba5c2fcd9a66e667 191.89MB / 1.02GB 123.0s
#6 sha256:4b987da45db4d6278590ab89840c7167ea397df222f3ee4cdb77c3e15694b1a9 7.34MB / 28.88MB 126.2s
#6 sha256:10372718a536908cb56316d7edcd67b0c71bc925ce0070c6e894cb05376a3ada 56.62MB / 131.20MB 127.2s
#6 sha256:75a875a925df16423f26804c2d0d282f2b1fe5f38bc153d2ba5c2fcd9a66e667 196.08MB / 1.02GB 128.1s
#6 sha256:4b987da45db4d6278590ab89840c7167ea397df222f3ee4cdb77c3e15694b1a9 8.39MB / 28.88MB 131.3s
#6 sha256:10372718a536908cb56316d7edcd67b0c71bc925ce0070c6e894cb05376a3ada 60.82MB / 131.20MB 132.3s
#6 sha256:75a875a925df16423f26804c2d0d282f2b1fe5f38bc153d2ba5c2fcd9a66e667 205.52MB / 1.02GB 133.2s
#6 sha256:4b987da45db4d6278590ab89840c7167ea397df222f3ee4cdb77c3e15694b1a9 8.39MB / 28.88MB 136.4s
#6 sha256:10372718a536908cb56316d7edcd67b0c71bc925ce0070c6e894cb05376a3ada 66.06MB / 131.20MB 137.4s
#6 sha256:75a875a925df16423f26804c2d0d282f2b1fe5f38bc153d2ba5c2fcd9a66e667 217.06MB / 1.02GB 138.3s
#6 sha256:4b987da45db4d6278590ab89840c7167ea397df222f3ee4cdb77c3e15694b1a9 8.39MB / 28.88MB 141.5s
#6 sha256:10372718a536908cb56316d7edcd67b0c71bc925ce0070c6e894cb05376a3ada 69.21MB / 131.20MB 142.5s
#6 sha256:75a875a925df16423f26804c2d0d282f2b1fe5f38bc153d2ba5c2fcd9a66e667 232.78MB / 1.02GB 143.4s
#6 sha256:4b987da45db4d6278590ab89840c7167ea397df222f3ee4cdb77c3e15694b1a9 8.39MB / 28.88MB 146.6s
#6 sha256:10372718a536908cb56316d7edcd67b0c71bc925ce0070c6e894cb05376a3ada 74.45MB / 131.20MB 147.6s
#6 sha256:75a875a925df16423f26804c2d0d282f2b1fe5f38bc153d2ba5c2fcd9a66e667 243.27MB / 1.02GB 148.5s
#6 sha256:4b987da45db4d6278590ab89840c7167ea397df222f3ee4cdb77c3e15694b1a9 8.39MB / 28.88MB 151.8s
#6 sha256:10372718a536908cb56316d7edcd67b0c71bc925ce0070c6e894cb05376a3ada 80.74MB / 131.20MB 152.7s
#6 sha256:75a875a925df16423f26804c2d0d282f2b1fe5f38bc153d2ba5c2fcd9a66e667 252.71MB / 1.02GB 153.6s
#6 sha256:10372718a536908cb56316d7edcd67b0c71bc925ce0070c6e894cb05376a3ada 88.08MB / 131.20MB 156.9s
#6 sha256:4b987da45db4d6278590ab89840c7167ea397df222f3ee4cdb77c3e15694b1a9 8.39MB / 28.88MB 156.9s
#6 sha256:75a875a925df16423f26804c2d0d282f2b1fe5f38bc153d2ba5c2fcd9a66e667 266.34MB / 1.02GB 158.7s
#6 sha256:10372718a536908cb56316d7edcd67b0c71bc925ce0070c6e894cb05376a3ada 94.37MB / 131.20MB 162.0s
#6 sha256:4b987da45db4d6278590ab89840c7167ea397df222f3ee4cdb77c3e15694b1a9 8.39MB / 28.88MB 162.0s
#6 sha256:75a875a925df16423f26804c2d0d282f2b1fe5f38bc153d2ba5c2fcd9a66e667 271.58MB / 1.02GB 163.8s
#6 sha256:10372718a536908cb56316d7edcd67b0c71bc925ce0070c6e894cb05376a3ada 101.71MB / 131.20MB 165.8s
#6 sha256:4b987da45db4d6278590ab89840c7167ea397df222f3ee4cdb77c3e15694b1a9 8.39MB / 28.88MB 167.1s
#6 sha256:75a875a925df16423f26804c2d0d282f2b1fe5f38bc153d2ba5c2fcd9a66e667 277.87MB / 1.02GB 168.9s
#6 sha256:10372718a536908cb56316d7edcd67b0c71bc925ce0070c6e894cb05376a3ada 109.05MB / 131.20MB 170.6s
#6 sha256:4b987da45db4d6278590ab89840c7167ea397df222f3ee4cdb77c3e15694b1a9 9.44MB / 28.88MB 172.2s
#6 sha256:75a875a925df16423f26804c2d0d282f2b1fe5f38bc153d2ba5c2fcd9a66e667 281.02MB / 1.02GB 174.0s
#6 sha256:10372718a536908cb56316d7edcd67b0c71bc925ce0070c6e894cb05376a3ada 116.39MB / 131.20MB 175.2s
#6 sha256:10372718a536908cb56316d7edcd67b0c71bc925ce0070c6e894cb05376a3ada 123.73MB / 131.20MB 177.3s
#6 sha256:4b987da45db4d6278590ab89840c7167ea397df222f3ee4cdb77c3e15694b1a9 9.44MB / 28.88MB 177.3s
#6 sha256:75a875a925df16423f26804c2d0d282f2b1fe5f38bc153d2ba5c2fcd9a66e667 286.26MB / 1.02GB 179.1s
#6 sha256:10372718a536908cb56316d7edcd67b0c71bc925ce0070c6e894cb05376a3ada 131.20MB / 131.20MB 179.3s done
#6 sha256:4b987da45db4d6278590ab89840c7167ea397df222f3ee4cdb77c3e15694b1a9 9.44MB / 28.88MB 182.4s
#6 sha256:75a875a925df16423f26804c2d0d282f2b1fe5f38bc153d2ba5c2fcd9a66e667 291.50MB / 1.02GB 184.2s
#6 sha256:4b987da45db4d6278590ab89840c7167ea397df222f3ee4cdb77c3e15694b1a9 9.44MB / 28.88MB 187.5s
#6 sha256:75a875a925df16423f26804c2d0d282f2b1fe5f38bc153d2ba5c2fcd9a66e667 296.75MB / 1.02GB 189.3s
#6 sha256:4b987da45db4d6278590ab89840c7167ea397df222f3ee4cdb77c3e15694b1a9 9.44MB / 28.88MB 192.6s
#6 sha256:75a875a925df16423f26804c2d0d282f2b1fe5f38bc153d2ba5c2fcd9a66e667 301.99MB / 1.02GB 194.4s
#6 sha256:4b987da45db4d6278590ab89840c7167ea397df222f3ee4cdb77c3e15694b1a9 9.44MB / 28.88MB 197.7s
#6 sha256:75a875a925df16423f26804c2d0d282f2b1fe5f38bc153d2ba5c2fcd9a66e667 308.28MB / 1.02GB 199.5s
#6 sha256:4b987da45db4d6278590ab89840c7167ea397df222f3ee4cdb77c3e15694b1a9 9.44MB / 28.88MB 202.8s
#6 sha256:75a875a925df16423f26804c2d0d282f2b1fe5f38bc153d2ba5c2fcd9a66e667 315.62MB / 1.02GB 204.6s
#6 sha256:4b987da45db4d6278590ab89840c7167ea397df222f3ee4cdb77c3e15694b1a9 9.44MB / 28.88MB 207.9s
#6 sha256:75a875a925df16423f26804c2d0d282f2b1fe5f38bc153d2ba5c2fcd9a66e667 328.20MB / 1.02GB 209.7s
#6 sha256:4b987da45db4d6278590ab89840c7167ea397df222f3ee4cdb77c3e15694b1a9 9.44MB / 28.88MB 213.0s
#6 sha256:75a875a925df16423f26804c2d0d282f2b1fe5f38bc153d2ba5c2fcd9a66e667 342.88MB / 1.02GB 214.8s
#6 sha256:4b987da45db4d6278590ab89840c7167ea397df222f3ee4cdb77c3e15694b1a9 10.49MB / 28.88MB 218.1s
#6 sha256:75a875a925df16423f26804c2d0d282f2b1fe5f38bc153d2ba5c2fcd9a66e667 360.71MB / 1.02GB 219.9s
#6 sha256:4b987da45db4d6278590ab89840c7167ea397df222f3ee4cdb77c3e15694b1a9 10.49MB / 28.88MB 223.2s
#6 sha256:75a875a925df16423f26804c2d0d282f2b1fe5f38bc153d2ba5c2fcd9a66e667 383.78MB / 1.02GB 225.0s
#6 sha256:4b987da45db4d6278590ab89840c7167ea397df222f3ee4cdb77c3e15694b1a9 10.49MB / 28.88MB 228.3s
#6 sha256:75a875a925df16423f26804c2d0d282f2b1fe5f38bc153d2ba5c2fcd9a66e667 405.80MB / 1.02GB 230.1s
#6 sha256:4b987da45db4d6278590ab89840c7167ea397df222f3ee4cdb77c3e15694b1a9 10.49MB / 28.88MB 233.4s
#6 sha256:75a875a925df16423f26804c2d0d282f2b1fe5f38bc153d2ba5c2fcd9a66e667 421.53MB / 1.02GB 235.2s
#6 sha256:4b987da45db4d6278590ab89840c7167ea397df222f3ee4cdb77c3e15694b1a9 10.49MB / 28.88MB 238.5s
#6 sha256:75a875a925df16423f26804c2d0d282f2b1fe5f38bc153d2ba5c2fcd9a66e667 433.06MB / 1.02GB 240.3s
#6 sha256:4b987da45db4d6278590ab89840c7167ea397df222f3ee4cdb77c3e15694b1a9 10.49MB / 28.88MB 243.6s
#6 sha256:75a875a925df16423f26804c2d0d282f2b1fe5f38bc153d2ba5c2fcd9a66e667 451.94MB / 1.02GB 245.4s
#6 sha256:4b987da45db4d6278590ab89840c7167ea397df222f3ee4cdb77c3e15694b1a9 10.49MB / 28.88MB 248.7s
#6 sha256:75a875a925df16423f26804c2d0d282f2b1fe5f38bc153d2ba5c2fcd9a66e667 469.76MB / 1.02GB 250.5s
#6 sha256:4b987da45db4d6278590ab89840c7167ea397df222f3ee4cdb77c3e15694b1a9 10.49MB / 28.88MB 253.8s
#6 sha256:75a875a925df16423f26804c2d0d282f2b1fe5f38bc153d2ba5c2fcd9a66e667 479.20MB / 1.02GB 255.6s
#6 sha256:4b987da45db4d6278590ab89840c7167ea397df222f3ee4cdb77c3e15694b1a9 10.49MB / 28.88MB 258.9s
#6 sha256:75a875a925df16423f26804c2d0d282f2b1fe5f38bc153d2ba5c2fcd9a66e667 483.39MB / 1.02GB 260.7s
#6 sha256:4b987da45db4d6278590ab89840c7167ea397df222f3ee4cdb77c3e15694b1a9 11.53MB / 28.88MB 264.0s
#6 sha256:75a875a925df16423f26804c2d0d282f2b1fe5f38bc153d2ba5c2fcd9a66e667 488.64MB / 1.02GB 265.8s
#6 sha256:4b987da45db4d6278590ab89840c7167ea397df222f3ee4cdb77c3e15694b1a9 11.53MB / 28.88MB 269.1s
#6 sha256:75a875a925df16423f26804c2d0d282f2b1fe5f38bc153d2ba5c2fcd9a66e667 499.12MB / 1.02GB 270.9s
#6 sha256:4b987da45db4d6278590ab89840c7167ea397df222f3ee4cdb77c3e15694b1a9 11.53MB / 28.88MB 274.2s
#6 sha256:75a875a925df16423f26804c2d0d282f2b1fe5f38bc153d2ba5c2fcd9a66e667 510.66MB / 1.02GB 276.0s
#6 sha256:4b987da45db4d6278590ab89840c7167ea397df222f3ee4cdb77c3e15694b1a9 11.53MB / 28.88MB 279.3s
#6 sha256:75a875a925df16423f26804c2d0d282f2b1fe5f38bc153d2ba5c2fcd9a66e667 520.09MB / 1.02GB 281.1s
#6 sha256:4b987da45db4d6278590ab89840c7167ea397df222f3ee4cdb77c3e15694b1a9 11.53MB / 28.88MB 284.4s
#6 sha256:75a875a925df16423f26804c2d0d282f2b1fe5f38bc153d2ba5c2fcd9a66e667 534.77MB / 1.02GB 286.2s
#6 sha256:4b987da45db4d6278590ab89840c7167ea397df222f3ee4cdb77c3e15694b1a9 11.53MB / 28.88MB 289.5s
#6 sha256:75a875a925df16423f26804c2d0d282f2b1fe5f38bc153d2ba5c2fcd9a66e667 557.84MB / 1.02GB 291.3s
#6 sha256:4b987da45db4d6278590ab89840c7167ea397df222f3ee4cdb77c3e15694b1a9 11.53MB / 28.88MB 294.6s
#6 sha256:75a875a925df16423f26804c2d0d282f2b1fe5f38bc153d2ba5c2fcd9a66e667 572.52MB / 1.02GB 296.4s
#6 sha256:4b987da45db4d6278590ab89840c7167ea397df222f3ee4cdb77c3e15694b1a9 11.53MB / 28.88MB 299.7s
#6 sha256:75a875a925df16423f26804c2d0d282f2b1fe5f38bc153d2ba5c2fcd9a66e667 579.86MB / 1.02GB 301.5s
#6 sha256:4b987da45db4d6278590ab89840c7167ea397df222f3ee4cdb77c3e15694b1a9 12.58MB / 28.88MB 304.8s
#6 sha256:75a875a925df16423f26804c2d0d282f2b1fe5f38bc153d2ba5c2fcd9a66e667 587.20MB / 1.02GB 306.6s
#6 sha256:4b987da45db4d6278590ab89840c7167ea397df222f3ee4cdb77c3e15694b1a9 12.58MB / 28.88MB 309.9s
#6 sha256:75a875a925df16423f26804c2d0d282f2b1fe5f38bc153d2ba5c2fcd9a66e667 592.45MB / 1.02GB 311.7s
#6 sha256:4b987da45db4d6278590ab89840c7167ea397df222f3ee4cdb77c3e15694b1a9 12.58MB / 28.88MB 315.2s
#6 sha256:75a875a925df16423f26804c2d0d282f2b1fe5f38bc153d2ba5c2fcd9a66e667 597.69MB / 1.02GB 316.8s
#6 sha256:4b987da45db4d6278590ab89840c7167ea397df222f3ee4cdb77c3e15694b1a9 12.58MB / 28.88MB 320.3s
#6 sha256:75a875a925df16423f26804c2d0d282f2b1fe5f38bc153d2ba5c2fcd9a66e667 598.74MB / 1.02GB 321.9s
#6 sha256:4b987da45db4d6278590ab89840c7167ea397df222f3ee4cdb77c3e15694b1a9 12.58MB / 28.88MB 325.4s
#6 sha256:75a875a925df16423f26804c2d0d282f2b1fe5f38bc153d2ba5c2fcd9a66e667 600.83MB / 1.02GB 327.0s
#6 sha256:4b987da45db4d6278590ab89840c7167ea397df222f3ee4cdb77c3e15694b1a9 12.58MB / 28.88MB 330.5s
#6 sha256:75a875a925df16423f26804c2d0d282f2b1fe5f38bc153d2ba5c2fcd9a66e667 602.93MB / 1.02GB 332.1s
#6 sha256:4b987da45db4d6278590ab89840c7167ea397df222f3ee4cdb77c3e15694b1a9 13.63MB / 28.88MB 335.6s
#6 sha256:75a875a925df16423f26804c2d0d282f2b1fe5f38bc153d2ba5c2fcd9a66e667 605.03MB / 1.02GB 337.2s
#6 sha256:4b987da45db4d6278590ab89840c7167ea397df222f3ee4cdb77c3e15694b1a9 13.63MB / 28.88MB 340.7s
#6 sha256:75a875a925df16423f26804c2d0d282f2b1fe5f38bc153d2ba5c2fcd9a66e667 606.08MB / 1.02GB 342.3s
#6 sha256:4b987da45db4d6278590ab89840c7167ea397df222f3ee4cdb77c3e15694b1a9 13.63MB / 28.88MB 345.8s
#6 sha256:75a875a925df16423f26804c2d0d282f2b1fe5f38bc153d2ba5c2fcd9a66e667 608.17MB / 1.02GB 347.4s
#6 sha256:4b987da45db4d6278590ab89840c7167ea397df222f3ee4cdb77c3e15694b1a9 13.63MB / 28.88MB 350.9s
#6 sha256:75a875a925df16423f26804c2d0d282f2b1fe5f38bc153d2ba5c2fcd9a66e667 610.27MB / 1.02GB 352.5s
#6 sha256:4b987da45db4d6278590ab89840c7167ea397df222f3ee4cdb77c3e15694b1a9 13.63MB / 28.88MB 356.1s
#6 sha256:75a875a925df16423f26804c2d0d282f2b1fe5f38bc153d2ba5c2fcd9a66e667 611.32MB / 1.02GB 357.6s
#6 sha256:4b987da45db4d6278590ab89840c7167ea397df222f3ee4cdb77c3e15694b1a9 13.63MB / 28.88MB 361.4s
#6 sha256:75a875a925df16423f26804c2d0d282f2b1fe5f38bc153d2ba5c2fcd9a66e667 613.42MB / 1.02GB 362.7s
#6 sha256:4b987da45db4d6278590ab89840c7167ea397df222f3ee4cdb77c3e15694b1a9 13.63MB / 28.88MB 366.5s
#6 sha256:75a875a925df16423f26804c2d0d282f2b1fe5f38bc153d2ba5c2fcd9a66e667 615.51MB / 1.02GB 367.8s
#6 sha256:4b987da45db4d6278590ab89840c7167ea397df222f3ee4cdb77c3e15694b1a9 14.68MB / 28.88MB 371.6s
#6 sha256:75a875a925df16423f26804c2d0d282f2b1fe5f38bc153d2ba5c2fcd9a66e667 616.56MB / 1.02GB 372.9s
#6 sha256:4b987da45db4d6278590ab89840c7167ea397df222f3ee4cdb77c3e15694b1a9 14.68MB / 28.88MB 376.7s
#6 sha256:75a875a925df16423f26804c2d0d282f2b1fe5f38bc153d2ba5c2fcd9a66e667 618.66MB / 1.02GB 378.0s
#6 sha256:4b987da45db4d6278590ab89840c7167ea397df222f3ee4cdb77c3e15694b1a9 14.68MB / 28.88MB 381.8s
#6 sha256:75a875a925df16423f26804c2d0d282f2b1fe5f38bc153d2ba5c2fcd9a66e667 620.76MB / 1.02GB 383.1s
#6 sha256:4b987da45db4d6278590ab89840c7167ea397df222f3ee4cdb77c3e15694b1a9 14.68MB / 28.88MB 386.9s
#6 sha256:75a875a925df16423f26804c2d0d282f2b1fe5f38bc153d2ba5c2fcd9a66e667 626.00MB / 1.02GB 388.2s
#6 sha256:4b987da45db4d6278590ab89840c7167ea397df222f3ee4cdb77c3e15694b1a9 14.68MB / 28.88MB 392.1s
#6 sha256:75a875a925df16423f26804c2d0d282f2b1fe5f38bc153d2ba5c2fcd9a66e667 633.34MB / 1.02GB 393.3s
#6 sha256:4b987da45db4d6278590ab89840c7167ea397df222f3ee4cdb77c3e15694b1a9 15.73MB / 28.88MB 397.2s
#6 sha256:75a875a925df16423f26804c2d0d282f2b1fe5f38bc153d2ba5c2fcd9a66e667 641.73MB / 1.02GB 398.4s
#6 sha256:4b987da45db4d6278590ab89840c7167ea397df222f3ee4cdb77c3e15694b1a9 15.73MB / 28.88MB 402.3s
#6 sha256:75a875a925df16423f26804c2d0d282f2b1fe5f38bc153d2ba5c2fcd9a66e667 653.26MB / 1.02GB 403.5s
#6 sha256:4b987da45db4d6278590ab89840c7167ea397df222f3ee4cdb77c3e15694b1a9 15.73MB / 28.88MB 407.4s
#6 sha256:75a875a925df16423f26804c2d0d282f2b1fe5f38bc153d2ba5c2fcd9a66e667 666.89MB / 1.02GB 408.6s
#6 sha256:4b987da45db4d6278590ab89840c7167ea397df222f3ee4cdb77c3e15694b1a9 15.73MB / 28.88MB 412.5s
#6 sha256:75a875a925df16423f26804c2d0d282f2b1fe5f38bc153d2ba5c2fcd9a66e667 674.23MB / 1.02GB 413.7s
#6 sha256:4b987da45db4d6278590ab89840c7167ea397df222f3ee4cdb77c3e15694b1a9 15.73MB / 28.88MB 417.6s
#6 sha256:75a875a925df16423f26804c2d0d282f2b1fe5f38bc153d2ba5c2fcd9a66e667 677.38MB / 1.02GB 418.8s
#6 sha256:4b987da45db4d6278590ab89840c7167ea397df222f3ee4cdb77c3e15694b1a9 15.73MB / 28.88MB 422.7s
#6 sha256:75a875a925df16423f26804c2d0d282f2b1fe5f38bc153d2ba5c2fcd9a66e667 680.53MB / 1.02GB 423.9s
#6 sha256:4b987da45db4d6278590ab89840c7167ea397df222f3ee4cdb77c3e15694b1a9 15.73MB / 28.88MB 428.0s
#6 sha256:75a875a925df16423f26804c2d0d282f2b1fe5f38bc153d2ba5c2fcd9a66e667 683.67MB / 1.02GB 429.0s
#6 sha256:4b987da45db4d6278590ab89840c7167ea397df222f3ee4cdb77c3e15694b1a9 16.78MB / 28.88MB 433.1s
#6 sha256:75a875a925df16423f26804c2d0d282f2b1fe5f38bc153d2ba5c2fcd9a66e667 687.87MB / 1.02GB 434.1s
#6 sha256:4b987da45db4d6278590ab89840c7167ea397df222f3ee4cdb77c3e15694b1a9 16.78MB / 28.88MB 438.2s
#6 sha256:75a875a925df16423f26804c2d0d282f2b1fe5f38bc153d2ba5c2fcd9a66e667 691.01MB / 1.02GB 439.2s
#6 sha256:4b987da45db4d6278590ab89840c7167ea397df222f3ee4cdb77c3e15694b1a9 16.78MB / 28.88MB 443.3s
#6 sha256:75a875a925df16423f26804c2d0d282f2b1fe5f38bc153d2ba5c2fcd9a66e667 692.06MB / 1.02GB 444.3s
#6 sha256:4b987da45db4d6278590ab89840c7167ea397df222f3ee4cdb77c3e15694b1a9 16.78MB / 28.88MB 448.4s
#6 sha256:75a875a925df16423f26804c2d0d282f2b1fe5f38bc153d2ba5c2fcd9a66e667 693.11MB / 1.02GB 449.4s
#6 sha256:4b987da45db4d6278590ab89840c7167ea397df222f3ee4cdb77c3e15694b1a9 16.78MB / 28.88MB 453.5s
#6 sha256:75a875a925df16423f26804c2d0d282f2b1fe5f38bc153d2ba5c2fcd9a66e667 694.16MB / 1.02GB 454.5s
#6 sha256:4b987da45db4d6278590ab89840c7167ea397df222f3ee4cdb77c3e15694b1a9 16.78MB / 28.88MB 458.6s
#6 sha256:75a875a925df16423f26804c2d0d282f2b1fe5f38bc153d2ba5c2fcd9a66e667 696.25MB / 1.02GB 459.6s
#6 sha256:4b987da45db4d6278590ab89840c7167ea397df222f3ee4cdb77c3e15694b1a9 16.78MB / 28.88MB 463.7s
#6 sha256:75a875a925df16423f26804c2d0d282f2b1fe5f38bc153d2ba5c2fcd9a66e667 699.40MB / 1.02GB 464.7s
#6 sha256:4b987da45db4d6278590ab89840c7167ea397df222f3ee4cdb77c3e15694b1a9 17.83MB / 28.88MB 468.8s
#6 sha256:75a875a925df16423f26804c2d0d282f2b1fe5f38bc153d2ba5c2fcd9a66e667 703.59MB / 1.02GB 469.8s
#6 sha256:4b987da45db4d6278590ab89840c7167ea397df222f3ee4cdb77c3e15694b1a9 17.83MB / 28.88MB 473.9s
#6 sha256:75a875a925df16423f26804c2d0d282f2b1fe5f38bc153d2ba5c2fcd9a66e667 706.74MB / 1.02GB 474.9s
#6 sha256:4b987da45db4d6278590ab89840c7167ea397df222f3ee4cdb77c3e15694b1a9 17.83MB / 28.88MB 479.0s
#6 sha256:75a875a925df16423f26804c2d0d282f2b1fe5f38bc153d2ba5c2fcd9a66e667 714.08MB / 1.02GB 480.0s
#6 sha256:4b987da45db4d6278590ab89840c7167ea397df222f3ee4cdb77c3e15694b1a9 17.83MB / 28.88MB 484.2s
#6 sha256:75a875a925df16423f26804c2d0d282f2b1fe5f38bc153d2ba5c2fcd9a66e667 720.37MB / 1.02GB 485.1s
#6 sha256:4b987da45db4d6278590ab89840c7167ea397df222f3ee4cdb77c3e15694b1a9 18.87MB / 28.88MB 489.3s
#6 sha256:75a875a925df16423f26804c2d0d282f2b1fe5f38bc153d2ba5c2fcd9a66e667 725.61MB / 1.02GB 490.2s
#6 sha256:4b987da45db4d6278590ab89840c7167ea397df222f3ee4cdb77c3e15694b1a9 18.87MB / 28.88MB 494.6s
#6 sha256:75a875a925df16423f26804c2d0d282f2b1fe5f38bc153d2ba5c2fcd9a66e667 734.00MB / 1.02GB 495.3s
#6 sha256:4b987da45db4d6278590ab89840c7167ea397df222f3ee4cdb77c3e15694b1a9 18.87MB / 28.88MB 499.7s
#6 sha256:75a875a925df16423f26804c2d0d282f2b1fe5f38bc153d2ba5c2fcd9a66e667 739.25MB / 1.02GB 500.4s
#6 sha256:4b987da45db4d6278590ab89840c7167ea397df222f3ee4cdb77c3e15694b1a9 18.87MB / 28.88MB 504.9s
#6 sha256:75a875a925df16423f26804c2d0d282f2b1fe5f38bc153d2ba5c2fcd9a66e667 741.34MB / 1.02GB 505.5s
#6 sha256:4b987da45db4d6278590ab89840c7167ea397df222f3ee4cdb77c3e15694b1a9 18.87MB / 28.88MB 510.0s
#6 sha256:75a875a925df16423f26804c2d0d282f2b1fe5f38bc153d2ba5c2fcd9a66e667 743.44MB / 1.02GB 510.6s
#6 sha256:4b987da45db4d6278590ab89840c7167ea397df222f3ee4cdb77c3e15694b1a9 18.87MB / 28.88MB 515.1s
#6 sha256:75a875a925df16423f26804c2d0d282f2b1fe5f38bc153d2ba5c2fcd9a66e667 746.59MB / 1.02GB 515.7s
#6 sha256:4b987da45db4d6278590ab89840c7167ea397df222f3ee4cdb77c3e15694b1a9 19.92MB / 28.88MB 520.2s
#6 sha256:75a875a925df16423f26804c2d0d282f2b1fe5f38bc153d2ba5c2fcd9a66e667 749.73MB / 1.02GB 520.8s
#6 sha256:4b987da45db4d6278590ab89840c7167ea397df222f3ee4cdb77c3e15694b1a9 19.92MB / 28.88MB 525.3s
#6 sha256:75a875a925df16423f26804c2d0d282f2b1fe5f38bc153d2ba5c2fcd9a66e667 751.83MB / 1.02GB 525.9s
#6 sha256:4b987da45db4d6278590ab89840c7167ea397df222f3ee4cdb77c3e15694b1a9 19.92MB / 28.88MB 530.4s
#6 sha256:75a875a925df16423f26804c2d0d282f2b1fe5f38bc153d2ba5c2fcd9a66e667 753.93MB / 1.02GB 531.0s
#6 sha256:4b987da45db4d6278590ab89840c7167ea397df222f3ee4cdb77c3e15694b1a9 19.92MB / 28.88MB 535.5s
#6 sha256:75a875a925df16423f26804c2d0d282f2b1fe5f38bc153d2ba5c2fcd9a66e667 757.07MB / 1.02GB 536.1s
#6 sha256:4b987da45db4d6278590ab89840c7167ea397df222f3ee4cdb77c3e15694b1a9 19.92MB / 28.88MB 540.6s
#6 sha256:75a875a925df16423f26804c2d0d282f2b1fe5f38bc153d2ba5c2fcd9a66e667 760.22MB / 1.02GB 541.2s
#6 sha256:4b987da45db4d6278590ab89840c7167ea397df222f3ee4cdb77c3e15694b1a9 19.92MB / 28.88MB 545.7s
#6 sha256:75a875a925df16423f26804c2d0d282f2b1fe5f38bc153d2ba5c2fcd9a66e667 764.41MB / 1.02GB 546.3s
#6 sha256:4b987da45db4d6278590ab89840c7167ea397df222f3ee4cdb77c3e15694b1a9 19.92MB / 28.88MB 550.8s
#6 sha256:75a875a925df16423f26804c2d0d282f2b1fe5f38bc153d2ba5c2fcd9a66e667 768.61MB / 1.02GB 551.4s
#6 sha256:4b987da45db4d6278590ab89840c7167ea397df222f3ee4cdb77c3e15694b1a9 20.97MB / 28.88MB 555.9s
#6 sha256:75a875a925df16423f26804c2d0d282f2b1fe5f38bc153d2ba5c2fcd9a66e667 774.90MB / 1.02GB 556.5s
#6 sha256:4b987da45db4d6278590ab89840c7167ea397df222f3ee4cdb77c3e15694b1a9 20.97MB / 28.88MB 561.0s
#6 sha256:75a875a925df16423f26804c2d0d282f2b1fe5f38bc153d2ba5c2fcd9a66e667 778.04MB / 1.02GB 561.6s
#6 sha256:4b987da45db4d6278590ab89840c7167ea397df222f3ee4cdb77c3e15694b1a9 20.97MB / 28.88MB 566.1s
#6 sha256:75a875a925df16423f26804c2d0d282f2b1fe5f38bc153d2ba5c2fcd9a66e667 780.14MB / 1.02GB 566.7s
#6 sha256:4b987da45db4d6278590ab89840c7167ea397df222f3ee4cdb77c3e15694b1a9 20.97MB / 28.88MB 571.2s
#6 sha256:75a875a925df16423f26804c2d0d282f2b1fe5f38bc153d2ba5c2fcd9a66e667 782.24MB / 1.02GB 571.8s
#6 sha256:4b987da45db4d6278590ab89840c7167ea397df222f3ee4cdb77c3e15694b1a9 20.97MB / 28.88MB 576.3s
#6 sha256:75a875a925df16423f26804c2d0d282f2b1fe5f38bc153d2ba5c2fcd9a66e667 785.38MB / 1.02GB 576.9s
#6 sha256:4b987da45db4d6278590ab89840c7167ea397df222f3ee4cdb77c3e15694b1a9 20.97MB / 28.88MB 581.4s
#6 sha256:75a875a925df16423f26804c2d0d282f2b1fe5f38bc153d2ba5c2fcd9a66e667 789.58MB / 1.02GB 582.0s
#6 sha256:4b987da45db4d6278590ab89840c7167ea397df222f3ee4cdb77c3e15694b1a9 20.97MB / 28.88MB 586.5s
#6 sha256:75a875a925df16423f26804c2d0d282f2b1fe5f38bc153d2ba5c2fcd9a66e667 793.77MB / 1.02GB 587.1s
#6 sha256:4b987da45db4d6278590ab89840c7167ea397df222f3ee4cdb77c3e15694b1a9 22.02MB / 28.88MB 591.6s
#6 sha256:75a875a925df16423f26804c2d0d282f2b1fe5f38bc153d2ba5c2fcd9a66e667 794.82MB / 1.02GB 592.2s
#6 sha256:4b987da45db4d6278590ab89840c7167ea397df222f3ee4cdb77c3e15694b1a9 22.02MB / 28.88MB 596.7s
#6 sha256:75a875a925df16423f26804c2d0d282f2b1fe5f38bc153d2ba5c2fcd9a66e667 796.92MB / 1.02GB 597.3s
#6 sha256:4b987da45db4d6278590ab89840c7167ea397df222f3ee4cdb77c3e15694b1a9 22.02MB / 28.88MB 601.8s
#6 sha256:75a875a925df16423f26804c2d0d282f2b1fe5f38bc153d2ba5c2fcd9a66e667 800.06MB / 1.02GB 602.4s
#6 sha256:4b987da45db4d6278590ab89840c7167ea397df222f3ee4cdb77c3e15694b1a9 22.02MB / 28.88MB 606.9s
#6 sha256:75a875a925df16423f26804c2d0d282f2b1fe5f38bc153d2ba5c2fcd9a66e667 801.11MB / 1.02GB 607.5s
#6 sha256:4b987da45db4d6278590ab89840c7167ea397df222f3ee4cdb77c3e15694b1a9 22.02MB / 28.88MB 612.0s
#6 sha256:75a875a925df16423f26804c2d0d282f2b1fe5f38bc153d2ba5c2fcd9a66e667 801.11MB / 1.02GB 612.6s
#6 sha256:4b987da45db4d6278590ab89840c7167ea397df222f3ee4cdb77c3e15694b1a9 22.02MB / 28.88MB 617.1s
#6 sha256:75a875a925df16423f26804c2d0d282f2b1fe5f38bc153d2ba5c2fcd9a66e667 803.21MB / 1.02GB 617.7s
#6 sha256:4b987da45db4d6278590ab89840c7167ea397df222f3ee4cdb77c3e15694b1a9 23.07MB / 28.88MB 622.2s
#6 sha256:75a875a925df16423f26804c2d0d282f2b1fe5f38bc153d2ba5c2fcd9a66e667 804.26MB / 1.02GB 622.8s
#6 sha256:4b987da45db4d6278590ab89840c7167ea397df222f3ee4cdb77c3e15694b1a9 23.07MB / 28.88MB 627.3s
#6 sha256:75a875a925df16423f26804c2d0d282f2b1fe5f38bc153d2ba5c2fcd9a66e667 807.40MB / 1.02GB 627.9s
#6 sha256:4b987da45db4d6278590ab89840c7167ea397df222f3ee4cdb77c3e15694b1a9 23.07MB / 28.88MB 632.6s
#6 sha256:75a875a925df16423f26804c2d0d282f2b1fe5f38bc153d2ba5c2fcd9a66e667 811.60MB / 1.02GB 633.0s
#6 sha256:4b987da45db4d6278590ab89840c7167ea397df222f3ee4cdb77c3e15694b1a9 23.07MB / 28.88MB 637.7s
#6 sha256:75a875a925df16423f26804c2d0d282f2b1fe5f38bc153d2ba5c2fcd9a66e667 813.69MB / 1.02GB 638.1s
#6 sha256:4b987da45db4d6278590ab89840c7167ea397df222f3ee4cdb77c3e15694b1a9 23.07MB / 28.88MB 642.8s
#6 sha256:75a875a925df16423f26804c2d0d282f2b1fe5f38bc153d2ba5c2fcd9a66e667 816.84MB / 1.02GB 643.2s
#6 sha256:4b987da45db4d6278590ab89840c7167ea397df222f3ee4cdb77c3e15694b1a9 23.07MB / 28.88MB 647.9s
#6 sha256:75a875a925df16423f26804c2d0d282f2b1fe5f38bc153d2ba5c2fcd9a66e667 822.08MB / 1.02GB 648.3s
#6 sha256:4b987da45db4d6278590ab89840c7167ea397df222f3ee4cdb77c3e15694b1a9 24.12MB / 28.88MB 653.0s
#6 sha256:75a875a925df16423f26804c2d0d282f2b1fe5f38bc153d2ba5c2fcd9a66e667 824.18MB / 1.02GB 653.4s
#6 sha256:4b987da45db4d6278590ab89840c7167ea397df222f3ee4cdb77c3e15694b1a9 24.12MB / 28.88MB 658.1s
#6 sha256:75a875a925df16423f26804c2d0d282f2b1fe5f38bc153d2ba5c2fcd9a66e667 827.33MB / 1.02GB 658.5s
#6 sha256:4b987da45db4d6278590ab89840c7167ea397df222f3ee4cdb77c3e15694b1a9 24.12MB / 28.88MB 663.2s
#6 sha256:75a875a925df16423f26804c2d0d282f2b1fe5f38bc153d2ba5c2fcd9a66e667 829.42MB / 1.02GB 663.6s
#6 sha256:4b987da45db4d6278590ab89840c7167ea397df222f3ee4cdb77c3e15694b1a9 24.12MB / 28.88MB 668.3s
#6 sha256:75a875a925df16423f26804c2d0d282f2b1fe5f38bc153d2ba5c2fcd9a66e667 831.52MB / 1.02GB 668.7s
#6 sha256:4b987da45db4d6278590ab89840c7167ea397df222f3ee4cdb77c3e15694b1a9 24.12MB / 28.88MB 673.4s
#6 sha256:75a875a925df16423f26804c2d0d282f2b1fe5f38bc153d2ba5c2fcd9a66e667 832.57MB / 1.02GB 673.8s
#6 sha256:4b987da45db4d6278590ab89840c7167ea397df222f3ee4cdb77c3e15694b1a9 24.12MB / 28.88MB 678.5s
#6 sha256:75a875a925df16423f26804c2d0d282f2b1fe5f38bc153d2ba5c2fcd9a66e667 835.72MB / 1.02GB 678.9s
#6 sha256:4b987da45db4d6278590ab89840c7167ea397df222f3ee4cdb77c3e15694b1a9 24.12MB / 28.88MB 683.6s
#6 sha256:75a875a925df16423f26804c2d0d282f2b1fe5f38bc153d2ba5c2fcd9a66e667 837.81MB / 1.02GB 684.0s
#6 sha256:4b987da45db4d6278590ab89840c7167ea397df222f3ee4cdb77c3e15694b1a9 25.17MB / 28.88MB 688.7s
#6 sha256:75a875a925df16423f26804c2d0d282f2b1fe5f38bc153d2ba5c2fcd9a66e667 837.81MB / 1.02GB 689.1s
#6 sha256:4b987da45db4d6278590ab89840c7167ea397df222f3ee4cdb77c3e15694b1a9 25.17MB / 28.88MB 693.8s
#6 sha256:75a875a925df16423f26804c2d0d282f2b1fe5f38bc153d2ba5c2fcd9a66e667 839.91MB / 1.02GB 694.2s
#6 sha256:4b987da45db4d6278590ab89840c7167ea397df222f3ee4cdb77c3e15694b1a9 25.17MB / 28.88MB 698.9s
#6 sha256:75a875a925df16423f26804c2d0d282f2b1fe5f38bc153d2ba5c2fcd9a66e667 840.96MB / 1.02GB 699.3s
#6 sha256:4b987da45db4d6278590ab89840c7167ea397df222f3ee4cdb77c3e15694b1a9 25.17MB / 28.88MB 704.0s
#6 sha256:75a875a925df16423f26804c2d0d282f2b1fe5f38bc153d2ba5c2fcd9a66e667 842.01MB / 1.02GB 704.4s
#6 sha256:4b987da45db4d6278590ab89840c7167ea397df222f3ee4cdb77c3e15694b1a9 26.21MB / 28.88MB 709.1s
#6 sha256:75a875a925df16423f26804c2d0d282f2b1fe5f38bc153d2ba5c2fcd9a66e667 843.06MB / 1.02GB 709.5s
#6 sha256:4b987da45db4d6278590ab89840c7167ea397df222f3ee4cdb77c3e15694b1a9 26.21MB / 28.88MB 714.2s
#6 sha256:75a875a925df16423f26804c2d0d282f2b1fe5f38bc153d2ba5c2fcd9a66e667 844.10MB / 1.02GB 714.6s
#6 sha256:4b987da45db4d6278590ab89840c7167ea397df222f3ee4cdb77c3e15694b1a9 26.21MB / 28.88MB 719.3s
#6 sha256:75a875a925df16423f26804c2d0d282f2b1fe5f38bc153d2ba5c2fcd9a66e667 845.15MB / 1.02GB 719.7s
#6 sha256:4b987da45db4d6278590ab89840c7167ea397df222f3ee4cdb77c3e15694b1a9 26.21MB / 28.88MB 724.4s
#6 sha256:75a875a925df16423f26804c2d0d282f2b1fe5f38bc153d2ba5c2fcd9a66e667 846.20MB / 1.02GB 724.8s
#6 sha256:4b987da45db4d6278590ab89840c7167ea397df222f3ee4cdb77c3e15694b1a9 26.21MB / 28.88MB 729.5s
#6 sha256:75a875a925df16423f26804c2d0d282f2b1fe5f38bc153d2ba5c2fcd9a66e667 848.30MB / 1.02GB 729.9s
#6 sha256:4b987da45db4d6278590ab89840c7167ea397df222f3ee4cdb77c3e15694b1a9 27.26MB / 28.88MB 734.6s
#6 sha256:75a875a925df16423f26804c2d0d282f2b1fe5f38bc153d2ba5c2fcd9a66e667 849.35MB / 1.02GB 735.0s
#6 sha256:4b987da45db4d6278590ab89840c7167ea397df222f3ee4cdb77c3e15694b1a9 27.26MB / 28.88MB 739.7s
#6 sha256:75a875a925df16423f26804c2d0d282f2b1fe5f38bc153d2ba5c2fcd9a66e667 849.35MB / 1.02GB 740.1s
#6 sha256:4b987da45db4d6278590ab89840c7167ea397df222f3ee4cdb77c3e15694b1a9 27.26MB / 28.88MB 744.8s
#6 sha256:75a875a925df16423f26804c2d0d282f2b1fe5f38bc153d2ba5c2fcd9a66e667 850.40MB / 1.02GB 745.2s
#6 sha256:4b987da45db4d6278590ab89840c7167ea397df222f3ee4cdb77c3e15694b1a9 27.26MB / 28.88MB 750.0s
#6 sha256:75a875a925df16423f26804c2d0d282f2b1fe5f38bc153d2ba5c2fcd9a66e667 852.49MB / 1.02GB 750.3s
#6 sha256:4b987da45db4d6278590ab89840c7167ea397df222f3ee4cdb77c3e15694b1a9 27.26MB / 28.88MB 755.1s
#6 sha256:75a875a925df16423f26804c2d0d282f2b1fe5f38bc153d2ba5c2fcd9a66e667 853.54MB / 1.02GB 755.4s
#6 sha256:4b987da45db4d6278590ab89840c7167ea397df222f3ee4cdb77c3e15694b1a9 28.31MB / 28.88MB 760.2s
#6 sha256:75a875a925df16423f26804c2d0d282f2b1fe5f38bc153d2ba5c2fcd9a66e667 854.59MB / 1.02GB 760.5s
#6 sha256:4b987da45db4d6278590ab89840c7167ea397df222f3ee4cdb77c3e15694b1a9 28.31MB / 28.88MB 765.3s
#6 sha256:75a875a925df16423f26804c2d0d282f2b1fe5f38bc153d2ba5c2fcd9a66e667 854.59MB / 1.02GB 765.6s
#6 sha256:4b987da45db4d6278590ab89840c7167ea397df222f3ee4cdb77c3e15694b1a9 28.88MB / 28.88MB 766.5s done
#6 extracting sha256:4b987da45db4d6278590ab89840c7167ea397df222f3ee4cdb77c3e15694b1a9
#6 extracting sha256:4b987da45db4d6278590ab89840c7167ea397df222f3ee4cdb77c3e15694b1a9 0.3s done
#6 extracting sha256:10372718a536908cb56316d7edcd67b0c71bc925ce0070c6e894cb05376a3ada
#6 extracting sha256:10372718a536908cb56316d7edcd67b0c71bc925ce0070c6e894cb05376a3ada 1.1s done
#6 sha256:75a875a925df16423f26804c2d0d282f2b1fe5f38bc153d2ba5c2fcd9a66e667 855.64MB / 1.02GB 770.7s
#6 sha256:75a875a925df16423f26804c2d0d282f2b1fe5f38bc153d2ba5c2fcd9a66e667 856.69MB / 1.02GB 775.8s
#6 sha256:75a875a925df16423f26804c2d0d282f2b1fe5f38bc153d2ba5c2fcd9a66e667 856.69MB / 1.02GB 780.9s
#6 sha256:75a875a925df16423f26804c2d0d282f2b1fe5f38bc153d2ba5c2fcd9a66e667 857.74MB / 1.02GB 786.0s
#6 sha256:75a875a925df16423f26804c2d0d282f2b1fe5f38bc153d2ba5c2fcd9a66e667 857.74MB / 1.02GB 791.1s
#6 sha256:75a875a925df16423f26804c2d0d282f2b1fe5f38bc153d2ba5c2fcd9a66e667 858.78MB / 1.02GB 796.2s
#6 sha256:75a875a925df16423f26804c2d0d282f2b1fe5f38bc153d2ba5c2fcd9a66e667 858.78MB / 1.02GB 801.3s
#6 sha256:75a875a925df16423f26804c2d0d282f2b1fe5f38bc153d2ba5c2fcd9a66e667 859.83MB / 1.02GB 806.4s
#6 sha256:75a875a925df16423f26804c2d0d282f2b1fe5f38bc153d2ba5c2fcd9a66e667 860.88MB / 1.02GB 811.5s
#6 sha256:75a875a925df16423f26804c2d0d282f2b1fe5f38bc153d2ba5c2fcd9a66e667 861.93MB / 1.02GB 816.6s
#6 sha256:75a875a925df16423f26804c2d0d282f2b1fe5f38bc153d2ba5c2fcd9a66e667 862.98MB / 1.02GB 821.7s
#6 sha256:75a875a925df16423f26804c2d0d282f2b1fe5f38bc153d2ba5c2fcd9a66e667 864.03MB / 1.02GB 826.8s
#6 sha256:75a875a925df16423f26804c2d0d282f2b1fe5f38bc153d2ba5c2fcd9a66e667 865.08MB / 1.02GB 831.9s
#6 sha256:75a875a925df16423f26804c2d0d282f2b1fe5f38bc153d2ba5c2fcd9a66e667 866.12MB / 1.02GB 837.0s
#6 sha256:75a875a925df16423f26804c2d0d282f2b1fe5f38bc153d2ba5c2fcd9a66e667 866.12MB / 1.02GB 842.1s
#6 sha256:75a875a925df16423f26804c2d0d282f2b1fe5f38bc153d2ba5c2fcd9a66e667 866.12MB / 1.02GB 847.2s
#6 sha256:75a875a925df16423f26804c2d0d282f2b1fe5f38bc153d2ba5c2fcd9a66e667 867.17MB / 1.02GB 852.3s
#6 sha256:75a875a925df16423f26804c2d0d282f2b1fe5f38bc153d2ba5c2fcd9a66e667 867.17MB / 1.02GB 857.4s
#6 sha256:75a875a925df16423f26804c2d0d282f2b1fe5f38bc153d2ba5c2fcd9a66e667 867.17MB / 1.02GB 862.5s
#6 sha256:75a875a925df16423f26804c2d0d282f2b1fe5f38bc153d2ba5c2fcd9a66e667 868.22MB / 1.02GB 867.6s
#6 sha256:75a875a925df16423f26804c2d0d282f2b1fe5f38bc153d2ba5c2fcd9a66e667 868.22MB / 1.02GB 872.7s
#6 sha256:75a875a925df16423f26804c2d0d282f2b1fe5f38bc153d2ba5c2fcd9a66e667 869.27MB / 1.02GB 877.8s
#6 sha256:75a875a925df16423f26804c2d0d282f2b1fe5f38bc153d2ba5c2fcd9a66e667 870.32MB / 1.02GB 882.9s
#6 sha256:75a875a925df16423f26804c2d0d282f2b1fe5f38bc153d2ba5c2fcd9a66e667 870.32MB / 1.02GB 888.0s
#6 sha256:75a875a925df16423f26804c2d0d282f2b1fe5f38bc153d2ba5c2fcd9a66e667 871.37MB / 1.02GB 893.1s
#6 sha256:75a875a925df16423f26804c2d0d282f2b1fe5f38bc153d2ba5c2fcd9a66e667 871.37MB / 1.02GB 898.2s
#6 sha256:75a875a925df16423f26804c2d0d282f2b1fe5f38bc153d2ba5c2fcd9a66e667 872.42MB / 1.02GB 903.3s
#6 sha256:75a875a925df16423f26804c2d0d282f2b1fe5f38bc153d2ba5c2fcd9a66e667 875.56MB / 1.02GB 908.4s
#6 sha256:75a875a925df16423f26804c2d0d282f2b1fe5f38bc153d2ba5c2fcd9a66e667 878.71MB / 1.02GB 913.5s
#6 sha256:75a875a925df16423f26804c2d0d282f2b1fe5f38bc153d2ba5c2fcd9a66e667 883.95MB / 1.02GB 918.6s
#6 sha256:75a875a925df16423f26804c2d0d282f2b1fe5f38bc153d2ba5c2fcd9a66e667 891.29MB / 1.02GB 923.7s
#6 sha256:75a875a925df16423f26804c2d0d282f2b1fe5f38bc153d2ba5c2fcd9a66e667 907.02MB / 1.02GB 928.8s
#6 sha256:75a875a925df16423f26804c2d0d282f2b1fe5f38bc153d2ba5c2fcd9a66e667 920.65MB / 1.02GB 933.9s
#6 sha256:75a875a925df16423f26804c2d0d282f2b1fe5f38bc153d2ba5c2fcd9a66e667 937.43MB / 1.02GB 939.0s
#6 sha256:75a875a925df16423f26804c2d0d282f2b1fe5f38bc153d2ba5c2fcd9a66e667 952.11MB / 1.02GB 944.1s
#6 sha256:75a875a925df16423f26804c2d0d282f2b1fe5f38bc153d2ba5c2fcd9a66e667 972.03MB / 1.02GB 949.2s
#6 sha256:75a875a925df16423f26804c2d0d282f2b1fe5f38bc153d2ba5c2fcd9a66e667 985.66MB / 1.02GB 954.3s
#6 sha256:75a875a925df16423f26804c2d0d282f2b1fe5f38bc153d2ba5c2fcd9a66e667 993.00MB / 1.02GB 959.4s
#6 sha256:75a875a925df16423f26804c2d0d282f2b1fe5f38bc153d2ba5c2fcd9a66e667 996.15MB / 1.02GB 964.5s
#6 sha256:75a875a925df16423f26804c2d0d282f2b1fe5f38bc153d2ba5c2fcd9a66e667 997.20MB / 1.02GB 969.6s
#6 sha256:75a875a925df16423f26804c2d0d282f2b1fe5f38bc153d2ba5c2fcd9a66e667 997.20MB / 1.02GB 974.7s
#6 sha256:75a875a925df16423f26804c2d0d282f2b1fe5f38bc153d2ba5c2fcd9a66e667 998.24MB / 1.02GB 979.8s
#6 sha256:75a875a925df16423f26804c2d0d282f2b1fe5f38bc153d2ba5c2fcd9a66e667 998.24MB / 1.02GB 984.9s
#6 sha256:75a875a925df16423f26804c2d0d282f2b1fe5f38bc153d2ba5c2fcd9a66e667 998.24MB / 1.02GB 990.0s
#6 sha256:75a875a925df16423f26804c2d0d282f2b1fe5f38bc153d2ba5c2fcd9a66e667 998.24MB / 1.02GB 995.1s
#6 sha256:75a875a925df16423f26804c2d0d282f2b1fe5f38bc153d2ba5c2fcd9a66e667 999.29MB / 1.02GB 1000.2s
#6 sha256:75a875a925df16423f26804c2d0d282f2b1fe5f38bc153d2ba5c2fcd9a66e667 999.29MB / 1.02GB 1005.3s
#6 sha256:75a875a925df16423f26804c2d0d282f2b1fe5f38bc153d2ba5c2fcd9a66e667 999.29MB / 1.02GB 1010.4s
#6 sha256:75a875a925df16423f26804c2d0d282f2b1fe5f38bc153d2ba5c2fcd9a66e667 999.29MB / 1.02GB 1015.5s
#6 sha256:75a875a925df16423f26804c2d0d282f2b1fe5f38bc153d2ba5c2fcd9a66e667 999.29MB / 1.02GB 1020.6s
#6 sha256:75a875a925df16423f26804c2d0d282f2b1fe5f38bc153d2ba5c2fcd9a66e667 1.00GB / 1.02GB 1025.7s
#6 sha256:75a875a925df16423f26804c2d0d282f2b1fe5f38bc153d2ba5c2fcd9a66e667 1.00GB / 1.02GB 1030.8s
#6 sha256:75a875a925df16423f26804c2d0d282f2b1fe5f38bc153d2ba5c2fcd9a66e667 1.00GB / 1.02GB 1035.9s
#6 sha256:75a875a925df16423f26804c2d0d282f2b1fe5f38bc153d2ba5c2fcd9a66e667 1.00GB / 1.02GB 1041.0s
#6 sha256:75a875a925df16423f26804c2d0d282f2b1fe5f38bc153d2ba5c2fcd9a66e667 1.00GB / 1.02GB 1046.1s
#6 sha256:75a875a925df16423f26804c2d0d282f2b1fe5f38bc153d2ba5c2fcd9a66e667 1.00GB / 1.02GB 1051.2s
#6 sha256:75a875a925df16423f26804c2d0d282f2b1fe5f38bc153d2ba5c2fcd9a66e667 1.00GB / 1.02GB 1056.3s
#6 sha256:75a875a925df16423f26804c2d0d282f2b1fe5f38bc153d2ba5c2fcd9a66e667 1.00GB / 1.02GB 1061.4s
#6 sha256:75a875a925df16423f26804c2d0d282f2b1fe5f38bc153d2ba5c2fcd9a66e667 1.00GB / 1.02GB 1066.5s
#6 sha256:75a875a925df16423f26804c2d0d282f2b1fe5f38bc153d2ba5c2fcd9a66e667 1.00GB / 1.02GB 1071.6s
#6 sha256:75a875a925df16423f26804c2d0d282f2b1fe5f38bc153d2ba5c2fcd9a66e667 1.00GB / 1.02GB 1076.7s
#6 sha256:75a875a925df16423f26804c2d0d282f2b1fe5f38bc153d2ba5c2fcd9a66e667 1.00GB / 1.02GB 1081.8s
#6 sha256:75a875a925df16423f26804c2d0d282f2b1fe5f38bc153d2ba5c2fcd9a66e667 1.00GB / 1.02GB 1086.9s
#6 sha256:75a875a925df16423f26804c2d0d282f2b1fe5f38bc153d2ba5c2fcd9a66e667 1.00GB / 1.02GB 1092.0s
#6 sha256:75a875a925df16423f26804c2d0d282f2b1fe5f38bc153d2ba5c2fcd9a66e667 1.00GB / 1.02GB 1097.1s
#6 sha256:75a875a925df16423f26804c2d0d282f2b1fe5f38bc153d2ba5c2fcd9a66e667 1.00GB / 1.02GB 1102.2s
#6 sha256:75a875a925df16423f26804c2d0d282f2b1fe5f38bc153d2ba5c2fcd9a66e667 1.00GB / 1.02GB 1107.3s
#6 sha256:75a875a925df16423f26804c2d0d282f2b1fe5f38bc153d2ba5c2fcd9a66e667 1.00GB / 1.02GB 1112.4s
#6 sha256:75a875a925df16423f26804c2d0d282f2b1fe5f38bc153d2ba5c2fcd9a66e667 1.00GB / 1.02GB 1117.5s
#6 sha256:75a875a925df16423f26804c2d0d282f2b1fe5f38bc153d2ba5c2fcd9a66e667 1.00GB / 1.02GB 1122.6s
#6 sha256:75a875a925df16423f26804c2d0d282f2b1fe5f38bc153d2ba5c2fcd9a66e667 1.00GB / 1.02GB 1127.7s
#6 sha256:75a875a925df16423f26804c2d0d282f2b1fe5f38bc153d2ba5c2fcd9a66e667 1.01GB / 1.02GB 1132.8s
#6 sha256:75a875a925df16423f26804c2d0d282f2b1fe5f38bc153d2ba5c2fcd9a66e667 1.01GB / 1.02GB 1137.9s
#6 sha256:75a875a925df16423f26804c2d0d282f2b1fe5f38bc153d2ba5c2fcd9a66e667 1.01GB / 1.02GB 1143.0s
#6 sha256:75a875a925df16423f26804c2d0d282f2b1fe5f38bc153d2ba5c2fcd9a66e667 1.01GB / 1.02GB 1148.1s
#6 sha256:75a875a925df16423f26804c2d0d282f2b1fe5f38bc153d2ba5c2fcd9a66e667 1.01GB / 1.02GB 1153.2s
#6 sha256:75a875a925df16423f26804c2d0d282f2b1fe5f38bc153d2ba5c2fcd9a66e667 1.01GB / 1.02GB 1158.3s
#6 sha256:75a875a925df16423f26804c2d0d282f2b1fe5f38bc153d2ba5c2fcd9a66e667 1.01GB / 1.02GB 1163.4s
#6 sha256:75a875a925df16423f26804c2d0d282f2b1fe5f38bc153d2ba5c2fcd9a66e667 1.01GB / 1.02GB 1168.5s
#6 sha256:75a875a925df16423f26804c2d0d282f2b1fe5f38bc153d2ba5c2fcd9a66e667 1.01GB / 1.02GB 1173.6s
#6 sha256:75a875a925df16423f26804c2d0d282f2b1fe5f38bc153d2ba5c2fcd9a66e667 1.01GB / 1.02GB 1178.7s
#6 sha256:75a875a925df16423f26804c2d0d282f2b1fe5f38bc153d2ba5c2fcd9a66e667 1.01GB / 1.02GB 1183.8s
#6 sha256:75a875a925df16423f26804c2d0d282f2b1fe5f38bc153d2ba5c2fcd9a66e667 1.01GB / 1.02GB 1188.9s
#6 sha256:75a875a925df16423f26804c2d0d282f2b1fe5f38bc153d2ba5c2fcd9a66e667 1.01GB / 1.02GB 1194.0s
#6 sha256:75a875a925df16423f26804c2d0d282f2b1fe5f38bc153d2ba5c2fcd9a66e667 1.01GB / 1.02GB 1199.1s
#6 sha256:75a875a925df16423f26804c2d0d282f2b1fe5f38bc153d2ba5c2fcd9a66e667 1.01GB / 1.02GB 1204.2s
#6 sha256:75a875a925df16423f26804c2d0d282f2b1fe5f38bc153d2ba5c2fcd9a66e667 1.01GB / 1.02GB 1209.3s
#6 sha256:75a875a925df16423f26804c2d0d282f2b1fe5f38bc153d2ba5c2fcd9a66e667 1.01GB / 1.02GB 1214.4s
#6 sha256:75a875a925df16423f26804c2d0d282f2b1fe5f38bc153d2ba5c2fcd9a66e667 1.01GB / 1.02GB 1219.5s
#6 sha256:75a875a925df16423f26804c2d0d282f2b1fe5f38bc153d2ba5c2fcd9a66e667 1.01GB / 1.02GB 1224.6s
#6 sha256:75a875a925df16423f26804c2d0d282f2b1fe5f38bc153d2ba5c2fcd9a66e667 1.01GB / 1.02GB 1229.7s
#6 sha256:75a875a925df16423f26804c2d0d282f2b1fe5f38bc153d2ba5c2fcd9a66e667 1.01GB / 1.02GB 1234.8s
#6 sha256:75a875a925df16423f26804c2d0d282f2b1fe5f38bc153d2ba5c2fcd9a66e667 1.01GB / 1.02GB 1239.9s
#6 sha256:75a875a925df16423f26804c2d0d282f2b1fe5f38bc153d2ba5c2fcd9a66e667 1.01GB / 1.02GB 1245.0s
#6 sha256:75a875a925df16423f26804c2d0d282f2b1fe5f38bc153d2ba5c2fcd9a66e667 1.01GB / 1.02GB 1250.1s
#6 sha256:75a875a925df16423f26804c2d0d282f2b1fe5f38bc153d2ba5c2fcd9a66e667 1.01GB / 1.02GB 1255.2s
#6 sha256:75a875a925df16423f26804c2d0d282f2b1fe5f38bc153d2ba5c2fcd9a66e667 1.01GB / 1.02GB 1260.3s
#6 sha256:75a875a925df16423f26804c2d0d282f2b1fe5f38bc153d2ba5c2fcd9a66e667 1.01GB / 1.02GB 1265.4s
#6 sha256:75a875a925df16423f26804c2d0d282f2b1fe5f38bc153d2ba5c2fcd9a66e667 1.01GB / 1.02GB 1270.5s
#6 sha256:75a875a925df16423f26804c2d0d282f2b1fe5f38bc153d2ba5c2fcd9a66e667 1.01GB / 1.02GB 1275.6s
#6 sha256:75a875a925df16423f26804c2d0d282f2b1fe5f38bc153d2ba5c2fcd9a66e667 1.01GB / 1.02GB 1280.7s
#6 sha256:75a875a925df16423f26804c2d0d282f2b1fe5f38bc153d2ba5c2fcd9a66e667 1.01GB / 1.02GB 1285.8s
#6 sha256:75a875a925df16423f26804c2d0d282f2b1fe5f38bc153d2ba5c2fcd9a66e667 1.01GB / 1.02GB 1290.9s
#6 sha256:75a875a925df16423f26804c2d0d282f2b1fe5f38bc153d2ba5c2fcd9a66e667 1.01GB / 1.02GB 1296.0s
#6 sha256:75a875a925df16423f26804c2d0d282f2b1fe5f38bc153d2ba5c2fcd9a66e667 1.01GB / 1.02GB 1301.1s
#6 sha256:75a875a925df16423f26804c2d0d282f2b1fe5f38bc153d2ba5c2fcd9a66e667 1.01GB / 1.02GB 1306.2s
#6 sha256:75a875a925df16423f26804c2d0d282f2b1fe5f38bc153d2ba5c2fcd9a66e667 1.01GB / 1.02GB 1311.3s
#6 sha256:75a875a925df16423f26804c2d0d282f2b1fe5f38bc153d2ba5c2fcd9a66e667 1.01GB / 1.02GB 1316.4s
#6 sha256:75a875a925df16423f26804c2d0d282f2b1fe5f38bc153d2ba5c2fcd9a66e667 1.01GB / 1.02GB 1321.5s
#6 sha256:75a875a925df16423f26804c2d0d282f2b1fe5f38bc153d2ba5c2fcd9a66e667 1.01GB / 1.02GB 1326.6s
#6 sha256:75a875a925df16423f26804c2d0d282f2b1fe5f38bc153d2ba5c2fcd9a66e667 1.01GB / 1.02GB 1331.7s
#6 sha256:75a875a925df16423f26804c2d0d282f2b1fe5f38bc153d2ba5c2fcd9a66e667 1.01GB / 1.02GB 1336.8s
#6 sha256:75a875a925df16423f26804c2d0d282f2b1fe5f38bc153d2ba5c2fcd9a66e667 1.01GB / 1.02GB 1341.9s
