^D#0 building with "desktop-linux" instance using docker driver

#1 [internal] load build definition from Dockerfile
#1 transferring dockerfile: 3.80kB done
#1 DONE 0.0s

#2 resolve image config for docker-image://docker.io/docker/dockerfile:1.7
#2 DONE 0.9s

#3 docker-image://docker.io/docker/dockerfile:1.7@sha256:a57df69d0ea827fb7266491f2813635de6f17269be881f696fbfdf2d83dda33e
#3 resolve docker.io/docker/dockerfile:1.7@sha256:a57df69d0ea827fb7266491f2813635de6f17269be881f696fbfdf2d83dda33e done
#3 CACHED

#4 [internal] load metadata for docker.io/library/swift:6.2-noble@sha256:dd349c6dfc3cd3040910a84ab3e5bd5d08efdd547e5fb9f77b765abed16fe5ff
#4 DONE 0.0s

#5 [internal] load .dockerignore
#5 transferring context: 2B done
#5 DONE 0.0s

#6 [internal] load build context
#6 DONE 0.0s

#7 [stage-0 1/6] FROM docker.io/library/swift:6.2-noble@sha256:dd349c6dfc3cd3040910a84ab3e5bd5d08efdd547e5fb9f77b765abed16fe5ff
#7 resolve docker.io/library/swift:6.2-noble@sha256:dd349c6dfc3cd3040910a84ab3e5bd5d08efdd547e5fb9f77b765abed16fe5ff done
#7 DONE 0.0s

#6 [internal] load build context
#6 transferring context: 6.21kB done
#6 DONE 0.0s

#8 [stage-0 2/6] RUN --mount=type=cache,target=/var/cache/apt,sharing=locked     apt-get -o Acquire::Retries=5 -o Acquire::http::Timeout=30 update     && apt-get -o Acquire::Retries=5 -o Acquire::http::Timeout=30 install -y --no-install-recommends         apt-transport-https         build-essential         ca-certificates         cargo         curl         dbus         dbus-x11         desktop-file-utils         dpkg-dev         fakeroot         file         git         gnupg         jq         libayatana-appindicator3-dev         libatspi2.0-dev         libei-dev         libgtk-3-dev         libkf5wallet-dev         libpipewire-0.3-dev         libsecret-1-dev         libreadline-dev         libsqlite3-dev         libssl-dev         libwebkit2gtk-4.1-dev         libx11-dev         libxcb1-dev         libxkbcommon-dev         libxrandr-dev         nodejs         npm         patchelf         pipewire         pkg-config         rpm         rustc         sqlite3         tcl         xdg-desktop-portal         xdg-desktop-portal-gtk         xz-utils         zlib1g-dev     && rm -rf /var/lib/apt/lists/*
#8 CACHED

#9 [stage-0 3/6] RUN set -eux;     mkdir -p /usr/local/share/openburnbar "/opt/openburnbar/sqlcipher";     curl -fsSLo /tmp/sqlcipher.tar.gz "https://github.com/sqlcipher/sqlcipher/archive/refs/tags/v4.5.6.tar.gz";     echo "e4a527e38e67090c1d2dc41df28270d16c15f7ca5210a3e7ec4c4b8fda36e28f  /tmp/sqlcipher.tar.gz" > /tmp/sqlcipher.tar.gz.sha256;     sha256sum -c /tmp/sqlcipher.tar.gz.sha256;     mkdir -p /tmp/sqlcipher-src;     tar -xzf /tmp/sqlcipher.tar.gz --strip-components=1 -C /tmp/sqlcipher-src;     cd /tmp/sqlcipher-src;     ./configure         --prefix="/opt/openburnbar/sqlcipher"         --enable-tempstore=yes         --enable-fts3         --enable-fts4         --enable-fts5         --enable-rtree         --with-crypto-lib=openssl         CFLAGS="-O2 -fPIC -DSQLITE_HAS_CODEC -DSQLITE_ENABLE_COLUMN_METADATA -DSQLITE_ENABLE_DBSTAT_VTAB -DSQLITE_ENABLE_STAT4"         LDFLAGS="-lcrypto";     make -j"$(nproc)";     make install;     echo "/opt/openburnbar/sqlcipher/lib" > /etc/ld.so.conf.d/openburnbar-sqlcipher.conf;     ldconfig;     {         echo "sqlcipher_version=4.5.6";         echo "source_url=https://github.com/sqlcipher/sqlcipher/archive/refs/tags/v4.5.6.tar.gz";         echo "source_sha256=e4a527e38e67090c1d2dc41df28270d16c15f7ca5210a3e7ec4c4b8fda36e28f";         echo "prefix=/opt/openburnbar/sqlcipher";         echo "configure=--enable-tempstore=yes --enable-fts3 --enable-fts4 --enable-fts5 --enable-rtree --with-crypto-lib=openssl";         echo "cflags=-O2 -fPIC -DSQLITE_HAS_CODEC -DSQLITE_ENABLE_COLUMN_METADATA -DSQLITE_ENABLE_DBSTAT_VTAB -DSQLITE_ENABLE_STAT4";         echo "ldflags=-lcrypto";     } > /usr/local/share/openburnbar/sqlcipher-build.txt;     sha256sum /tmp/sqlcipher.tar.gz > /usr/local/share/openburnbar/sqlcipher-source.sha256;     rm -rf /tmp/sqlcipher-src /tmp/sqlcipher.tar.gz /tmp/sqlcipher.tar.gz.sha256
#9 CACHED

#10 [stage-0 4/6] WORKDIR /workspace
#10 CACHED

#11 [stage-0 5/6] COPY smoke.sh /usr/local/bin/openburnbar-linux-toolchain-smoke
#11 DONE 0.0s

#12 [stage-0 6/6] RUN chmod +x /usr/local/bin/openburnbar-linux-toolchain-smoke
#12 DONE 0.1s

#13 exporting to image
#13 exporting layers 0.0s done
#13 exporting manifest sha256:b8897f4256d01476c3dfee8c178cd31ecb331040d5fe8b21c0f7cfcbc21e0911 done
#13 exporting config sha256:ebbd09630e823160ccf4d83badb5df6a1319fc9a01d2d784590098779b400676 done
#13 exporting attestation manifest sha256:c56c7bd8c2af6ba26ec0a841d99185c2e5877dfeca5182e061c529fb951e16b9 done
#13 exporting manifest list sha256:5c75b31fcae668ae0b955c071c95805f802f58d884af970a694e47b8c0ad5245 done
#13 naming to docker.io/library/openburnbar-linux-toolchain:mission-001-fts5 done
#13 unpacking to docker.io/library/openburnbar-linux-toolchain:mission-001-fts5 0.0s done
#13 DONE 0.1s
