^D#0 building with "desktop-linux" instance using docker driver

#1 [internal] load build definition from Dockerfile
#1 transferring dockerfile: 3.80kB done
#1 DONE 0.0s

#2 [auth] docker/dockerfile:pull token for registry-1.docker.io
#2 DONE 0.0s

#3 resolve image config for docker-image://docker.io/docker/dockerfile:1.7
#3 DONE 2.2s

#4 docker-image://docker.io/docker/dockerfile:1.7@sha256:a57df69d0ea827fb7266491f2813635de6f17269be881f696fbfdf2d83dda33e
#4 resolve docker.io/docker/dockerfile:1.7@sha256:a57df69d0ea827fb7266491f2813635de6f17269be881f696fbfdf2d83dda33e done
#4 CACHED

#5 [internal] load metadata for docker.io/library/swift:6.2-noble@sha256:dd349c6dfc3cd3040910a84ab3e5bd5d08efdd547e5fb9f77b765abed16fe5ff
#5 DONE 0.0s

#6 [internal] load .dockerignore
#6 transferring context: 2B done
#6 DONE 0.0s

#7 [stage-0 1/6] FROM docker.io/library/swift:6.2-noble@sha256:dd349c6dfc3cd3040910a84ab3e5bd5d08efdd547e5fb9f77b765abed16fe5ff
#7 resolve docker.io/library/swift:6.2-noble@sha256:dd349c6dfc3cd3040910a84ab3e5bd5d08efdd547e5fb9f77b765abed16fe5ff done
#7 DONE 0.0s

#8 [internal] load build context
#8 transferring context: 6.19kB done
#8 DONE 0.0s

#9 [stage-0 2/6] RUN --mount=type=cache,target=/var/cache/apt,sharing=locked     apt-get -o Acquire::Retries=5 -o Acquire::http::Timeout=30 update     && apt-get -o Acquire::Retries=5 -o Acquire::http::Timeout=30 install -y --no-install-recommends         apt-transport-https         build-essential         ca-certificates         cargo         curl         dbus         dbus-x11         desktop-file-utils         dpkg-dev         fakeroot         file         git         gnupg         jq         libayatana-appindicator3-dev         libatspi2.0-dev         libei-dev         libgtk-3-dev         libkf5wallet-dev         libpipewire-0.3-dev         libsecret-1-dev         libreadline-dev         libsqlite3-dev         libssl-dev         libwebkit2gtk-4.1-dev         libx11-dev         libxcb1-dev         libxkbcommon-dev         libxrandr-dev         nodejs         npm         patchelf         pipewire         pkg-config         rpm         rustc         sqlite3         tcl         xdg-desktop-portal         xdg-desktop-portal-gtk         xz-utils         zlib1g-dev     && rm -rf /var/lib/apt/lists/*
#9 CACHED

#10 [stage-0 3/6] RUN set -eux;     mkdir -p /usr/local/share/openburnbar "/opt/openburnbar/sqlcipher";     curl -fsSLo /tmp/sqlcipher.tar.gz "https://github.com/sqlcipher/sqlcipher/archive/refs/tags/v4.5.6.tar.gz";     echo "e4a527e38e67090c1d2dc41df28270d16c15f7ca5210a3e7ec4c4b8fda36e28f  /tmp/sqlcipher.tar.gz" > /tmp/sqlcipher.tar.gz.sha256;     sha256sum -c /tmp/sqlcipher.tar.gz.sha256;     mkdir -p /tmp/sqlcipher-src;     tar -xzf /tmp/sqlcipher.tar.gz --strip-components=1 -C /tmp/sqlcipher-src;     cd /tmp/sqlcipher-src;     ./configure         --prefix="/opt/openburnbar/sqlcipher"         --enable-tempstore=yes         --enable-fts3         --enable-fts4         --enable-fts5         --enable-rtree         --with-crypto-lib=openssl         CFLAGS="-O2 -fPIC -DSQLITE_HAS_CODEC -DSQLITE_ENABLE_COLUMN_METADATA -DSQLITE_ENABLE_DBSTAT_VTAB -DSQLITE_ENABLE_STAT4"         LDFLAGS="-lcrypto";     make -j"$(nproc)";     make install;     echo "/opt/openburnbar/sqlcipher/lib" > /etc/ld.so.conf.d/openburnbar-sqlcipher.conf;     ldconfig;     {         echo "sqlcipher_version=4.5.6";         echo "source_url=https://github.com/sqlcipher/sqlcipher/archive/refs/tags/v4.5.6.tar.gz";         echo "source_sha256=e4a527e38e67090c1d2dc41df28270d16c15f7ca5210a3e7ec4c4b8fda36e28f";         echo "prefix=/opt/openburnbar/sqlcipher";         echo "configure=--enable-tempstore=yes --enable-fts3 --enable-fts4 --enable-fts5 --enable-rtree --with-crypto-lib=openssl";         echo "cflags=-O2 -fPIC -DSQLITE_HAS_CODEC -DSQLITE_ENABLE_COLUMN_METADATA -DSQLITE_ENABLE_DBSTAT_VTAB -DSQLITE_ENABLE_STAT4";         echo "ldflags=-lcrypto";     } > /usr/local/share/openburnbar/sqlcipher-build.txt;     sha256sum /tmp/sqlcipher.tar.gz > /usr/local/share/openburnbar/sqlcipher-source.sha256;     rm -rf /tmp/sqlcipher-src /tmp/sqlcipher.tar.gz /tmp/sqlcipher.tar.gz.sha256
#10 CACHED

#11 [stage-0 4/6] WORKDIR /workspace
#11 CACHED

#12 [stage-0 5/6] COPY smoke.sh /usr/local/bin/openburnbar-linux-toolchain-smoke
#12 DONE 0.0s

#13 [stage-0 6/6] RUN chmod +x /usr/local/bin/openburnbar-linux-toolchain-smoke
#13 DONE 0.1s

#14 exporting to image
#14 exporting layers
#14 exporting layers 0.0s done
#14 exporting manifest sha256:5dadbf1e8cc73c81618adfac314ff018d55a2c1156256687d111a27173b54bc3 done
#14 exporting config sha256:ca928626f8f92d8067f55d8686f6f7da84f2f77facdae7d1e12489c1f5ad88b6 done
#14 exporting attestation manifest sha256:0522bc841e71ea007d9da511a91d766fde76ee5ed43829444749f8156d3b08d4 done
#14 exporting manifest list sha256:e60791b6e39f7051b8f059ce31c75131cb617bf4db3351049eb4cc79f6f6797e done
#14 naming to docker.io/library/openburnbar-linux-toolchain:mission-001-fts5 done
#14 unpacking to docker.io/library/openburnbar-linux-toolchain:mission-001-fts5 0.0s done
#14 DONE 0.1s
