  OpenBurnBar.Particles -> C:\candidate-7c36229823-rehearsal4\windows\particles\OpenBurnBar.Particles\bin\Release\net8.0\OpenBurnBar.Particles.dll
  OpenBurnBar.Pretext -> C:\candidate-7c36229823-rehearsal4\windows\pretext\OpenBurnBar.Pretext\bin\Release\net8.0\OpenBurnBar.Pretext.dll
  OpenBurnBar.App.Settings -> C:\candidate-7c36229823-rehearsal4\windows\app\OpenBurnBar.App.Settings\bin\Release\net8.0\OpenBurnBar.App.Settings.dll
  OpenBurnBar.Storage -> C:\candidate-7c36229823-rehearsal4\windows\storage\OpenBurnBar.Storage\bin\Release\net8.0\OpenBurnBar.Storage.dll
  OpenBurnBar.App.Presentation -> C:\candidate-7c36229823-rehearsal4\windows\app\OpenBurnBar.App.Presentation\bin\Release\net8.0\OpenBurnBar.App.Presentation.dll
  OpenBurnBar.App.TextExpansion -> C:\candidate-7c36229823-rehearsal4\windows\app\OpenBurnBar.App.TextExpansion\bin\Release\net8.0\OpenBurnBar.App.TextExpansion.dll
  OpenBurnBar.App.ManagedAgentRuntime -> C:\candidate-7c36229823-rehearsal4\windows\app\OpenBurnBar.App.ManagedAgentRuntime\bin\Release\net8.0\OpenBurnBar.App.ManagedAgentRuntime.dll
  OpenBurnBar.App.Configuration -> C:\candidate-7c36229823-rehearsal4\windows\app\OpenBurnBar.App.Configuration\bin\Release\net8.0\OpenBurnBar.App.Configuration.dll
  OpenBurnBar.App.Quota.Acquisition -> C:\candidate-7c36229823-rehearsal4\windows\app\OpenBurnBar.App.Quota.Acquisition\bin\Release\net8.0\OpenBurnBar.App.Quota.Acquisition.dll
  OpenBurnBar.App.CursorConnector -> C:\candidate-7c36229823-rehearsal4\windows\app\OpenBurnBar.App.CursorConnector\bin\Release\net8.0\OpenBurnBar.App.CursorConnector.dll
  OpenBurnBar.ComputerUse.Core -> C:\candidate-7c36229823-rehearsal4\windows\computeruse\OpenBurnBar.ComputerUse.Core\bin\Release\net8.0\OpenBurnBar.ComputerUse.Core.dll
  OpenBurnBar.App.Settings.ViewModels -> C:\candidate-7c36229823-rehearsal4\windows\app\OpenBurnBar.App.Settings.ViewModels\bin\Release\net8.0\OpenBurnBar.App.Settings.ViewModels.dll
  OpenBurnBar.App.UsageRuntime -> C:\candidate-7c36229823-rehearsal4\windows\app\OpenBurnBar.App.UsageRuntime\bin\Release\net8.0\OpenBurnBar.App.UsageRuntime.dll
  OpenBurnBar.CloudSync -> C:\candidate-7c36229823-rehearsal4\windows\cloudsync\OpenBurnBar.CloudSync\bin\Release\net8.0\OpenBurnBar.CloudSync.dll
  OpenBurnBar.CloudSync.Crypto -> C:\candidate-7c36229823-rehearsal4\windows\cloudsync\OpenBurnBar.CloudSync.Crypto\bin\Release\net8.0\OpenBurnBar.CloudSync.Crypto.dll
  OpenBurnBar.CloudSync.AppCheck -> C:\candidate-7c36229823-rehearsal4\windows\cloudsync\appcheck\OpenBurnBar.CloudSync.AppCheck\bin\Release\net8.0\OpenBurnBar.CloudSync.AppCheck.dll
  OpenBurnBar.App.CloudSync -> C:\candidate-7c36229823-rehearsal4\windows\app\OpenBurnBar.App.CloudSync\bin\Release\net8.0\OpenBurnBar.App.CloudSync.dll
  OpenBurnBar.Updater.Core -> C:\candidate-7c36229823-rehearsal4\windows\packaging\updater\OpenBurnBar.Updater.Core\bin\Release\net8.0\OpenBurnBar.Updater.Core.dll
  OpenBurnBar.Updater.Windows -> C:\candidate-7c36229823-rehearsal4\windows\packaging\updater\OpenBurnBar.Updater.Windows\bin\Release\net8.0-windows\OpenBurnBar.Updater.Windows.dll
  OpenBurnBar.App.Quota.Acquisition.Windows -> C:\candidate-7c36229823-rehearsal4\windows\app\OpenBurnBar.App.Quota.Acquisition.Windows\bin\Release\net8.0\OpenBurnBar.App.Quota.Acquisition.Windows.dll
  OpenBurnBar.App.Dashboard -> C:\candidate-7c36229823-rehearsal4\windows\app\OpenBurnBar.App.Dashboard\bin\Release\net8.0\OpenBurnBar.App.Dashboard.dll
  OpenBurnBar.App.Pet -> C:\candidate-7c36229823-rehearsal4\windows\app\OpenBurnBar.App.Pet\bin\Release\net8.0\OpenBurnBar.App.Pet.dll
  OpenBurnBar.Pal.Overlay -> C:\candidate-7c36229823-rehearsal4\windows\pal\overlay\bin\Release\net8.0\OpenBurnBar.Pal.Overlay.dll
  OpenBurnBar.Dist.Hardening -> C:\candidate-7c36229823-rehearsal4\windows\dist\OpenBurnBar.Dist.Hardening\bin\Release\net8.0\OpenBurnBar.Dist.Hardening.dll
  OpenBurnBar.Pal.Ipc -> C:\candidate-7c36229823-rehearsal4\windows\pal\ipc\bin\Release\net8.0\OpenBurnBar.Pal.Ipc.dll
  OpenBurnBar.Pal.Ipc.Windows -> C:\candidate-7c36229823-rehearsal4\windows\pal\ipc-windows\bin\Release\net8.0\OpenBurnBar.Pal.Ipc.Windows.dll
C:\candidate-7c36229823-rehearsal4\windows\app\OpenBurnBar.App\DataControlCenter\MercuryBasinHost.cs(43,12): warning CS8305: 'Microsoft.Graphics.Canvas.UI.Xaml.CanvasAnimatedControl' is for evaluation purposes only and is subject to change or removal in future updates. [C:\candidate-7c36229823-rehearsal4\windows\app\OpenBurnBar.App\OpenBurnBar.App.csproj]
C:\candidate-7c36229823-rehearsal4\windows\app\OpenBurnBar.App\Particles\SwarmCanvasHost.cs(56,12): warning CS8305: 'Microsoft.Graphics.Canvas.UI.Xaml.CanvasAnimatedControl' is for evaluation purposes only and is subject to change or removal in future updates. [C:\candidate-7c36229823-rehearsal4\windows\app\OpenBurnBar.App\OpenBurnBar.App.csproj]
C:\candidate-7c36229823-rehearsal4\windows\app\OpenBurnBar.App\Particles\SwarmCanvasHost.cs(71,36): warning CS8305: 'Microsoft.Graphics.Canvas.UI.Xaml.CanvasAnimatedControl' is for evaluation purposes only and is subject to change or removal in future updates. [C:\candidate-7c36229823-rehearsal4\windows\app\OpenBurnBar.App\OpenBurnBar.App.csproj]
C:\candidate-7c36229823-rehearsal4\windows\app\OpenBurnBar.App\Dashboard\DashboardBackdrop.cs(49,12): warning CS8305: 'Microsoft.Graphics.Canvas.UI.Xaml.CanvasAnimatedControl' is for evaluation purposes only and is subject to change or removal in future updates. [C:\candidate-7c36229823-rehearsal4\windows\app\OpenBurnBar.App\OpenBurnBar.App.csproj]
C:\candidate-7c36229823-rehearsal4\windows\app\OpenBurnBar.App\Dashboard\EasterEggCanvasHost.cs(46,12): warning CS8305: 'Microsoft.Graphics.Canvas.UI.Xaml.CanvasAnimatedControl' is for evaluation purposes only and is subject to change or removal in future updates. [C:\candidate-7c36229823-rehearsal4\windows\app\OpenBurnBar.App\OpenBurnBar.App.csproj]
C:\candidate-7c36229823-rehearsal4\windows\app\OpenBurnBar.App\Dashboard\EasterEggCanvasHost.cs(27,22): warning CS8305: 'Microsoft.Graphics.Canvas.UI.Xaml.CanvasAnimatedControl' is for evaluation purposes only and is subject to change or removal in future updates. [C:\candidate-7c36229823-rehearsal4\windows\app\OpenBurnBar.App\OpenBurnBar.App.csproj]
C:\candidate-7c36229823-rehearsal4\windows\app\OpenBurnBar.App\DataControlCenter\MercuryBasinHost.cs(35,23): warning CS8305: 'Microsoft.Graphics.Canvas.UI.Xaml.CanvasAnimatedControl' is for evaluation purposes only and is subject to change or removal in future updates. [C:\candidate-7c36229823-rehearsal4\windows\app\OpenBurnBar.App\OpenBurnBar.App.csproj]
C:\candidate-7c36229823-rehearsal4\windows\app\OpenBurnBar.App\Dashboard\EasterEggCanvasHost.cs(36,24): warning CS8305: 'Microsoft.Graphics.Canvas.UI.Xaml.CanvasAnimatedControl' is for evaluation purposes only and is subject to change or removal in future updates. [C:\candidate-7c36229823-rehearsal4\windows\app\OpenBurnBar.App\OpenBurnBar.App.csproj]
C:\candidate-7c36229823-rehearsal4\windows\app\OpenBurnBar.App\Particles\SwarmCanvasHost.cs(47,23): warning CS8305: 'Microsoft.Graphics.Canvas.UI.Xaml.CanvasAnimatedControl' is for evaluation purposes only and is subject to change or removal in future updates. [C:\candidate-7c36229823-rehearsal4\windows\app\OpenBurnBar.App\OpenBurnBar.App.csproj]
C:\candidate-7c36229823-rehearsal4\windows\app\OpenBurnBar.App\Onboarding\HermesSetupDialog.xaml.cs(61,82): warning CS8655: The switch expression does not handle some null inputs (it is not exhaustive). For example, the pattern '(true, null)' is not covered. [C:\candidate-7c36229823-rehearsal4\windows\app\OpenBurnBar.App\OpenBurnBar.App.csproj]
C:\candidate-7c36229823-rehearsal4\windows\app\OpenBurnBar.App\ElderWand\ElderWandAnalysisSection.xaml(55,17): XamlCompiler warning WMC1506: OneWay bindings require at least one of their steps to support raising notifications when their value changes [C:\candidate-7c36229823-rehearsal4\windows\app\OpenBurnBar.App\OpenBurnBar.App.csproj]
C:\candidate-7c36229823-rehearsal4\windows\app\OpenBurnBar.App\ElderWand\ElderWandAnalysisSection.xaml(64,23): XamlCompiler warning WMC1506: OneWay bindings require at least one of their steps to support raising notifications when their value changes [C:\candidate-7c36229823-rehearsal4\windows\app\OpenBurnBar.App\OpenBurnBar.App.csproj]
C:\candidate-7c36229823-rehearsal4\windows\app\OpenBurnBar.App\ElderWand\ElderWandConfiguratorView.xaml(50,40): XamlCompiler warning WMC1506: OneWay bindings require at least one of their steps to support raising notifications when their value changes [C:\candidate-7c36229823-rehearsal4\windows\app\OpenBurnBar.App\OpenBurnBar.App.csproj]
C:\candidate-7c36229823-rehearsal4\windows\app\OpenBurnBar.App\ElderWand\ElderWandConfiguratorView.xaml(68,40): XamlCompiler warning WMC1506: OneWay bindings require at least one of their steps to support raising notifications when their value changes [C:\candidate-7c36229823-rehearsal4\windows\app\OpenBurnBar.App\OpenBurnBar.App.csproj]
C:\candidate-7c36229823-rehearsal4\windows\app\OpenBurnBar.App\ElderWand\ElderWandConfiguratorView.xaml(84,29): XamlCompiler warning WMC1506: OneWay bindings require at least one of their steps to support raising notifications when their value changes [C:\candidate-7c36229823-rehearsal4\windows\app\OpenBurnBar.App\OpenBurnBar.App.csproj]
C:\candidate-7c36229823-rehearsal4\windows\app\OpenBurnBar.App\ElderWand\ElderWandJudgeSection.xaml(44,17): XamlCompiler warning WMC1506: OneWay bindings require at least one of their steps to support raising notifications when their value changes [C:\candidate-7c36229823-rehearsal4\windows\app\OpenBurnBar.App\OpenBurnBar.App.csproj]
C:\candidate-7c36229823-rehearsal4\windows\app\OpenBurnBar.App\ElderWand\ElderWandJudgeSection.xaml(53,23): XamlCompiler warning WMC1506: OneWay bindings require at least one of their steps to support raising notifications when their value changes [C:\candidate-7c36229823-rehearsal4\windows\app\OpenBurnBar.App\OpenBurnBar.App.csproj]
C:\candidate-7c36229823-rehearsal4\windows\app\OpenBurnBar.App\DataControlCenter\MercuryBasinHost.cs(43,12): warning CS8305: 'Microsoft.Graphics.Canvas.UI.Xaml.CanvasAnimatedControl' is for evaluation purposes only and is subject to change or removal in future updates. [C:\candidate-7c36229823-rehearsal4\windows\app\OpenBurnBar.App\OpenBurnBar.App.csproj]
C:\candidate-7c36229823-rehearsal4\windows\app\OpenBurnBar.App\Particles\SwarmCanvasHost.cs(56,12): warning CS8305: 'Microsoft.Graphics.Canvas.UI.Xaml.CanvasAnimatedControl' is for evaluation purposes only and is subject to change or removal in future updates. [C:\candidate-7c36229823-rehearsal4\windows\app\OpenBurnBar.App\OpenBurnBar.App.csproj]
C:\candidate-7c36229823-rehearsal4\windows\app\OpenBurnBar.App\Particles\SwarmCanvasHost.cs(71,36): warning CS8305: 'Microsoft.Graphics.Canvas.UI.Xaml.CanvasAnimatedControl' is for evaluation purposes only and is subject to change or removal in future updates. [C:\candidate-7c36229823-rehearsal4\windows\app\OpenBurnBar.App\OpenBurnBar.App.csproj]
C:\candidate-7c36229823-rehearsal4\windows\app\OpenBurnBar.App\Dashboard\DashboardBackdrop.cs(49,12): warning CS8305: 'Microsoft.Graphics.Canvas.UI.Xaml.CanvasAnimatedControl' is for evaluation purposes only and is subject to change or removal in future updates. [C:\candidate-7c36229823-rehearsal4\windows\app\OpenBurnBar.App\OpenBurnBar.App.csproj]
C:\candidate-7c36229823-rehearsal4\windows\app\OpenBurnBar.App\Dashboard\EasterEggCanvasHost.cs(46,12): warning CS8305: 'Microsoft.Graphics.Canvas.UI.Xaml.CanvasAnimatedControl' is for evaluation purposes only and is subject to change or removal in future updates. [C:\candidate-7c36229823-rehearsal4\windows\app\OpenBurnBar.App\OpenBurnBar.App.csproj]
C:\candidate-7c36229823-rehearsal4\windows\app\OpenBurnBar.App\Dashboard\EasterEggCanvasHost.cs(27,22): warning CS8305: 'Microsoft.Graphics.Canvas.UI.Xaml.CanvasAnimatedControl' is for evaluation purposes only and is subject to change or removal in future updates. [C:\candidate-7c36229823-rehearsal4\windows\app\OpenBurnBar.App\OpenBurnBar.App.csproj]
C:\candidate-7c36229823-rehearsal4\windows\app\OpenBurnBar.App\Dashboard\EasterEggCanvasHost.cs(36,24): warning CS8305: 'Microsoft.Graphics.Canvas.UI.Xaml.CanvasAnimatedControl' is for evaluation purposes only and is subject to change or removal in future updates. [C:\candidate-7c36229823-rehearsal4\windows\app\OpenBurnBar.App\OpenBurnBar.App.csproj]
C:\candidate-7c36229823-rehearsal4\windows\app\OpenBurnBar.App\DataControlCenter\MercuryBasinHost.cs(35,23): warning CS8305: 'Microsoft.Graphics.Canvas.UI.Xaml.CanvasAnimatedControl' is for evaluation purposes only and is subject to change or removal in future updates. [C:\candidate-7c36229823-rehearsal4\windows\app\OpenBurnBar.App\OpenBurnBar.App.csproj]
C:\candidate-7c36229823-rehearsal4\windows\app\OpenBurnBar.App\Particles\SwarmCanvasHost.cs(47,23): warning CS8305: 'Microsoft.Graphics.Canvas.UI.Xaml.CanvasAnimatedControl' is for evaluation purposes only and is subject to change or removal in future updates. [C:\candidate-7c36229823-rehearsal4\windows\app\OpenBurnBar.App\OpenBurnBar.App.csproj]
C:\candidate-7c36229823-rehearsal4\windows\app\OpenBurnBar.App\Onboarding\HermesSetupDialog.xaml.cs(61,82): warning CS8655: The switch expression does not handle some null inputs (it is not exhaustive). For example, the pattern '(true, null)' is not covered. [C:\candidate-7c36229823-rehearsal4\windows\app\OpenBurnBar.App\OpenBurnBar.App.csproj]
  OpenBurnBar.App -> C:\candidate-7c36229823-rehearsal4\windows\app\OpenBurnBar.App\bin\ARM64\Release\net8.0-windows10.0.19041.0\OpenBurnBar.App.dll
  OpenBurnBar.Pal.Ipc -> C:\candidate-7c36229823-rehearsal4\windows\pal\ipc\bin\Release\net10.0\OpenBurnBar.Pal.Ipc.dll
  OpenBurnBar.Pal.Ipc.Windows -> C:\candidate-7c36229823-rehearsal4\windows\pal\ipc-windows\bin\Release\net10.0\OpenBurnBar.Pal.Ipc.Windows.dll
  OpenBurnBar.Pal.Ipc.Tests -> C:\candidate-7c36229823-rehearsal4\windows\tests\ipc\bin\Release\net10.0\OpenBurnBar.Pal.Ipc.Tests.dll
  OpenBurnBar.App.Theme.Tests -> C:\candidate-7c36229823-rehearsal4\windows\tests\theme\bin\Release\net10.0\OpenBurnBar.App.Theme.Tests.dll
  OpenBurnBar.App.Onboarding.Tests -> C:\candidate-7c36229823-rehearsal4\windows\tests\onboarding\bin\Release\net10.0\OpenBurnBar.App.Onboarding.Tests.dll
  OpenBurnBar.Storage -> C:\candidate-7c36229823-rehearsal4\windows\storage\OpenBurnBar.Storage\bin\Release\net10.0\OpenBurnBar.Storage.dll
  OpenBurnBar.Storage.Tests -> C:\candidate-7c36229823-rehearsal4\windows\storage\OpenBurnBar.Storage.Tests\bin\Release\net10.0\OpenBurnBar.Storage.Tests.dll
  OpenBurnBar.Particles.PerfHarness -> C:\candidate-7c36229823-rehearsal4\windows\particles\OpenBurnBar.Particles.PerfHarness\bin\Release\net8.0\OpenBurnBar.Particles.PerfHarness.dll
  OpenBurnBar.Pretext.Tests -> C:\candidate-7c36229823-rehearsal4\windows\pretext\OpenBurnBar.Pretext.Tests\bin\Release\net10.0\OpenBurnBar.Pretext.Tests.dll
  OpenBurnBar.App.Shell.Tests -> C:\candidate-7c36229823-rehearsal4\windows\tests\shell\bin\Release\net10.0\OpenBurnBar.App.Shell.Tests.dll
  OpenBurnBar.App.Components.Tests -> C:\candidate-7c36229823-rehearsal4\windows\tests\components\bin\Release\net10.0\OpenBurnBar.App.Components.Tests.dll
  OpenBurnBar.App.Settings.Tests -> C:\candidate-7c36229823-rehearsal4\windows\tests\settings\OpenBurnBar.App.Settings.Tests\bin\Release\net10.0\OpenBurnBar.App.Settings.Tests.dll
  OpenBurnBar.App.Settings.ViewModels.Tests -> C:\candidate-7c36229823-rehearsal4\windows\tests\settings\OpenBurnBar.App.Settings.ViewModels.Tests\bin\Release\net10.0\OpenBurnBar.App.Settings.ViewModels.Tests.dll
  OpenBurnBar.Storage.SessionLogs -> C:\candidate-7c36229823-rehearsal4\windows\storage\OpenBurnBar.Storage.SessionLogs\bin\Release\net10.0\OpenBurnBar.Storage.SessionLogs.dll
  OpenBurnBar.App.Presentation.Tests -> C:\candidate-7c36229823-rehearsal4\windows\tests\presentation\bin\Release\net10.0\OpenBurnBar.App.Presentation.Tests.dll
  OpenBurnBar.App.Dashboard.Tests -> C:\candidate-7c36229823-rehearsal4\windows\tests\dashboard\bin\Release\net10.0\OpenBurnBar.App.Dashboard.Tests.dll
  OpenBurnBar.ComputerUse.Windows -> C:\candidate-7c36229823-rehearsal4\windows\computeruse\OpenBurnBar.ComputerUse.Windows\bin\Release\net10.0-windows10.0.19041.0\OpenBurnBar.ComputerUse.Windows.dll
  OpenBurnBar.ComputerUse.Tests -> C:\candidate-7c36229823-rehearsal4\windows\tests\computeruse\bin\Release\net10.0\OpenBurnBar.ComputerUse.Tests.dll
  OpenBurnBar.Pal.Input -> C:\candidate-7c36229823-rehearsal4\windows\pal\input\bin\Release\net8.0\OpenBurnBar.Pal.Input.dll
  OpenBurnBar.Pal.Input.Windows -> C:\candidate-7c36229823-rehearsal4\windows\pal\input-windows\bin\Release\net8.0-windows10.0.19041.0\OpenBurnBar.Pal.Input.Windows.dll
  OpenBurnBar.Pal.Input.Tests -> C:\candidate-7c36229823-rehearsal4\windows\tests\input\bin\Release\net10.0\OpenBurnBar.Pal.Input.Tests.dll
  OpenBurnBar.App.Pet.Tests -> C:\candidate-7c36229823-rehearsal4\windows\tests\pet\bin\Release\net10.0\OpenBurnBar.App.Pet.Tests.dll
  OpenBurnBar.Integrations.Cast -> C:\candidate-7c36229823-rehearsal4\windows\integrations\cast\OpenBurnBar.Integrations.Cast\bin\Release\net8.0\OpenBurnBar.Integrations.Cast.dll
  OpenBurnBar.Integrations.Cast.Windows -> C:\candidate-7c36229823-rehearsal4\windows\integrations\cast\OpenBurnBar.Integrations.Cast.Windows\bin\Release\net8.0-windows10.0.19041.0\OpenBurnBar.Integrations.Cast.Windows.dll
  OpenBurnBar.Integrations.Cast.Tests -> C:\candidate-7c36229823-rehearsal4\windows\tests\integrations-cast\bin\Release\net10.0\OpenBurnBar.Integrations.Cast.Tests.dll
  OpenBurnBar.Integrations.HomeAssistant -> C:\candidate-7c36229823-rehearsal4\windows\integrations\homeassistant\OpenBurnBar.Integrations.HomeAssistant\bin\Release\net8.0\OpenBurnBar.Integrations.HomeAssistant.dll
  OpenBurnBar.Integrations.HomeAssistant.Net -> C:\candidate-7c36229823-rehearsal4\windows\integrations\homeassistant\OpenBurnBar.Integrations.HomeAssistant.Net\bin\Release\net10.0\OpenBurnBar.Integrations.HomeAssistant.Net.dll
  OpenBurnBar.Integrations.SmartHub -> C:\candidate-7c36229823-rehearsal4\windows\integrations\smarthub\OpenBurnBar.Integrations.SmartHub\bin\Release\net8.0\OpenBurnBar.Integrations.SmartHub.dll
  OpenBurnBar.Integrations.SmartHub.Net -> C:\candidate-7c36229823-rehearsal4\windows\integrations\smarthub\OpenBurnBar.Integrations.SmartHub.Net\bin\Release\net10.0\OpenBurnBar.Integrations.SmartHub.Net.dll
  OpenBurnBar.Integrations.Tests -> C:\candidate-7c36229823-rehearsal4\windows\tests\integrations\OpenBurnBar.Integrations.Tests\bin\Release\net10.0\OpenBurnBar.Integrations.Tests.dll
  OpenBurnBar.Integrations.Mercury -> C:\candidate-7c36229823-rehearsal4\windows\integrations\mercury\OpenBurnBar.Integrations.Mercury\bin\Release\net8.0\OpenBurnBar.Integrations.Mercury.dll
  OpenBurnBar.Integrations.Mercury.Windows -> C:\candidate-7c36229823-rehearsal4\windows\integrations\mercury\OpenBurnBar.Integrations.Mercury.Windows\bin\Release\net8.0-windows10.0.19041.0\OpenBurnBar.Integrations.Mercury.Windows.dll
  OpenBurnBar.Integrations.Mercury.Tests -> C:\candidate-7c36229823-rehearsal4\windows\tests\mercury\bin\Release\net10.0\OpenBurnBar.Integrations.Mercury.Tests.dll
  OpenBurnBar.CloudSync.Tests -> C:\candidate-7c36229823-rehearsal4\windows\cloudsync\OpenBurnBar.CloudSync.Tests\bin\Release\net10.0\OpenBurnBar.CloudSync.Tests.dll
  OpenBurnBar.CloudSync.AppCheck.Net -> C:\candidate-7c36229823-rehearsal4\windows\cloudsync\appcheck\OpenBurnBar.CloudSync.AppCheck.Net\bin\Release\net10.0\OpenBurnBar.CloudSync.AppCheck.Net.dll
  OpenBurnBar.CloudSync.AppCheck.Windows -> C:\candidate-7c36229823-rehearsal4\windows\cloudsync\appcheck\OpenBurnBar.CloudSync.AppCheck.Windows\bin\Release\net8.0-windows10.0.19041.0\OpenBurnBar.CloudSync.AppCheck.Windows.dll
  OpenBurnBar.CloudSync.Crypto.Tests -> C:\candidate-7c36229823-rehearsal4\windows\tests\cloudsync\bin\Release\net10.0\OpenBurnBar.CloudSync.Crypto.Tests.dll
  OpenBurnBar.CloudSync.AppCheck.Tests -> C:\candidate-7c36229823-rehearsal4\windows\tests\cloudsync-appcheck\bin\Release\net10.0\OpenBurnBar.CloudSync.AppCheck.Tests.dll
  OpenBurnBar.App.Quota.Tests -> C:\candidate-7c36229823-rehearsal4\windows\tests\quota\bin\Release\net10.0\OpenBurnBar.App.Quota.Tests.dll
  OpenBurnBar.Dist.UpdateFeed -> C:\candidate-7c36229823-rehearsal4\windows\dist\OpenBurnBar.Dist.UpdateFeed\bin\Release\net8.0\OpenBurnBar.Dist.UpdateFeed.dll
  OpenBurnBar.Dist.UpdateFeed.Tool -> C:\candidate-7c36229823-rehearsal4\windows\dist\OpenBurnBar.Dist.UpdateFeed.Tool\bin\Release\net8.0\OpenBurnBar.Dist.UpdateFeed.Tool.dll
  OpenBurnBar.Dist.Tests -> C:\candidate-7c36229823-rehearsal4\windows\tests\dist\bin\Release\net10.0\OpenBurnBar.Dist.Tests.dll
  OpenBurnBar.Updater.Generator -> C:\candidate-7c36229823-rehearsal4\windows\packaging\updater\OpenBurnBar.Updater.Generator\bin\Release\net8.0\OpenBurnBar.Updater.Generator.dll
  OpenBurnBar.Updater.Tests -> C:\candidate-7c36229823-rehearsal4\windows\tests\updater\bin\Release\net10.0\OpenBurnBar.Updater.Tests.dll
  OpenBurnBar.App.CloudSync.Tests -> C:\candidate-7c36229823-rehearsal4\windows\tests\cloudsync-app\bin\Release\net10.0\OpenBurnBar.App.CloudSync.Tests.dll
  OpenBurnBar.App.Configuration.Tests -> C:\candidate-7c36229823-rehearsal4\windows\tests\configuration\bin\Release\net10.0\OpenBurnBar.App.Configuration.Tests.dll
  OpenBurnBar.EngineBinding.Tests -> C:\candidate-7c36229823-rehearsal4\windows\tests\engine-binding\bin\Release\net10.0\OpenBurnBar.EngineBinding.Tests.dll
  OpenBurnBar.Chat.ProcessTestHelper -> C:\candidate-7c36229823-rehearsal4\windows\tests\chat\process-helper\bin\Debug\net10.0\OpenBurnBar.Chat.ProcessTestHelper.dll
  OpenBurnBar.App.Chat.Runtime.Tests -> C:\candidate-7c36229823-rehearsal4\windows\tests\chat\bin\Release\net10.0\OpenBurnBar.App.Chat.Runtime.Tests.dll
  OpenBurnBar.App.Storage.Tests -> C:\candidate-7c36229823-rehearsal4\windows\tests\storage\bin\Release\net10.0\OpenBurnBar.App.Storage.Tests.dll
  OpenBurnBar.Native -> C:\candidate-7c36229823-rehearsal4\windows\native\OpenBurnBar.Native\bin\Release\net8.0\OpenBurnBar.Native.dll
  BurnBarRemote.Ffi -> C:\candidate-7c36229823-rehearsal4\crates\burnbar-remote\bindings\csharp\BurnBarRemote.Ffi\bin\Debug\net8.0\BurnBarRemote.Ffi.dll
  OpenBurnBar.Native.BurnBarRemote -> C:\candidate-7c36229823-rehearsal4\windows\native\OpenBurnBar.Native.BurnBarRemote\bin\Release\net8.0\OpenBurnBar.Native.BurnBarRemote.dll
  OpenBurnBarIroh.Ffi -> C:\candidate-7c36229823-rehearsal4\crates\openburnbar-iroh\bindings\csharp\OpenBurnBarIroh.Ffi\bin\Debug\net8.0\OpenBurnBarIroh.Ffi.dll
  OpenBurnBar.Native.Iroh -> C:\candidate-7c36229823-rehearsal4\windows\native\OpenBurnBar.Native.Iroh\bin\Release\net8.0\OpenBurnBar.Native.Iroh.dll
  OpenBurnBar.Native.Tests -> C:\candidate-7c36229823-rehearsal4\windows\tests\native\bin\Release\net10.0\OpenBurnBar.Native.Tests.dll
  OpenBurnBar.App.Quota.Acquisition.Tests -> C:\candidate-7c36229823-rehearsal4\windows\tests\quota-acquisition\bin\Release\net10.0\OpenBurnBar.App.Quota.Acquisition.Tests.dll
  OpenBurnBar.App.ManagedAgentRuntime.Tests -> C:\candidate-7c36229823-rehearsal4\windows\tests\managed-agent-runtime\bin\Release\net10.0\OpenBurnBar.App.ManagedAgentRuntime.Tests.dll
  OpenBurnBar.App.CursorConnector.Tests -> C:\candidate-7c36229823-rehearsal4\windows\tests\cursor-connector\bin\Release\net10.0\OpenBurnBar.App.CursorConnector.Tests.dll
  OpenBurnBar.App.TextExpansion.Tests -> C:\candidate-7c36229823-rehearsal4\windows\tests\text-expansion\OpenBurnBar.App.TextExpansion.Tests\bin\Release\net10.0\OpenBurnBar.App.TextExpansion.Tests.dll
  OpenBurnBar.App.MemorySearch -> C:\candidate-7c36229823-rehearsal4\windows\app\OpenBurnBar.App.MemorySearch\bin\Release\net8.0\OpenBurnBar.App.MemorySearch.dll
  OpenBurnBar.App.MemorySearch.Tests -> C:\candidate-7c36229823-rehearsal4\windows\tests\memory-search\OpenBurnBar.App.MemorySearch.Tests\bin\Release\net10.0\OpenBurnBar.App.MemorySearch.Tests.dll
  OpenBurnBar.UiAutomationHarness.Core -> C:\candidate-7c36229823-rehearsal4\windows\tests\ui-automation-harness\OpenBurnBar.UiAutomationHarness.Core\bin\Release\net8.0\OpenBurnBar.UiAutomationHarness.Core.dll
  OpenBurnBar.UiAutomationHarness.Tests -> C:\candidate-7c36229823-rehearsal4\windows\tests\ui-automation\bin\Release\net10.0\OpenBurnBar.UiAutomationHarness.Tests.dll
  OpenBurnBar.UiAutomationHarness -> C:\candidate-7c36229823-rehearsal4\windows\tests\ui-automation-harness\OpenBurnBar.UiAutomationHarness\bin\Release\net10.0-windows10.0.19041.0\OpenBurnBar.UiAutomationHarness.dll
  OpenBurnBar.App.UsageRuntime.Tests -> C:\candidate-7c36229823-rehearsal4\windows\tests\usage-runtime\bin\Release\net10.0\OpenBurnBar.App.UsageRuntime.Tests.dll
  OpenBurnBar.App.Insights.Runtime.Tests -> C:\candidate-7c36229823-rehearsal4\windows\tests\insights\bin\Release\net10.0\OpenBurnBar.App.Insights.Runtime.Tests.dll

Build succeeded.

C:\candidate-7c36229823-rehearsal4\windows\app\OpenBurnBar.App\DataControlCenter\MercuryBasinHost.cs(43,12): warning CS8305: 'Microsoft.Graphics.Canvas.UI.Xaml.CanvasAnimatedControl' is for evaluation purposes only and is subject to change or removal in future updates. [C:\candidate-7c36229823-rehearsal4\windows\app\OpenBurnBar.App\OpenBurnBar.App.csproj]
C:\candidate-7c36229823-rehearsal4\windows\app\OpenBurnBar.App\Particles\SwarmCanvasHost.cs(56,12): warning CS8305: 'Microsoft.Graphics.Canvas.UI.Xaml.CanvasAnimatedControl' is for evaluation purposes only and is subject to change or removal in future updates. [C:\candidate-7c36229823-rehearsal4\windows\app\OpenBurnBar.App\OpenBurnBar.App.csproj]
C:\candidate-7c36229823-rehearsal4\windows\app\OpenBurnBar.App\Particles\SwarmCanvasHost.cs(71,36): warning CS8305: 'Microsoft.Graphics.Canvas.UI.Xaml.CanvasAnimatedControl' is for evaluation purposes only and is subject to change or removal in future updates. [C:\candidate-7c36229823-rehearsal4\windows\app\OpenBurnBar.App\OpenBurnBar.App.csproj]
C:\candidate-7c36229823-rehearsal4\windows\app\OpenBurnBar.App\Dashboard\DashboardBackdrop.cs(49,12): warning CS8305: 'Microsoft.Graphics.Canvas.UI.Xaml.CanvasAnimatedControl' is for evaluation purposes only and is subject to change or removal in future updates. [C:\candidate-7c36229823-rehearsal4\windows\app\OpenBurnBar.App\OpenBurnBar.App.csproj]
C:\candidate-7c36229823-rehearsal4\windows\app\OpenBurnBar.App\Dashboard\EasterEggCanvasHost.cs(46,12): warning CS8305: 'Microsoft.Graphics.Canvas.UI.Xaml.CanvasAnimatedControl' is for evaluation purposes only and is subject to change or removal in future updates. [C:\candidate-7c36229823-rehearsal4\windows\app\OpenBurnBar.App\OpenBurnBar.App.csproj]
C:\candidate-7c36229823-rehearsal4\windows\app\OpenBurnBar.App\Dashboard\EasterEggCanvasHost.cs(27,22): warning CS8305: 'Microsoft.Graphics.Canvas.UI.Xaml.CanvasAnimatedControl' is for evaluation purposes only and is subject to change or removal in future updates. [C:\candidate-7c36229823-rehearsal4\windows\app\OpenBurnBar.App\OpenBurnBar.App.csproj]
C:\candidate-7c36229823-rehearsal4\windows\app\OpenBurnBar.App\DataControlCenter\MercuryBasinHost.cs(35,23): warning CS8305: 'Microsoft.Graphics.Canvas.UI.Xaml.CanvasAnimatedControl' is for evaluation purposes only and is subject to change or removal in future updates. [C:\candidate-7c36229823-rehearsal4\windows\app\OpenBurnBar.App\OpenBurnBar.App.csproj]
C:\candidate-7c36229823-rehearsal4\windows\app\OpenBurnBar.App\Dashboard\EasterEggCanvasHost.cs(36,24): warning CS8305: 'Microsoft.Graphics.Canvas.UI.Xaml.CanvasAnimatedControl' is for evaluation purposes only and is subject to change or removal in future updates. [C:\candidate-7c36229823-rehearsal4\windows\app\OpenBurnBar.App\OpenBurnBar.App.csproj]
C:\candidate-7c36229823-rehearsal4\windows\app\OpenBurnBar.App\Particles\SwarmCanvasHost.cs(47,23): warning CS8305: 'Microsoft.Graphics.Canvas.UI.Xaml.CanvasAnimatedControl' is for evaluation purposes only and is subject to change or removal in future updates. [C:\candidate-7c36229823-rehearsal4\windows\app\OpenBurnBar.App\OpenBurnBar.App.csproj]
C:\candidate-7c36229823-rehearsal4\windows\app\OpenBurnBar.App\Onboarding\HermesSetupDialog.xaml.cs(61,82): warning CS8655: The switch expression does not handle some null inputs (it is not exhaustive). For example, the pattern '(true, null)' is not covered. [C:\candidate-7c36229823-rehearsal4\windows\app\OpenBurnBar.App\OpenBurnBar.App.csproj]
C:\candidate-7c36229823-rehearsal4\windows\app\OpenBurnBar.App\ElderWand\ElderWandAnalysisSection.xaml(55,17): XamlCompiler warning WMC1506: OneWay bindings require at least one of their steps to support raising notifications when their value changes [C:\candidate-7c36229823-rehearsal4\windows\app\OpenBurnBar.App\OpenBurnBar.App.csproj]
C:\candidate-7c36229823-rehearsal4\windows\app\OpenBurnBar.App\ElderWand\ElderWandAnalysisSection.xaml(64,23): XamlCompiler warning WMC1506: OneWay bindings require at least one of their steps to support raising notifications when their value changes [C:\candidate-7c36229823-rehearsal4\windows\app\OpenBurnBar.App\OpenBurnBar.App.csproj]
C:\candidate-7c36229823-rehearsal4\windows\app\OpenBurnBar.App\ElderWand\ElderWandConfiguratorView.xaml(50,40): XamlCompiler warning WMC1506: OneWay bindings require at least one of their steps to support raising notifications when their value changes [C:\candidate-7c36229823-rehearsal4\windows\app\OpenBurnBar.App\OpenBurnBar.App.csproj]
C:\candidate-7c36229823-rehearsal4\windows\app\OpenBurnBar.App\ElderWand\ElderWandConfiguratorView.xaml(68,40): XamlCompiler warning WMC1506: OneWay bindings require at least one of their steps to support raising notifications when their value changes [C:\candidate-7c36229823-rehearsal4\windows\app\OpenBurnBar.App\OpenBurnBar.App.csproj]
C:\candidate-7c36229823-rehearsal4\windows\app\OpenBurnBar.App\ElderWand\ElderWandConfiguratorView.xaml(84,29): XamlCompiler warning WMC1506: OneWay bindings require at least one of their steps to support raising notifications when their value changes [C:\candidate-7c36229823-rehearsal4\windows\app\OpenBurnBar.App\OpenBurnBar.App.csproj]
C:\candidate-7c36229823-rehearsal4\windows\app\OpenBurnBar.App\ElderWand\ElderWandJudgeSection.xaml(44,17): XamlCompiler warning WMC1506: OneWay bindings require at least one of their steps to support raising notifications when their value changes [C:\candidate-7c36229823-rehearsal4\windows\app\OpenBurnBar.App\OpenBurnBar.App.csproj]
C:\candidate-7c36229823-rehearsal4\windows\app\OpenBurnBar.App\ElderWand\ElderWandJudgeSection.xaml(53,23): XamlCompiler warning WMC1506: OneWay bindings require at least one of their steps to support raising notifications when their value changes [C:\candidate-7c36229823-rehearsal4\windows\app\OpenBurnBar.App\OpenBurnBar.App.csproj]
C:\candidate-7c36229823-rehearsal4\windows\app\OpenBurnBar.App\DataControlCenter\MercuryBasinHost.cs(43,12): warning CS8305: 'Microsoft.Graphics.Canvas.UI.Xaml.CanvasAnimatedControl' is for evaluation purposes only and is subject to change or removal in future updates. [C:\candidate-7c36229823-rehearsal4\windows\app\OpenBurnBar.App\OpenBurnBar.App.csproj]
C:\candidate-7c36229823-rehearsal4\windows\app\OpenBurnBar.App\Particles\SwarmCanvasHost.cs(56,12): warning CS8305: 'Microsoft.Graphics.Canvas.UI.Xaml.CanvasAnimatedControl' is for evaluation purposes only and is subject to change or removal in future updates. [C:\candidate-7c36229823-rehearsal4\windows\app\OpenBurnBar.App\OpenBurnBar.App.csproj]
C:\candidate-7c36229823-rehearsal4\windows\app\OpenBurnBar.App\Particles\SwarmCanvasHost.cs(71,36): warning CS8305: 'Microsoft.Graphics.Canvas.UI.Xaml.CanvasAnimatedControl' is for evaluation purposes only and is subject to change or removal in future updates. [C:\candidate-7c36229823-rehearsal4\windows\app\OpenBurnBar.App\OpenBurnBar.App.csproj]
C:\candidate-7c36229823-rehearsal4\windows\app\OpenBurnBar.App\Dashboard\DashboardBackdrop.cs(49,12): warning CS8305: 'Microsoft.Graphics.Canvas.UI.Xaml.CanvasAnimatedControl' is for evaluation purposes only and is subject to change or removal in future updates. [C:\candidate-7c36229823-rehearsal4\windows\app\OpenBurnBar.App\OpenBurnBar.App.csproj]
C:\candidate-7c36229823-rehearsal4\windows\app\OpenBurnBar.App\Dashboard\EasterEggCanvasHost.cs(46,12): warning CS8305: 'Microsoft.Graphics.Canvas.UI.Xaml.CanvasAnimatedControl' is for evaluation purposes only and is subject to change or removal in future updates. [C:\candidate-7c36229823-rehearsal4\windows\app\OpenBurnBar.App\OpenBurnBar.App.csproj]
C:\candidate-7c36229823-rehearsal4\windows\app\OpenBurnBar.App\Dashboard\EasterEggCanvasHost.cs(27,22): warning CS8305: 'Microsoft.Graphics.Canvas.UI.Xaml.CanvasAnimatedControl' is for evaluation purposes only and is subject to change or removal in future updates. [C:\candidate-7c36229823-rehearsal4\windows\app\OpenBurnBar.App\OpenBurnBar.App.csproj]
C:\candidate-7c36229823-rehearsal4\windows\app\OpenBurnBar.App\Dashboard\EasterEggCanvasHost.cs(36,24): warning CS8305: 'Microsoft.Graphics.Canvas.UI.Xaml.CanvasAnimatedControl' is for evaluation purposes only and is subject to change or removal in future updates. [C:\candidate-7c36229823-rehearsal4\windows\app\OpenBurnBar.App\OpenBurnBar.App.csproj]
C:\candidate-7c36229823-rehearsal4\windows\app\OpenBurnBar.App\DataControlCenter\MercuryBasinHost.cs(35,23): warning CS8305: 'Microsoft.Graphics.Canvas.UI.Xaml.CanvasAnimatedControl' is for evaluation purposes only and is subject to change or removal in future updates. [C:\candidate-7c36229823-rehearsal4\windows\app\OpenBurnBar.App\OpenBurnBar.App.csproj]
C:\candidate-7c36229823-rehearsal4\windows\app\OpenBurnBar.App\Particles\SwarmCanvasHost.cs(47,23): warning CS8305: 'Microsoft.Graphics.Canvas.UI.Xaml.CanvasAnimatedControl' is for evaluation purposes only and is subject to change or removal in future updates. [C:\candidate-7c36229823-rehearsal4\windows\app\OpenBurnBar.App\OpenBurnBar.App.csproj]
C:\candidate-7c36229823-rehearsal4\windows\app\OpenBurnBar.App\Onboarding\HermesSetupDialog.xaml.cs(61,82): warning CS8655: The switch expression does not handle some null inputs (it is not exhaustive). For example, the pattern '(true, null)' is not covered. [C:\candidate-7c36229823-rehearsal4\windows\app\OpenBurnBar.App\OpenBurnBar.App.csproj]
    27 Warning(s)
    0 Error(s)

Time Elapsed 00:06:58.78


