## npm install --no-audit --no-fund
cwd=apps/linux-desktop
exit_code=0
### stdout

up to date in 468ms

### stderr
npm WARN EBADENGINE Unsupported engine {
npm WARN EBADENGINE   package: '@openburnbar/linux-desktop@0.1.0',
npm WARN EBADENGINE   required: { node: '>=20.18.0' },
npm WARN EBADENGINE   current: { node: 'v18.19.1', npm: '9.2.0' }
npm WARN EBADENGINE }


## npm run build
cwd=apps/linux-desktop
exit_code=0
### stdout

> @openburnbar/linux-desktop@0.1.0 build
> vite build

vite v6.4.3 building for production...
transforming...
✓ 21 modules transformed.
rendering chunks...
computing gzip size...
dist/index.html                  0.40 kB │ gzip: 0.27 kB
dist/assets/index-Dd4_jhf4.css   7.20 kB │ gzip: 1.98 kB
dist/assets/index-DQC2IW_J.js   26.99 kB │ gzip: 9.65 kB
✓ built in 279ms

### stderr


## npm run tauri:build -- --bundles deb,rpm,appimage
cwd=apps/linux-desktop
exit_code=1
### stdout

> @openburnbar/linux-desktop@0.1.0 tauri:build
> tauri build --bundles deb,rpm,appimage


> @openburnbar/linux-desktop@0.1.0 build
> vite build

vite v6.4.3 building for production...
transforming...
✓ 21 modules transformed.
rendering chunks...
computing gzip size...
dist/index.html                  0.40 kB │ gzip: 0.27 kB
dist/assets/index-Dd4_jhf4.css   7.20 kB │ gzip: 1.98 kB
dist/assets/index-DQC2IW_J.js   26.99 kB │ gzip: 9.65 kB
✓ built in 278ms

### stderr
        Info Looking up installed tauri packages to check mismatched versions...
     Running beforeBuildCommand `npm run build`
    Updating crates.io index
 Downloading crates ...
  Downloaded alloc-stdlib v0.2.4
  Downloaded adler2 v2.0.1
  Downloaded darling_macro v0.23.0
  Downloaded heck v0.4.1
  Downloaded heck v0.5.0
  Downloaded dtor-proc-macro v0.0.6
  Downloaded ico v0.5.0
  Downloaded cargo-platform v0.1.9
  Downloaded futures-task v0.3.32
  Downloaded hex v0.4.3
  Downloaded ident_case v1.0.1
  Downloaded cpufeatures v0.2.17
  Downloaded block-buffer v0.10.4
  Downloaded futures-io v0.3.32
  Downloaded cssparser-macros v0.6.1
  Downloaded cairo-sys-rs v0.18.2
  Downloaded dpi v0.1.2
  Downloaded dtor v0.3.0
  Downloaded equivalent v1.0.2
  Downloaded futures-sink v0.3.32
  Downloaded itoa v1.0.18
  Downloaded gdkx11-sys v0.18.2
  Downloaded gdk-pixbuf-sys v0.18.0
  Downloaded futures-core v0.3.32
  Downloaded javascriptcore-rs-sys v1.1.1
  Downloaded is-wsl v0.4.0
  Downloaded is-docker v0.2.0
  Downloaded dirs v6.0.0
  Downloaded bit-set v0.8.0
  Downloaded precomputed-hash v0.1.1
  Downloaded errno v0.3.14
  Downloaded proc-macro-error-attr v1.0.4
  Downloaded dyn-clone v1.0.20
  Downloaded cfg-if v1.0.4
  Downloaded potential_utf v0.1.5
  Downloaded mime v0.3.17
  Downloaded memoffset v0.9.1
  Downloaded ctor v0.8.0
  Downloaded generic-array v0.14.7
  Downloaded gdkx11 v0.18.2
  Downloaded ref-cast v1.0.25
  Downloaded gdkwayland-sys v0.18.2
  Downloaded dlopen2_derive v0.4.3
  Downloaded dunce v1.0.5
  Downloaded ctor-proc-macro v0.0.7
  Downloaded crypto-common v0.1.7
  Downloaded serde_spanned v0.6.9
  Downloaded alloc-no-stdlib v2.0.4
  Downloaded futures-macro v0.3.32
  Downloaded fnv v1.0.7
  Downloaded field-offset v0.3.6
  Downloaded dirs-sys v0.5.0
  Downloaded byteorder v1.5.0
  Downloaded fdeflate v0.3.7
  Downloaded phf_codegen v0.13.1
  Downloaded rustc-hash v2.1.3
  Downloaded dtoa-short v0.3.5
  Downloaded gobject-sys v0.18.0
  Downloaded futures-executor v0.3.32
  Downloaded displaydoc v0.2.6
  Downloaded deranged v0.5.8
  Downloaded bitflags v1.3.2
  Downloaded scopeguard v1.2.0
  Downloaded proc-macro-crate v1.3.1
  Downloaded powerfmt v0.2.0
  Downloaded phf_shared v0.13.1
  Downloaded percent-encoding v2.3.2
  Downloaded serde_repr v0.1.20
  Downloaded rustc_version v0.4.1
  Downloaded glob v0.3.3
  Downloaded dtoa v1.0.11
  Downloaded fastrand v2.4.1
  Downloaded erased-serde v0.4.10
  Downloaded shared_child v1.1.1
  Downloaded serialize-to-javascript-impl v0.1.2
  Downloaded option-ext v0.2.0
  Downloaded num-conv v0.2.2
  Downloaded embed-resource v3.0.11
  Downloaded bs58 v0.5.1
  Downloaded bit-vec v0.8.0
  Downloaded autocfg v1.5.1
  Downloaded siphasher v1.0.3
  Downloaded string_cache_codegen v0.6.1
  Downloaded stable_deref_trait v1.2.1
  Downloaded same-file v1.0.6
  Downloaded idna_adapter v1.2.2
  Downloaded form_urlencoded v1.2.2
  Downloaded gdk-pixbuf v0.18.5
  Downloaded dlopen2 v0.8.2
  Downloaded gtk3-macros v0.18.2
  Downloaded libappindicator-sys v0.9.0
  Downloaded cargo_metadata v0.19.2
  Downloaded crossbeam-utils v0.8.21
  Downloaded cookie v0.18.1
  Downloaded atk v0.18.2
  Downloaded anyhow v1.0.103
  Downloaded foldhash v0.2.0
  Downloaded futures-channel v0.3.32
  Downloaded find-msvc-tools v0.1.9
  Downloaded digest v0.10.7
  Downloaded darling v0.23.0
  Downloaded crc32fast v1.5.0
  Downloaded cargo_toml v0.22.3
  Downloaded camino v1.2.4
  Downloaded servo_arc v0.4.3
  Downloaded simd-adler32 v0.3.9
  Downloaded proc-macro-crate v2.0.2
  Downloaded time-core v0.1.9
  Downloaded new_debug_unreachable v1.0.6
  Downloaded sha2 v0.10.9
  Downloaded tinyvec_macros v0.1.1
  Downloaded os_pipe v1.2.3
  Downloaded utf8_iter v1.0.4
  Downloaded phf_generator v0.13.1
  Downloaded utf-8 v0.7.6
  Downloaded unic-char-property v0.9.0
  Downloaded toml_datetime v0.6.3
  Downloaded atk-sys v0.18.2
  Downloaded soup3-sys v0.5.0
  Downloaded cfg-expr v0.15.8
  Downloaded slab v0.4.12
  Downloaded unic-ucd-version v0.9.0
  Downloaded unic-ucd-ident v0.9.0
  Downloaded unic-common v0.9.0
  Downloaded unic-char-range v0.9.0
  Downloaded system-deps v6.2.2
  Downloaded string_cache v0.9.0
  Downloaded ref-cast-impl v1.0.25
  Downloaded cairo-rs v0.18.5
  Downloaded serde_spanned v1.1.1
  Downloaded tauri-winres v0.3.6
  Downloaded serialize-to-javascript v0.1.2
  Downloaded infer v0.19.0
  Downloaded signal-hook-registry v1.4.8
  Downloaded thiserror-impl v1.0.69
  Downloaded thiserror v1.0.69
  Downloaded shlex v2.0.1
  Downloaded serde-untagged v0.1.9
  Downloaded schemars_derive v0.8.22
  Downloaded raw-window-handle v0.6.2
  Downloaded json-patch v3.0.1
  Downloaded javascriptcore-rs v1.1.2
  Downloaded thiserror-impl v2.0.18
  Downloaded toml_datetime v0.7.5+spec-1.1.0
  Downloaded zerofrom-derive v0.1.7
  Downloaded sigchld v0.2.4
  Downloaded zerofrom v0.1.8
  Downloaded strsim v0.11.1
  Downloaded bitflags v2.13.0
  Downloaded smallvec v1.15.2
  Downloaded glib-sys v0.18.1
  Downloaded yoke-derive v0.8.2
  Downloaded toml_datetime v1.1.1+spec-1.1.0
  Downloaded quote v1.0.46
  Downloaded tinystr v0.8.3
  Downloaded glib-macros v0.18.5
  Downloaded getrandom v0.4.3
  Downloaded cfb v0.7.3
  Downloaded getrandom v0.3.4
  Downloaded soup3 v0.5.0
  Downloaded urlpattern v0.3.0
  Downloaded tauri-macros v2.6.3
  Downloaded tauri-build v2.6.3
  Downloaded walkdir v2.5.0
  Downloaded version-compare v0.2.1
  Downloaded typeid v1.0.3
  Downloaded tauri-runtime v2.11.3
  Downloaded gio-sys v0.18.1
  Downloaded writeable v0.6.3
  Downloaded version_check v0.9.5
  Downloaded time-macros v0.2.31
  Downloaded thiserror v2.0.18
  Downloaded serde_with_macros v3.21.0
  Downloaded pkg-config v0.3.33
  Downloaded zmij v1.0.21
  Downloaded phf_macros v0.13.1
  Downloaded cssparser v0.36.0
  Downloaded bytes v1.12.0
  Downloaded zerovec-derive v0.11.3
  Downloaded lock_api v0.4.14
  Downloaded socket2 v0.6.4
  Downloaded web_atoms v0.2.5
  Downloaded cc v1.2.65
  Downloaded gdk-sys v0.18.2
  Downloaded toml v1.1.2+spec-1.1.0
  Downloaded tinyvec v1.11.0
  Downloaded libloading v0.7.4
  Downloaded gdk v0.18.2
  Downloaded base64 v0.22.1
  Downloaded flate2 v1.1.9
  Downloaded dom_query v0.27.0
  Downloaded unicode-ident v1.0.24
  Downloaded uuid v1.23.4
  Downloaded derive_more v2.1.1
  Downloaded dbus v0.9.11
  Downloaded darling_core v0.23.0
  Downloaded open v5.3.6
  Downloaded yoke v0.8.3
  Downloaded derive_more-impl v2.1.1
  Downloaded proc-macro-error v1.0.4
  Downloaded x11-dl v2.21.0
  Downloaded webkit2gtk v2.0.2
  Downloaded tauri-runtime-wry v2.11.4
  Downloaded serde_derive_internals v0.29.1
  Downloaded pin-project-lite v0.2.17
  Downloaded phf v0.13.1
  Downloaded markup5ever v0.38.0
  Downloaded crossbeam-channel v0.5.15
  Downloaded toml_edit v0.20.2
  Downloaded toml_edit v0.19.15
  Downloaded iana-time-zone v0.1.65
  Downloaded zerotrie v0.2.4
  Downloaded litemap v0.8.2
  Downloaded keyboard-types v0.7.0
  Downloaded synstructure v0.13.2
  Downloaded target-lexicon v0.12.16
  Downloaded toml_writer v1.1.1+spec-1.1.0
  Downloaded tauri-plugin v2.6.3
  Downloaded hashbrown v0.12.3
  Downloaded webkit2gtk-sys v2.0.2
  Downloaded parking_lot_core v0.9.12
  Downloaded once_cell v1.21.4
  Downloaded tauri-utils v2.9.3
  Downloaded zerovec v0.11.6
  Downloaded pango-sys v0.18.0
  Downloaded jsonptr v0.6.3
  Downloaded futures-util v0.3.32
  Downloaded aho-corasick v1.1.4
  Downloaded brotli-decompressor v5.0.3
  Downloaded semver v1.0.28
  Downloaded parking_lot v0.12.5
  Downloaded winnow v1.0.3
  Downloaded gio v0.18.4
  Downloaded winnow v0.7.15
  Downloaded indexmap v1.9.3
  Downloaded glib v0.18.5
  Downloaded chrono v0.4.45
  Downloaded wry v0.55.1
  Downloaded tauri-codegen v2.6.3
  Downloaded toml_parser v1.1.2+spec-1.1.0
  Downloaded time v0.3.53
  Downloaded tauri v2.11.5
  Downloaded log v0.4.33
  Downloaded libappindicator v0.9.0
  Downloaded icu_provider v2.2.0
  Downloaded gtk v0.18.2
  Downloaded serde_derive v1.0.228
  Downloaded serde_core v1.0.228
  Downloaded proc-macro2 v1.0.106
  Downloaded num-traits v0.2.19
  Downloaded html5ever v0.38.0
  Downloaded signal-hook v0.3.18
  Downloaded plist v1.9.0
  Downloaded toml v0.9.12+spec-1.1.0
  Downloaded toml v0.8.2
  Downloaded pango v0.18.3
  Downloaded icu_properties v2.2.0
  Downloaded icu_normalizer_data v2.2.0
  Downloaded brotli v8.0.4
  Downloaded icu_locale_core v2.2.0
  Downloaded schemars v0.8.22
  Downloaded schemars v0.9.0
  Downloaded miniz_oxide v0.8.9
  Downloaded tokio v1.52.3
  Downloaded icu_normalizer v2.2.0
  Downloaded tendril v0.5.0
  Downloaded tray-icon v0.24.1
  Downloaded encoding_rs v0.8.35
  Downloaded x11 v2.21.0
  Downloaded serde v1.0.228
  Downloaded selectors v0.36.1
  Downloaded muda v0.19.3
  Downloaded http v1.4.2
  Downloaded schemars v1.2.1
  Downloaded icu_collections v2.2.0
  Downloaded url v2.5.8
  Downloaded png v0.17.16
  Downloaded indexmap v2.14.0
  Downloaded memchr v2.8.2
  Downloaded mio v1.2.1
  Downloaded typenum v1.20.1
  Downloaded png v0.18.1
  Downloaded unicode-segmentation v1.13.3
  Downloaded tauri-plugin-shell v2.3.5
  Downloaded gtk-sys v0.18.2
  Downloaded hashbrown v0.17.1
  Downloaded idna v1.1.0
  Downloaded serde_json v1.0.150
  Downloaded icu_properties_data v2.2.0
  Downloaded regex v1.12.4
  Downloaded winnow v0.5.40
  Downloaded serde_with v3.21.0
  Downloaded syn v1.0.109
  Downloaded quick-xml v0.39.4
  Downloaded syn v2.0.118
  Downloaded tao v0.35.3
  Downloaded regex-syntax v0.8.11
  Downloaded regex-automata v0.4.14
  Downloaded libc v0.2.186
  Downloaded libdbus-sys v0.2.7
   Compiling proc-macro2 v1.0.106
   Compiling unicode-ident v1.0.24
   Compiling quote v1.0.46
   Compiling serde_core v1.0.228
   Compiling syn v2.0.118
   Compiling serde v1.0.228
   Compiling smallvec v1.15.2
   Compiling equivalent v1.0.2
   Compiling hashbrown v0.17.1
   Compiling indexmap v2.14.0
   Compiling libc v0.2.186
   Compiling serde_derive v1.0.228
   Compiling pkg-config v0.3.33
   Compiling heck v0.5.0
   Compiling winnow v0.5.40
   Compiling target-lexicon v0.12.16
   Compiling cfg-expr v0.15.8
   Compiling version-compare v0.2.1
   Compiling synstructure v0.13.2
   Compiling zerofrom-derive v0.1.7
   Compiling toml_datetime v0.6.3
   Compiling serde_spanned v0.6.9
   Compiling toml_edit v0.20.2
   Compiling toml v0.8.2
   Compiling system-deps v6.2.2
   Compiling yoke-derive v0.8.2
   Compiling zerovec-derive v0.11.3
   Compiling version_check v0.9.5
   Compiling displaydoc v0.2.6
   Compiling thiserror v1.0.69
   Compiling glib-sys v0.18.1
   Compiling thiserror-impl v1.0.69
   Compiling gobject-sys v0.18.0
   Compiling siphasher v1.0.3
   Compiling phf_shared v0.13.1
   Compiling memchr v2.8.2
   Compiling icu_properties_data v2.2.0
   Compiling icu_normalizer_data v2.2.0
   Compiling fastrand v2.4.1
   Compiling gio-sys v0.18.1
   Compiling phf_generator v0.13.1
   Compiling stable_deref_trait v1.2.1
   Compiling cfg-if v1.0.4
   Compiling autocfg v1.5.1
   Compiling semver v1.0.28
   Compiling zmij v1.0.21
   Compiling zerofrom v0.1.8
   Compiling yoke v0.8.3
   Compiling once_cell v1.21.4
   Compiling proc-macro-error-attr v1.0.4
   Compiling syn v1.0.109
   Compiling parking_lot_core v0.9.12
   Compiling zerovec v0.11.6
   Compiling proc-macro-error v1.0.4
   Compiling gdk-sys v0.18.2
   Compiling phf_macros v0.13.1
   Compiling thiserror v2.0.18
   Compiling futures-core v0.3.32
   Compiling pin-project-lite v0.2.17
   Compiling typeid v1.0.3
   Compiling bitflags v2.13.0
   Compiling futures-macro v0.3.32
   Compiling time-core v0.1.9
   Compiling num-conv v0.2.2
   Compiling slab v0.4.12
   Compiling futures-task v0.3.32
   Compiling tinystr v0.8.3
   Compiling rustc_version v0.4.1
   Compiling phf_codegen v0.13.1
   Compiling pango-sys v0.18.0
   Compiling futures-util v0.3.32
   Compiling gdk-pixbuf-sys v0.18.0
   Compiling cairo-sys-rs v0.18.2
   Compiling proc-macro-crate v2.0.2
   Compiling thiserror-impl v2.0.18
   Compiling heck v0.4.1
   Compiling itoa v1.0.18
   Compiling writeable v0.6.3
   Compiling litemap v0.8.2
   Compiling strsim v0.11.1
   Compiling ident_case v1.0.1
   Compiling erased-serde v0.4.10
   Compiling darling_core v0.23.0
   Compiling icu_locale_core v2.2.0
   Compiling glib-macros v0.18.5
   Compiling futures-executor v0.3.32
   Compiling futures-channel v0.3.32
   Compiling potential_utf v0.1.5
   Compiling zerotrie v0.2.4
   Compiling atk-sys v0.18.2
   Compiling utf8_iter v1.0.4
   Compiling icu_collections v2.2.0
   Compiling icu_provider v2.2.0
   Compiling glib v0.18.5
   Compiling darling_macro v0.23.0
   Compiling new_debug_unreachable v1.0.6
   Compiling anyhow v1.0.103
   Compiling scopeguard v1.2.0
   Compiling lock_api v0.4.14
   Compiling darling v0.23.0
   Compiling phf v0.13.1
   Compiling string_cache_codegen v0.6.1
   Compiling getrandom v0.4.3
   Compiling winnow v1.0.3
   Compiling serde_json v1.0.150
   Compiling precomputed-hash v0.1.1
   Compiling toml_parser v1.1.2+spec-1.1.0
   Compiling web_atoms v0.2.5
   Compiling serde_with_macros v3.21.0
   Compiling parking_lot v0.12.5
   Compiling icu_normalizer v2.2.0
   Compiling icu_properties v2.2.0
   Compiling gtk-sys v0.18.2
   Compiling serde_spanned v1.1.1
   Compiling toml_writer v1.1.1+spec-1.1.0
   Compiling gio v0.18.4
   Compiling ctor-proc-macro v0.0.7
   Compiling idna_adapter v1.2.2
   Compiling string_cache v0.9.0
   Compiling log v0.4.33
   Compiling dtoa v1.0.11
   Compiling utf-8 v0.7.6
   Compiling percent-encoding v2.3.2
   Compiling futures-io v0.3.32
   Compiling form_urlencoded v1.2.2
   Compiling tendril v0.5.0
   Compiling dtoa-short v0.3.5
   Compiling uuid v1.23.4
   Compiling idna v1.1.0
   Compiling selectors v0.36.1
   Compiling aho-corasick v1.1.4
   Compiling indexmap v1.9.3
   Compiling derive_more-impl v2.1.1
   Compiling cssparser-macros v0.6.1
   Compiling toml_datetime v1.1.1+spec-1.1.0
   Compiling unic-char-range v0.9.0
   Compiling regex-syntax v0.8.11
   Compiling camino v1.2.4
   Compiling alloc-no-stdlib v2.0.4
   Compiling unic-common v0.9.0
   Compiling byteorder v1.5.0
   Compiling unic-ucd-version v0.9.0
   Compiling alloc-stdlib v0.2.4
   Compiling regex-automata v0.4.14
   Compiling unic-char-property v0.9.0
   Compiling toml v1.1.2+spec-1.1.0
   Compiling cssparser v0.36.0
   Compiling derive_more v2.1.1
   Compiling url v2.5.8
   Compiling markup5ever v0.38.0
   Compiling servo_arc v0.4.3
   Compiling serde_derive_internals v0.29.1
   Compiling rustc-hash v2.1.3
   Compiling powerfmt v0.2.0
   Compiling schemars v0.8.22
   Compiling hashbrown v0.12.3
   Compiling bit-vec v0.8.0
   Compiling fnv v1.0.7
   Compiling deranged v0.5.8
   Compiling time v0.3.53
   Compiling cfb v0.7.3
   Compiling bit-set v0.8.0
   Compiling schemars_derive v0.8.22
   Compiling html5ever v0.38.0
   Compiling regex v1.12.4
   Compiling unic-ucd-ident v0.9.0
   Compiling brotli-decompressor v5.0.3
   Compiling jsonptr v0.6.3
   Compiling quick-xml v0.39.4
   Compiling memoffset v0.9.1
   Compiling cargo-platform v0.1.9
   Compiling foldhash v0.2.0
   Compiling crc32fast v1.5.0
   Compiling base64 v0.22.1
   Compiling dunce v1.0.5
   Compiling dyn-clone v1.0.20
   Compiling same-file v1.0.6
   Compiling bytes v1.12.0
   Compiling walkdir v2.5.0
   Compiling http v1.4.2
   Compiling plist v1.9.0
   Compiling dom_query v0.27.0
   Compiling cargo_metadata v0.19.2
   Compiling json-patch v3.0.1
   Compiling brotli v8.0.4
   Compiling urlpattern v0.3.0
   Compiling serde-untagged v0.1.9
   Compiling infer v0.19.0
   Compiling pango v0.18.3
   Compiling gdk-pixbuf v0.18.5
   Compiling ctor v0.8.0
   Compiling serde_with v3.21.0
   Compiling cairo-rs v0.18.5
   Compiling field-offset v0.3.6
   Compiling toml_edit v0.19.15
   Compiling glob v0.3.3
   Compiling proc-macro-crate v1.3.1
   Compiling tauri-utils v2.9.3
   Compiling gdk v0.18.2
   Compiling gtk v0.18.2
   Compiling gtk3-macros v0.18.2
   Compiling atk v0.18.2
   Compiling find-msvc-tools v0.1.9
   Compiling shlex v2.0.1
   Compiling cc v1.2.65
   Compiling generic-array v0.14.7
   Compiling soup3-sys v0.5.0
   Compiling javascriptcore-rs-sys v1.1.1
   Compiling toml_datetime v0.7.5+spec-1.1.0
   Compiling option-ext v0.2.0
   Compiling winnow v0.7.15
   Compiling toml v0.9.12+spec-1.1.0
   Compiling dirs-sys v0.5.0
   Compiling embed-resource v3.0.11
   Compiling time-macros v0.2.31
   Compiling webkit2gtk-sys v2.0.2
   Compiling x11 v2.21.0
   Compiling simd-adler32 v0.3.9
   Compiling typenum v1.20.1
   Compiling crossbeam-utils v0.8.21
   Compiling tauri-winres v0.3.6
   Compiling dirs v6.0.0
   Compiling cargo_toml v0.22.3
   Compiling dpi v0.1.2
   Compiling gdkx11-sys v0.18.2
   Compiling adler2 v2.0.1
   Compiling bitflags v1.3.2
   Compiling miniz_oxide v0.8.9
   Compiling tauri-build v2.6.3
   Compiling cookie v0.18.1
   Compiling libdbus-sys v0.2.7
   Compiling x11-dl v2.21.0
   Compiling crossbeam-channel v0.5.15
   Compiling flate2 v1.1.9
   Compiling javascriptcore-rs v1.1.2
   Compiling soup3 v0.5.0
   Compiling crypto-common v0.1.7
   Compiling block-buffer v0.10.4
   Compiling fdeflate v0.3.7
   Compiling raw-window-handle v0.6.2
   Compiling png v0.17.16
   Compiling digest v0.10.7
   Compiling webkit2gtk v2.0.2
   Compiling tauri v2.11.5
   Compiling libloading v0.7.4
   Compiling cpufeatures v0.2.17
   Compiling errno v0.3.14
   Compiling dlopen2_derive v0.4.3
   Compiling unicode-segmentation v1.13.3
   Compiling wry v0.55.1
   Compiling signal-hook v0.3.18
   Compiling tauri-runtime v2.11.3
   Compiling keyboard-types v0.7.0
   Compiling dlopen2 v0.8.2
   Compiling signal-hook-registry v1.4.8
   Compiling sha2 v0.10.9
   Compiling libappindicator-sys v0.9.0
   Compiling dbus v0.9.11
   Compiling ico v0.5.0
   Compiling gdkx11 v0.18.2
   Compiling tauri-plugin v2.6.3
   Compiling gdkwayland-sys v0.18.2
   Compiling getrandom v0.3.4
   Compiling tauri-runtime-wry v2.11.4
   Compiling tao v0.35.3
   Compiling tauri-plugin-shell v2.3.5
   Compiling png v0.18.1
   Compiling tauri-codegen v2.6.3
   Compiling libappindicator v0.9.0
   Compiling muda v0.19.3
   Compiling is-docker v0.2.0
   Compiling os_pipe v1.2.3
   Compiling serialize-to-javascript-impl v0.1.2
   Compiling serialize-to-javascript v0.1.2
   Compiling tray-icon v0.24.1
   Compiling sigchld v0.2.4
   Compiling is-wsl v0.4.0
   Compiling tauri-macros v2.6.3
   Compiling tokio v1.52.3
   Compiling serde_repr v0.1.20
   Compiling mime v0.3.17
   Compiling open v5.3.6
   Compiling shared_child v1.1.1
   Compiling openburnbar-linux-desktop v0.1.0 (/workspace/apps/linux-desktop/src-tauri)
   Compiling encoding_rs v0.8.35
error: proc macro panicked
   --> src/lib.rs:266:16
    |
266 |         .build(tauri::generate_context!())
    |                ^^^^^^^^^^^^^^^^^^^^^^^^^^
    |
    = help: message: failed to open icon /workspace/apps/linux-desktop/src-tauri/icons/icon.png: No such file or directory (os error 2)

error[E0277]: the trait bound `DaemonHealth: serde::Deserialize<'de>` is not satisfied
    --> src/lib.rs:181:62
     |
 181 |             if let Ok(mut parsed) = serde_json::from_slice::<DaemonHealth>(&output.stdout) {
     |                                                              ^^^^^^^^^^^^ unsatisfied trait bound
     |
help: the trait `Deserialize<'_>` is not implemented for `DaemonHealth`
    --> src/lib.rs:14:1
     |
  14 | struct DaemonHealth {
     | ^^^^^^^^^^^^^^^^^^^
     = note: for local types consider adding `#[derive(serde::Deserialize)]` to your `DaemonHealth` type
     = note: for types from other crates check whether the crate offers a `serde` feature flag
     = help: the following other types implement trait `Deserialize<'de>`:
               `&'a RawValue` implements `Deserialize<'de>`
               `&'a [u8]` implements `Deserialize<'de>`
               `&'a std::path::Path` implements `Deserialize<'de>`
               `&'a str` implements `Deserialize<'de>`
               `&'p jsonptr::pointer::Pointer` implements `Deserialize<'de>`
               `()` implements `Deserialize<'de>`
               `(T,)` implements `Deserialize<'de>`
               `(T0, T1)` implements `Deserialize<'de>`
             and 485 others
note: required by a bound in `from_slice`
    --> /tmp/cargo-home/registry/src/index.crates.io-1949cf8c6b5b557f/serde_json-1.0.150/src/de.rs:2669:8
     |
2667 | pub fn from_slice<'a, T>(v: &'a [u8]) -> Result<T>
     |        ---------- required by a bound in this function
2668 | where
2669 |     T: de::Deserialize<'a>,
     |        ^^^^^^^^^^^^^^^^^^^ required by this bound in `from_slice`
     = note: the full name for the type has been written to '/workspace/apps/linux-desktop/src-tauri/target/release/deps/openburnbar_linux_desktop_lib.long-type-4170590675208732393.txt'
     = note: consider using `--verbose` to print the full type name to the console

For more information about this error, try `rustc --explain E0277`.
error: could not compile `openburnbar-linux-desktop` (lib) due to 2 previous errors
failed to build app: failed to build app
       Error failed to build app: failed to build app

