== runner ==
Linux 76433d7d4bc7 6.12.76-linuxkit #1 SMP Thu Jun 18 21:12:39 UTC 2026 aarch64 aarch64 aarch64 GNU/Linux
PRETTY_NAME="Ubuntu 24.04.4 LTS"
NAME="Ubuntu"
VERSION_ID="24.04"
VERSION="24.04.4 LTS (Noble Numbat)"
VERSION_CODENAME=noble
ID=ubuntu
ID_LIKE=debian
HOME_URL="https://www.ubuntu.com/"
SUPPORT_URL="https://help.ubuntu.com/"
BUG_REPORT_URL="https://bugs.launchpad.net/ubuntu/"
PRIVACY_POLICY_URL="https://www.ubuntu.com/legal/terms-and-policies/privacy-policy"
UBUNTU_CODENAME=noble
LOGO=ubuntu-logo
== swift ==
Swift version 6.2.4 (swift-6.2.4-RELEASE)
Target: aarch64-unknown-linux-gnu
swift-smoke-ok
== node-npm ==
v18.19.1
9.2.0
{"nodeSmoke":true,"platform":"linux","arch":"arm64"}
== rust-cargo ==
rustc 1.96.0 (ac68faa20 2026-05-25)
cargo 1.96.0 (30a34c682 2026-05-25)
Hello, world!
== sqlite-sqlcipher ==
3.45.1 2024-01-30 16:01:20 e876e51a0ed5c5b3126f52e532044363a014bc594cfefa87ffb5b82257ccalt1 (64-bit)
/opt/openburnbar/sqlcipher/bin/sqlcipher
3.44.2 2023-11-24 11:41:44 ebead0e7230cd33bcec9f95d2183069565b9e709bf745c9b5db65cc0cbf9alt1 (64-bit) (SQLCipher 4.5.6 community)
3.45.1
3.44.2
-I/opt/openburnbar/sqlcipher/include/sqlcipher -L/opt/openburnbar/sqlcipher/lib -lsqlcipher 
	linux-vdso.so.1 (0x0000ffffaa81a000)
	libreadline.so.8 => /lib/aarch64-linux-gnu/libreadline.so.8 (0x0000ffffaa5a0000)
	libm.so.6 => /lib/aarch64-linux-gnu/libm.so.6 (0x0000ffffaa4f0000)
	libz.so.1 => /lib/aarch64-linux-gnu/libz.so.1 (0x0000ffffaa4b0000)
	libcrypto.so.3 => /lib/aarch64-linux-gnu/libcrypto.so.3 (0x0000ffffaa030000)
	libc.so.6 => /lib/aarch64-linux-gnu/libc.so.6 (0x0000ffffa9e70000)
	/lib/ld-linux-aarch64.so.1 (0x0000ffffaa7d0000)
	libtinfo.so.6 => /lib/aarch64-linux-gnu/libtinfo.so.6 (0x0000ffffa9e20000)
sqlcipher_version=4.5.6
source_url=https://github.com/sqlcipher/sqlcipher/archive/refs/tags/v4.5.6.tar.gz
source_sha256=e4a527e38e67090c1d2dc41df28270d16c15f7ca5210a3e7ec4c4b8fda36e28f
prefix=/opt/openburnbar/sqlcipher
configure=--enable-tempstore=yes --enable-fts3 --enable-fts4 --enable-fts5 --enable-rtree --with-crypto-lib=openssl
cflags=-O2 -fPIC -DSQLITE_HAS_CODEC -DSQLITE_ENABLE_COLUMN_METADATA -DSQLITE_ENABLE_DBSTAT_VTAB -DSQLITE_ENABLE_STAT4
ldflags=-lcrypto
e4a527e38e67090c1d2dc41df28270d16c15f7ca5210a3e7ec4c4b8fda36e28f  /tmp/sqlcipher.tar.gz
== sqlcipher-codec-fts5 ==
cipher_version=4.5.6 community
ATOMIC_INTRINSICS=1
COMPILER=gcc-13.3.0
DEFAULT_AUTOVACUUM
DEFAULT_CACHE_SIZE=-2000
DEFAULT_FILE_FORMAT=4
DEFAULT_JOURNAL_SIZE_LIMIT=-1
DEFAULT_MMAP_SIZE=0
DEFAULT_PAGE_SIZE=4096
DEFAULT_PCACHE_INITSZ=20
DEFAULT_RECURSIVE_TRIGGERS
DEFAULT_SECTOR_SIZE=4096
DEFAULT_SYNCHRONOUS=2
DEFAULT_WAL_AUTOCHECKPOINT=1000
DEFAULT_WAL_SYNCHRONOUS=2
DEFAULT_WORKER_THREADS=0
DQS=0
ENABLE_BYTECODE_VTAB
ENABLE_COLUMN_METADATA
ENABLE_DBPAGE_VTAB
ENABLE_DBSTAT_VTAB
ENABLE_EXPLAIN_COMMENTS
ENABLE_FTS3
ENABLE_FTS4
ENABLE_FTS5
ENABLE_MATH_FUNCTIONS
ENABLE_OFFSET_SQL_FUNC
ENABLE_RTREE
ENABLE_STAT4
ENABLE_STMTVTAB
ENABLE_UNKNOWN_SQL_FUNCTION
HAS_CODEC
HAVE_ISNAN
MALLOC_SOFT_LIMIT=1024
MAX_ATTACHED=10
MAX_COLUMN=2000
MAX_COMPOUND_SELECT=500
MAX_DEFAULT_PAGE_SIZE=8192
MAX_EXPR_DEPTH=1000
MAX_FUNCTION_ARG=127
MAX_LENGTH=1000000000
MAX_LIKE_PATTERN_LENGTH=50000
MAX_MMAP_SIZE=0x7fff0000
MAX_PAGE_COUNT=1073741823
MAX_PAGE_SIZE=65536
MAX_SQL_LENGTH=1000000000
MAX_TRIGGER_DEPTH=1000
MAX_VARIABLE_NUMBER=32766
MAX_VDBE_OP=250000000
MAX_WORKER_THREADS=8
MUTEX_PTHREADS
SYSTEM_MALLOC
TEMP_STORE=1
THREADSAFE=1
fts5_query_result=Toolchain|SQLCipher encrypted searchable schema proof
encrypted_header_hex=1ec484e69d6f3a3b5746eb34d13c2189
plain_sqlite_rejected=Error: in prepare, file is not a database (26) 
wrong_key_rejected=Error: in prepare, file is not a database (26) 
== linux-desktop-libs ==
2.52.3
0.5.90
0.21.4
1.0.5
1.14.10
xdg-desktop-portal=1.18.4-1ubuntu2.24.04.2
xdg-desktop-portal 1.18.4
xdg-desktop-portal-gtk=1.15.1-1build2
xdg-desktop-portal-gtk executable present; --version requires a display in this headless container

(xdg-desktop-portal-gtk:161): Gtk-WARNING **: 03:26:44.198: cannot open display: 
1.2.1
2.52.0
1.8.7
1.5.2
1.15
1.6.0
/usr/bin/Xvfb
/usr/bin/openbox
/usr/bin/xfce4-panel
/usr/bin/xdotool
/usr/bin/scrot
/usr/bin/gdbus
xfce4-sntray-plugin=0.4.13.1-2build3
ayatana-indicator-application=22.2.0-1build2
libkf5wallet-dev=5.115.0-0ubuntu3
== package-signing-tools ==
Debian 'dpkg-deb' package archive backend version 1.22.6 (arm64).
Debian dpkg-buildpackage version 1.22.6.
fakeroot version 1.33
RPM version 4.18.2
mksquashfs version 4.6.1 (2023/03/25)
gpg (GnuPG) 2.4.4
patchelf 0.18.0
file-5.45
== package-version-manifest ==
swift=official-swift-docker swift-6.2.4-RELEASE ubuntu24.04 52BB7E3DE28A71BE22EC05FFEF80A866B47A981F
rustc=rustc 1.96.0 (ac68faa20 2026-05-25)
cargo=cargo 1.96.0 (30a34c682 2026-05-25)
at-spi2-core=2.52.0-1build1
ayatana-indicator-application=22.2.0-1build2
curl=8.5.0-2ubuntu10.10
dbus=1.14.10-4ubuntu4.1
dbus-x11=1.14.10-4ubuntu4.1
dpkg-dev=1.22.6ubuntu6.6
fakeroot=1.33-1
file=1:5.45-3build1
gnupg=2.4.4-2ubuntu17.4
libatspi2.0-dev:arm64=2.52.0-1build1
libayatana-appindicator3-dev=0.5.93-1build3
libei-dev:arm64=1.2.1-1
libkf5wallet-dev:arm64=5.115.0-0ubuntu3
libpipewire-0.3-dev:arm64=1.0.5-1ubuntu3.2
libreadline-dev:arm64=8.2-4build1
libsecret-1-dev:arm64=0.21.4-1build3
libwebkit2gtk-4.1-dev=2.52.3-0ubuntu0.24.04.1
libx11-dev:arm64=2:1.8.7-1build1
libxcb1-dev:arm64=1.15-1ubuntu2
libxkbcommon-dev:arm64=1.6.0-1build1
libxrandr-dev:arm64=2:1.5.2-2build1
nodejs=18.19.1+dfsg-6ubuntu5
npm=9.2.0~ds1-2
openbox=3.6.1-12build5
patchelf=0.18.0-1.1build1
pipewire:arm64=1.0.5-1ubuntu3.2
rpm=4.18.2+dfsg-2.1build2
scrot=1.10-1build2
sqlite3=3.45.1-1ubuntu2.6
squashfs-tools=1:4.6.1-1build1
tcl=8.6.14build1
x11-utils=7.7+6build2
xdg-desktop-portal=1.18.4-1ubuntu2.24.04.2
xdg-desktop-portal-gtk=1.15.1-1build2
xdotool=1:3.20160805.1-5build1
xfce4-panel=4.18.4-1ubuntu0.1
xfce4-sntray-plugin=0.4.13.1-2build3
xvfb=2:21.1.12-1ubuntu1.6
zlib1g-dev:arm64=1:1.3.dfsg-3.1ubuntu2.1
openburnbar-linux-toolchain-smoke-ok
