warning: 'grdb-sqlcipher': /private/tmp/openburnbar-linux-mission-001/Vendor/GRDB-SQLCipher/Package.swift:52:19: warning: 'v4' is deprecated: watchOS 9.0 is the oldest supported version [#DeprecatedDeclaration]
50 |         .macOS(.v10_13),
51 |         .tvOS(.v11),
52 |         .watchOS(.v4),
   |                   `- warning: 'v4' is deprecated: watchOS 9.0 is the oldest supported version [#DeprecatedDeclaration]
53 |     ],
54 |     products: [

[#DeprecatedDeclaration]: <https://docs.swift.org/compiler/documentation/diagnostics/deprecated-declaration>
Fetching https://github.com/apple/swift-crypto.git from cache
Fetching https://github.com/sqlcipher/SQLCipher.swift.git from cache
warning: 'swift-crypto': skipping cache due to an error: The file “commit-graph-chain.lock” doesn’t exist.
Fetched https://github.com/sqlcipher/SQLCipher.swift.git from cache (2.08s)
[1/17784] Fetching swift-crypto
Fetched https://github.com/apple/swift-crypto.git (23.78s)
Computing version for https://github.com/sqlcipher/SQLCipher.swift.git
warning: 'sqlcipher.swift': /Package.swift:12:19: warning: 'v4' is deprecated: watchOS 9.0 is the oldest supported version [#DeprecatedDeclaration]
10 |         .macOS(.v10_13),
11 |         .macCatalyst(.v13),
12 |         .watchOS(.v4),
   |                   `- warning: 'v4' is deprecated: watchOS 9.0 is the oldest supported version [#DeprecatedDeclaration]
13 |         .tvOS(.v12),
14 |         .visionOS(.v1)

[#DeprecatedDeclaration]: <https://docs.swift.org/compiler/documentation/diagnostics/deprecated-declaration>
Computed https://github.com/sqlcipher/SQLCipher.swift.git at 4.16.0 (24.18s)
Computing version for https://github.com/apple/swift-crypto.git
Computed https://github.com/apple/swift-crypto.git at 3.15.1 (0.47s)
Fetching https://github.com/apple/swift-asn1.git from cache
Fetched https://github.com/apple/swift-asn1.git from cache (2.04s)
Computing version for https://github.com/apple/swift-asn1.git
Computed https://github.com/apple/swift-asn1.git at 1.7.1 (2.60s)
Creating working copy for https://github.com/apple/swift-crypto.git
Working copy of https://github.com/apple/swift-crypto.git resolved at 3.15.1
Creating working copy for https://github.com/apple/swift-asn1.git
Working copy of https://github.com/apple/swift-asn1.git resolved at 1.7.1
Creating working copy for https://github.com/sqlcipher/SQLCipher.swift.git
Working copy of https://github.com/sqlcipher/SQLCipher.swift.git resolved at 4.16.0
warning: 'sqlcipher.swift': /private/tmp/openburnbar-model-parity-macos-build/checkouts/SQLCipher.swift/Package.swift:12:19: warning: 'v4' is deprecated: watchOS 9.0 is the oldest supported version [#DeprecatedDeclaration]
10 |         .macOS(.v10_13),
11 |         .macCatalyst(.v13),
12 |         .watchOS(.v4),
   |                   `- warning: 'v4' is deprecated: watchOS 9.0 is the oldest supported version [#DeprecatedDeclaration]
13 |         .tvOS(.v12),
14 |         .visionOS(.v1)

[#DeprecatedDeclaration]: <https://docs.swift.org/compiler/documentation/diagnostics/deprecated-declaration>
Downloading binary artifact https://github.com/sqlcipher/SQLCipher.swift/releases/download/4.16.0/SQLCipher.xcframework.zip
[0/100] Downloading https://github.com/sqlcipher/SQLCipher.swift/releases/download/4.16.0/SQLCipher.xcframework.zip (5 KB / 50.2 MB)
[0/100] Downloading https://github.com/sqlcipher/SQLCipher.swift/releases/download/4.16.0/SQLCipher.xcframework.zip (13 KB / 50.2 MB)
[0/100] Downloading https://github.com/sqlcipher/SQLCipher.swift/releases/download/4.16.0/SQLCipher.xcframework.zip (18 KB / 50.2 MB)
[0/100] Downloading https://github.com/sqlcipher/SQLCipher.swift/releases/download/4.16.0/SQLCipher.xcframework.zip (58 KB / 50.2 MB)
[0/100] Downloading https://github.com/sqlcipher/SQLCipher.swift/releases/download/4.16.0/SQLCipher.xcframework.zip (71 KB / 50.2 MB)
[0/100] Downloading https://github.com/sqlcipher/SQLCipher.swift/releases/download/4.16.0/SQLCipher.xcframework.zip (129 KB / 50.2 MB)
[0/100] Downloading https://github.com/sqlcipher/SQLCipher.swift/releases/download/4.16.0/SQLCipher.xcframework.zip (211 KB / 50.2 MB)
[0/100] Downloading https://github.com/sqlcipher/SQLCipher.swift/releases/download/4.16.0/SQLCipher.xcframework.zip (293 KB / 50.2 MB)
[0/100] Downloading https://github.com/sqlcipher/SQLCipher.swift/releases/download/4.16.0/SQLCipher.xcframework.zip (391 KB / 50.2 MB)
[0/100] Downloading https://github.com/sqlcipher/SQLCipher.swift/releases/download/4.16.0/SQLCipher.xcframework.zip (490 KB / 50.2 MB)
[1/100] Downloading https://github.com/sqlcipher/SQLCipher.swift/releases/download/4.16.0/SQLCipher.xcframework.zip (588 KB / 50.2 MB)
[1/100] Downloading https://github.com/sqlcipher/SQLCipher.swift/releases/download/4.16.0/SQLCipher.xcframework.zip (621 KB / 50.2 MB)
[1/100] Downloading https://github.com/sqlcipher/SQLCipher.swift/releases/download/4.16.0/SQLCipher.xcframework.zip (735 KB / 50.2 MB)
[1/100] Downloading https://github.com/sqlcipher/SQLCipher.swift/releases/download/4.16.0/SQLCipher.xcframework.zip (785 KB / 50.2 MB)
[1/100] Downloading https://github.com/sqlcipher/SQLCipher.swift/releases/download/4.16.0/SQLCipher.xcframework.zip (867 KB / 50.2 MB)
[1/100] Downloading https://github.com/sqlcipher/SQLCipher.swift/releases/download/4.16.0/SQLCipher.xcframework.zip (965 KB / 50.2 MB)
[2/100] Downloading https://github.com/sqlcipher/SQLCipher.swift/releases/download/4.16.0/SQLCipher.xcframework.zip (1.1 MB / 50.2 MB)
[2/100] Downloading https://github.com/sqlcipher/SQLCipher.swift/releases/download/4.16.0/SQLCipher.xcframework.zip (1.2 MB / 50.2 MB)
[2/100] Downloading https://github.com/sqlcipher/SQLCipher.swift/releases/download/4.16.0/SQLCipher.xcframework.zip (1.3 MB / 50.2 MB)
[2/100] Downloading https://github.com/sqlcipher/SQLCipher.swift/releases/download/4.16.0/SQLCipher.xcframework.zip (1.4 MB / 50.2 MB)
[3/100] Downloading https://github.com/sqlcipher/SQLCipher.swift/releases/download/4.16.0/SQLCipher.xcframework.zip (1.5 MB / 50.2 MB)
[3/100] Downloading https://github.com/sqlcipher/SQLCipher.swift/releases/download/4.16.0/SQLCipher.xcframework.zip (1.6 MB / 50.2 MB)
[3/100] Downloading https://github.com/sqlcipher/SQLCipher.swift/releases/download/4.16.0/SQLCipher.xcframework.zip (1.7 MB / 50.2 MB)
[3/100] Downloading https://github.com/sqlcipher/SQLCipher.swift/releases/download/4.16.0/SQLCipher.xcframework.zip (1.8 MB / 50.2 MB)
[3/100] Downloading https://github.com/sqlcipher/SQLCipher.swift/releases/download/4.16.0/SQLCipher.xcframework.zip (1.9 MB / 50.2 MB)
[4/100] Downloading https://github.com/sqlcipher/SQLCipher.swift/releases/download/4.16.0/SQLCipher.xcframework.zip (2.1 MB / 50.2 MB)
[4/100] Downloading https://github.com/sqlcipher/SQLCipher.swift/releases/download/4.16.0/SQLCipher.xcframework.zip (2.2 MB / 50.2 MB)
[4/100] Downloading https://github.com/sqlcipher/SQLCipher.swift/releases/download/4.16.0/SQLCipher.xcframework.zip (2.3 MB / 50.2 MB)
[4/100] Downloading https://github.com/sqlcipher/SQLCipher.swift/releases/download/4.16.0/SQLCipher.xcframework.zip (2.4 MB / 50.2 MB)
[5/100] Downloading https://github.com/sqlcipher/SQLCipher.swift/releases/download/4.16.0/SQLCipher.xcframework.zip (2.5 MB / 50.2 MB)
[5/100] Downloading https://github.com/sqlcipher/SQLCipher.swift/releases/download/4.16.0/SQLCipher.xcframework.zip (2.6 MB / 50.2 MB)
[5/100] Downloading https://github.com/sqlcipher/SQLCipher.swift/releases/download/4.16.0/SQLCipher.xcframework.zip (2.8 MB / 50.2 MB)
[5/100] Downloading https://github.com/sqlcipher/SQLCipher.swift/releases/download/4.16.0/SQLCipher.xcframework.zip (2.9 MB / 50.2 MB)
[5/100] Downloading https://github.com/sqlcipher/SQLCipher.swift/releases/download/4.16.0/SQLCipher.xcframework.zip (3 MB / 50.2 MB)
[6/100] Downloading https://github.com/sqlcipher/SQLCipher.swift/releases/download/4.16.0/SQLCipher.xcframework.zip (3.1 MB / 50.2 MB)
[6/100] Downloading https://github.com/sqlcipher/SQLCipher.swift/releases/download/4.16.0/SQLCipher.xcframework.zip (3.2 MB / 50.2 MB)
[6/100] Downloading https://github.com/sqlcipher/SQLCipher.swift/releases/download/4.16.0/SQLCipher.xcframework.zip (3.3 MB / 50.2 MB)
[6/100] Downloading https://github.com/sqlcipher/SQLCipher.swift/releases/download/4.16.0/SQLCipher.xcframework.zip (3.4 MB / 50.2 MB)
[7/100] Downloading https://github.com/sqlcipher/SQLCipher.swift/releases/download/4.16.0/SQLCipher.xcframework.zip (3.5 MB / 50.2 MB)
[7/100] Downloading https://github.com/sqlcipher/SQLCipher.swift/releases/download/4.16.0/SQLCipher.xcframework.zip (3.7 MB / 50.2 MB)
[7/100] Downloading https://github.com/sqlcipher/SQLCipher.swift/releases/download/4.16.0/SQLCipher.xcframework.zip (3.8 MB / 50.2 MB)
[7/100] Downloading https://github.com/sqlcipher/SQLCipher.swift/releases/download/4.16.0/SQLCipher.xcframework.zip (3.9 MB / 50.2 MB)
[8/100] Downloading https://github.com/sqlcipher/SQLCipher.swift/releases/download/4.16.0/SQLCipher.xcframework.zip (4.1 MB / 50.2 MB)
[8/100] Downloading https://github.com/sqlcipher/SQLCipher.swift/releases/download/4.16.0/SQLCipher.xcframework.zip (4.4 MB / 50.2 MB)
[9/100] Downloading https://github.com/sqlcipher/SQLCipher.swift/releases/download/4.16.0/SQLCipher.xcframework.zip (4.6 MB / 50.2 MB)
[9/100] Downloading https://github.com/sqlcipher/SQLCipher.swift/releases/download/4.16.0/SQLCipher.xcframework.zip (4.8 MB / 50.2 MB)
[9/100] Downloading https://github.com/sqlcipher/SQLCipher.swift/releases/download/4.16.0/SQLCipher.xcframework.zip (5 MB / 50.2 MB)
[10/100] Downloading https://github.com/sqlcipher/SQLCipher.swift/releases/download/4.16.0/SQLCipher.xcframework.zip (5.2 MB / 50.2 MB)
[10/100] Downloading https://github.com/sqlcipher/SQLCipher.swift/releases/download/4.16.0/SQLCipher.xcframework.zip (5.4 MB / 50.2 MB)
[10/100] Downloading https://github.com/sqlcipher/SQLCipher.swift/releases/download/4.16.0/SQLCipher.xcframework.zip (5.5 MB / 50.2 MB)
[11/100] Downloading https://github.com/sqlcipher/SQLCipher.swift/releases/download/4.16.0/SQLCipher.xcframework.zip (5.8 MB / 50.2 MB)
[12/100] Downloading https://github.com/sqlcipher/SQLCipher.swift/releases/download/4.16.0/SQLCipher.xcframework.zip (6 MB / 50.2 MB)
[12/100] Downloading https://github.com/sqlcipher/SQLCipher.swift/releases/download/4.16.0/SQLCipher.xcframework.zip (6.1 MB / 50.2 MB)
[12/100] Downloading https://github.com/sqlcipher/SQLCipher.swift/releases/download/4.16.0/SQLCipher.xcframework.zip (6.3 MB / 50.2 MB)
[13/100] Downloading https://github.com/sqlcipher/SQLCipher.swift/releases/download/4.16.0/SQLCipher.xcframework.zip (6.6 MB / 50.2 MB)
[13/100] Downloading https://github.com/sqlcipher/SQLCipher.swift/releases/download/4.16.0/SQLCipher.xcframework.zip (6.7 MB / 50.2 MB)
[13/100] Downloading https://github.com/sqlcipher/SQLCipher.swift/releases/download/4.16.0/SQLCipher.xcframework.zip (6.9 MB / 50.2 MB)
[14/100] Downloading https://github.com/sqlcipher/SQLCipher.swift/releases/download/4.16.0/SQLCipher.xcframework.zip (7.2 MB / 50.2 MB)
[15/100] Downloading https://github.com/sqlcipher/SQLCipher.swift/releases/download/4.16.0/SQLCipher.xcframework.zip (7.5 MB / 50.2 MB)
[15/100] Downloading https://github.com/sqlcipher/SQLCipher.swift/releases/download/4.16.0/SQLCipher.xcframework.zip (7.8 MB / 50.2 MB)
[15/100] Downloading https://github.com/sqlcipher/SQLCipher.swift/releases/download/4.16.0/SQLCipher.xcframework.zip (7.9 MB / 50.2 MB)
[16/100] Downloading https://github.com/sqlcipher/SQLCipher.swift/releases/download/4.16.0/SQLCipher.xcframework.zip (8.1 MB / 50.2 MB)
[16/100] Downloading https://github.com/sqlcipher/SQLCipher.swift/releases/download/4.16.0/SQLCipher.xcframework.zip (8.4 MB / 50.2 MB)
[17/100] Downloading https://github.com/sqlcipher/SQLCipher.swift/releases/download/4.16.0/SQLCipher.xcframework.zip (8.7 MB / 50.2 MB)
[17/100] Downloading https://github.com/sqlcipher/SQLCipher.swift/releases/download/4.16.0/SQLCipher.xcframework.zip (8.8 MB / 50.2 MB)
[17/100] Downloading https://github.com/sqlcipher/SQLCipher.swift/releases/download/4.16.0/SQLCipher.xcframework.zip (8.9 MB / 50.2 MB)
[18/100] Downloading https://github.com/sqlcipher/SQLCipher.swift/releases/download/4.16.0/SQLCipher.xcframework.zip (9.1 MB / 50.2 MB)
[18/100] Downloading https://github.com/sqlcipher/SQLCipher.swift/releases/download/4.16.0/SQLCipher.xcframework.zip (9.4 MB / 50.2 MB)
[19/100] Downloading https://github.com/sqlcipher/SQLCipher.swift/releases/download/4.16.0/SQLCipher.xcframework.zip (9.7 MB / 50.2 MB)
[19/100] Downloading https://github.com/sqlcipher/SQLCipher.swift/releases/download/4.16.0/SQLCipher.xcframework.zip (10 MB / 50.2 MB)
[20/100] Downloading https://github.com/sqlcipher/SQLCipher.swift/releases/download/4.16.0/SQLCipher.xcframework.zip (10.3 MB / 50.2 MB)
[20/100] Downloading https://github.com/sqlcipher/SQLCipher.swift/releases/download/4.16.0/SQLCipher.xcframework.zip (10.4 MB / 50.2 MB)
[21/100] Downloading https://github.com/sqlcipher/SQLCipher.swift/releases/download/4.16.0/SQLCipher.xcframework.zip (10.7 MB / 50.2 MB)
[21/100] Downloading https://github.com/sqlcipher/SQLCipher.swift/releases/download/4.16.0/SQLCipher.xcframework.zip (11 MB / 50.2 MB)
[22/100] Downloading https://github.com/sqlcipher/SQLCipher.swift/releases/download/4.16.0/SQLCipher.xcframework.zip (11.1 MB / 50.2 MB)
[22/100] Downloading https://github.com/sqlcipher/SQLCipher.swift/releases/download/4.16.0/SQLCipher.xcframework.zip (11.2 MB / 50.2 MB)
[22/100] Downloading https://github.com/sqlcipher/SQLCipher.swift/releases/download/4.16.0/SQLCipher.xcframework.zip (11.4 MB / 50.2 MB)
[22/100] Downloading https://github.com/sqlcipher/SQLCipher.swift/releases/download/4.16.0/SQLCipher.xcframework.zip (11.5 MB / 50.2 MB)
[23/100] Downloading https://github.com/sqlcipher/SQLCipher.swift/releases/download/4.16.0/SQLCipher.xcframework.zip (11.7 MB / 50.2 MB)
[23/100] Downloading https://github.com/sqlcipher/SQLCipher.swift/releases/download/4.16.0/SQLCipher.xcframework.zip (11.8 MB / 50.2 MB)
[23/100] Downloading https://github.com/sqlcipher/SQLCipher.swift/releases/download/4.16.0/SQLCipher.xcframework.zip (12 MB / 50.2 MB)
[24/100] Downloading https://github.com/sqlcipher/SQLCipher.swift/releases/download/4.16.0/SQLCipher.xcframework.zip (12.1 MB / 50.2 MB)
[24/100] Downloading https://github.com/sqlcipher/SQLCipher.swift/releases/download/4.16.0/SQLCipher.xcframework.zip (12.4 MB / 50.2 MB)
[24/100] Downloading https://github.com/sqlcipher/SQLCipher.swift/releases/download/4.16.0/SQLCipher.xcframework.zip (12.5 MB / 50.2 MB)
[25/100] Downloading https://github.com/sqlcipher/SQLCipher.swift/releases/download/4.16.0/SQLCipher.xcframework.zip (12.8 MB / 50.2 MB)
[26/100] Downloading https://github.com/sqlcipher/SQLCipher.swift/releases/download/4.16.0/SQLCipher.xcframework.zip (13.1 MB / 50.2 MB)
[26/100] Downloading https://github.com/sqlcipher/SQLCipher.swift/releases/download/4.16.0/SQLCipher.xcframework.zip (13.2 MB / 50.2 MB)
[26/100] Downloading https://github.com/sqlcipher/SQLCipher.swift/releases/download/4.16.0/SQLCipher.xcframework.zip (13.3 MB / 50.2 MB)
[26/100] Downloading https://github.com/sqlcipher/SQLCipher.swift/releases/download/4.16.0/SQLCipher.xcframework.zip (13.5 MB / 50.2 MB)
[27/100] Downloading https://github.com/sqlcipher/SQLCipher.swift/releases/download/4.16.0/SQLCipher.xcframework.zip (13.7 MB / 50.2 MB)
[27/100] Downloading https://github.com/sqlcipher/SQLCipher.swift/releases/download/4.16.0/SQLCipher.xcframework.zip (13.9 MB / 50.2 MB)
[28/100] Downloading https://github.com/sqlcipher/SQLCipher.swift/releases/download/4.16.0/SQLCipher.xcframework.zip (14.2 MB / 50.2 MB)
[28/100] Downloading https://github.com/sqlcipher/SQLCipher.swift/releases/download/4.16.0/SQLCipher.xcframework.zip (14.5 MB / 50.2 MB)
[29/100] Downloading https://github.com/sqlcipher/SQLCipher.swift/releases/download/4.16.0/SQLCipher.xcframework.zip (14.8 MB / 50.2 MB)
[30/100] Downloading https://github.com/sqlcipher/SQLCipher.swift/releases/download/4.16.0/SQLCipher.xcframework.zip (15.1 MB / 50.2 MB)
[30/100] Downloading https://github.com/sqlcipher/SQLCipher.swift/releases/download/4.16.0/SQLCipher.xcframework.zip (15.3 MB / 50.2 MB)
[30/100] Downloading https://github.com/sqlcipher/SQLCipher.swift/releases/download/4.16.0/SQLCipher.xcframework.zip (15.5 MB / 50.2 MB)
[30/100] Downloading https://github.com/sqlcipher/SQLCipher.swift/releases/download/4.16.0/SQLCipher.xcframework.zip (15.6 MB / 50.2 MB)
[31/100] Downloading https://github.com/sqlcipher/SQLCipher.swift/releases/download/4.16.0/SQLCipher.xcframework.zip (15.8 MB / 50.2 MB)
[32/100] Downloading https://github.com/sqlcipher/SQLCipher.swift/releases/download/4.16.0/SQLCipher.xcframework.zip (16.1 MB / 50.2 MB)
[32/100] Downloading https://github.com/sqlcipher/SQLCipher.swift/releases/download/4.16.0/SQLCipher.xcframework.zip (16.3 MB / 50.2 MB)
[33/100] Downloading https://github.com/sqlcipher/SQLCipher.swift/releases/download/4.16.0/SQLCipher.xcframework.zip (16.6 MB / 50.2 MB)
[33/100] Downloading https://github.com/sqlcipher/SQLCipher.swift/releases/download/4.16.0/SQLCipher.xcframework.zip (16.9 MB / 50.2 MB)
[34/100] Downloading https://github.com/sqlcipher/SQLCipher.swift/releases/download/4.16.0/SQLCipher.xcframework.zip (17.1 MB / 50.2 MB)
[34/100] Downloading https://github.com/sqlcipher/SQLCipher.swift/releases/download/4.16.0/SQLCipher.xcframework.zip (17.2 MB / 50.2 MB)
[34/100] Downloading https://github.com/sqlcipher/SQLCipher.swift/releases/download/4.16.0/SQLCipher.xcframework.zip (17.4 MB / 50.2 MB)
[34/100] Downloading https://github.com/sqlcipher/SQLCipher.swift/releases/download/4.16.0/SQLCipher.xcframework.zip (17.5 MB / 50.2 MB)
[35/100] Downloading https://github.com/sqlcipher/SQLCipher.swift/releases/download/4.16.0/SQLCipher.xcframework.zip (17.7 MB / 50.2 MB)
[35/100] Downloading https://github.com/sqlcipher/SQLCipher.swift/releases/download/4.16.0/SQLCipher.xcframework.zip (18 MB / 50.2 MB)
[36/100] Downloading https://github.com/sqlcipher/SQLCipher.swift/releases/download/4.16.0/SQLCipher.xcframework.zip (18.3 MB / 50.2 MB)
[36/100] Downloading https://github.com/sqlcipher/SQLCipher.swift/releases/download/4.16.0/SQLCipher.xcframework.zip (18.5 MB / 50.2 MB)
[37/100] Downloading https://github.com/sqlcipher/SQLCipher.swift/releases/download/4.16.0/SQLCipher.xcframework.zip (18.7 MB / 50.2 MB)
[37/100] Downloading https://github.com/sqlcipher/SQLCipher.swift/releases/download/4.16.0/SQLCipher.xcframework.zip (19 MB / 50.2 MB)
[38/100] Downloading https://github.com/sqlcipher/SQLCipher.swift/releases/download/4.16.0/SQLCipher.xcframework.zip (19.3 MB / 50.2 MB)
[39/100] Downloading https://github.com/sqlcipher/SQLCipher.swift/releases/download/4.16.0/SQLCipher.xcframework.zip (19.6 MB / 50.2 MB)
[39/100] Downloading https://github.com/sqlcipher/SQLCipher.swift/releases/download/4.16.0/SQLCipher.xcframework.zip (19.9 MB / 50.2 MB)
[39/100] Downloading https://github.com/sqlcipher/SQLCipher.swift/releases/download/4.16.0/SQLCipher.xcframework.zip (20.1 MB / 50.2 MB)
[40/100] Downloading https://github.com/sqlcipher/SQLCipher.swift/releases/download/4.16.0/SQLCipher.xcframework.zip (20.3 MB / 50.2 MB)
[40/100] Downloading https://github.com/sqlcipher/SQLCipher.swift/releases/download/4.16.0/SQLCipher.xcframework.zip (20.5 MB / 50.2 MB)
[41/100] Downloading https://github.com/sqlcipher/SQLCipher.swift/releases/download/4.16.0/SQLCipher.xcframework.zip (20.8 MB / 50.2 MB)
[41/100] Downloading https://github.com/sqlcipher/SQLCipher.swift/releases/download/4.16.0/SQLCipher.xcframework.zip (21.1 MB / 50.2 MB)
[42/100] Downloading https://github.com/sqlcipher/SQLCipher.swift/releases/download/4.16.0/SQLCipher.xcframework.zip (21.3 MB / 50.2 MB)
[43/100] Downloading https://github.com/sqlcipher/SQLCipher.swift/releases/download/4.16.0/SQLCipher.xcframework.zip (21.6 MB / 50.2 MB)
[43/100] Downloading https://github.com/sqlcipher/SQLCipher.swift/releases/download/4.16.0/SQLCipher.xcframework.zip (21.9 MB / 50.2 MB)
[43/100] Downloading https://github.com/sqlcipher/SQLCipher.swift/releases/download/4.16.0/SQLCipher.xcframework.zip (22 MB / 50.2 MB)
[44/100] Downloading https://github.com/sqlcipher/SQLCipher.swift/releases/download/4.16.0/SQLCipher.xcframework.zip (22.3 MB / 50.2 MB)
[44/100] Downloading https://github.com/sqlcipher/SQLCipher.swift/releases/download/4.16.0/SQLCipher.xcframework.zip (22.4 MB / 50.2 MB)
[45/100] Downloading https://github.com/sqlcipher/SQLCipher.swift/releases/download/4.16.0/SQLCipher.xcframework.zip (22.7 MB / 50.2 MB)
[45/100] Downloading https://github.com/sqlcipher/SQLCipher.swift/releases/download/4.16.0/SQLCipher.xcframework.zip (22.9 MB / 50.2 MB)
[45/100] Downloading https://github.com/sqlcipher/SQLCipher.swift/releases/download/4.16.0/SQLCipher.xcframework.zip (23 MB / 50.2 MB)
[46/100] Downloading https://github.com/sqlcipher/SQLCipher.swift/releases/download/4.16.0/SQLCipher.xcframework.zip (23.3 MB / 50.2 MB)
[47/100] Downloading https://github.com/sqlcipher/SQLCipher.swift/releases/download/4.16.0/SQLCipher.xcframework.zip (23.6 MB / 50.2 MB)
[47/100] Downloading https://github.com/sqlcipher/SQLCipher.swift/releases/download/4.16.0/SQLCipher.xcframework.zip (23.7 MB / 50.2 MB)
[47/100] Downloading https://github.com/sqlcipher/SQLCipher.swift/releases/download/4.16.0/SQLCipher.xcframework.zip (24 MB / 50.2 MB)
[48/100] Downloading https://github.com/sqlcipher/SQLCipher.swift/releases/download/4.16.0/SQLCipher.xcframework.zip (24.3 MB / 50.2 MB)
[49/100] Downloading https://github.com/sqlcipher/SQLCipher.swift/releases/download/4.16.0/SQLCipher.xcframework.zip (24.6 MB / 50.2 MB)
[49/100] Downloading https://github.com/sqlcipher/SQLCipher.swift/releases/download/4.16.0/SQLCipher.xcframework.zip (24.7 MB / 50.2 MB)
[49/100] Downloading https://github.com/sqlcipher/SQLCipher.swift/releases/download/4.16.0/SQLCipher.xcframework.zip (25 MB / 50.2 MB)
[50/100] Downloading https://github.com/sqlcipher/SQLCipher.swift/releases/download/4.16.0/SQLCipher.xcframework.zip (25.3 MB / 50.2 MB)
[50/100] Downloading https://github.com/sqlcipher/SQLCipher.swift/releases/download/4.16.0/SQLCipher.xcframework.zip (25.4 MB / 50.2 MB)
[51/100] Downloading https://github.com/sqlcipher/SQLCipher.swift/releases/download/4.16.0/SQLCipher.xcframework.zip (25.7 MB / 50.2 MB)
[51/100] Downloading https://github.com/sqlcipher/SQLCipher.swift/releases/download/4.16.0/SQLCipher.xcframework.zip (26 MB / 50.2 MB)
[52/100] Downloading https://github.com/sqlcipher/SQLCipher.swift/releases/download/4.16.0/SQLCipher.xcframework.zip (26.3 MB / 50.2 MB)
[52/100] Downloading https://github.com/sqlcipher/SQLCipher.swift/releases/download/4.16.0/SQLCipher.xcframework.zip (26.6 MB / 50.2 MB)
[53/100] Downloading https://github.com/sqlcipher/SQLCipher.swift/releases/download/4.16.0/SQLCipher.xcframework.zip (26.8 MB / 50.2 MB)
[53/100] Downloading https://github.com/sqlcipher/SQLCipher.swift/releases/download/4.16.0/SQLCipher.xcframework.zip (27.1 MB / 50.2 MB)
[54/100] Downloading https://github.com/sqlcipher/SQLCipher.swift/releases/download/4.16.0/SQLCipher.xcframework.zip (27.3 MB / 50.2 MB)
[54/100] Downloading https://github.com/sqlcipher/SQLCipher.swift/releases/download/4.16.0/SQLCipher.xcframework.zip (27.4 MB / 50.2 MB)
[55/100] Downloading https://github.com/sqlcipher/SQLCipher.swift/releases/download/4.16.0/SQLCipher.xcframework.zip (27.7 MB / 50.2 MB)
[55/100] Downloading https://github.com/sqlcipher/SQLCipher.swift/releases/download/4.16.0/SQLCipher.xcframework.zip (28 MB / 50.2 MB)
[56/100] Downloading https://github.com/sqlcipher/SQLCipher.swift/releases/download/4.16.0/SQLCipher.xcframework.zip (28.3 MB / 50.2 MB)
[56/100] Downloading https://github.com/sqlcipher/SQLCipher.swift/releases/download/4.16.0/SQLCipher.xcframework.zip (28.6 MB / 50.2 MB)
[57/100] Downloading https://github.com/sqlcipher/SQLCipher.swift/releases/download/4.16.0/SQLCipher.xcframework.zip (28.9 MB / 50.2 MB)
[58/100] Downloading https://github.com/sqlcipher/SQLCipher.swift/releases/download/4.16.0/SQLCipher.xcframework.zip (29.1 MB / 50.2 MB)
[58/100] Downloading https://github.com/sqlcipher/SQLCipher.swift/releases/download/4.16.0/SQLCipher.xcframework.zip (29.5 MB / 50.2 MB)
[58/100] Downloading https://github.com/sqlcipher/SQLCipher.swift/releases/download/4.16.0/SQLCipher.xcframework.zip (29.6 MB / 50.2 MB)
[59/100] Downloading https://github.com/sqlcipher/SQLCipher.swift/releases/download/4.16.0/SQLCipher.xcframework.zip (29.8 MB / 50.2 MB)
[59/100] Downloading https://github.com/sqlcipher/SQLCipher.swift/releases/download/4.16.0/SQLCipher.xcframework.zip (30.1 MB / 50.2 MB)
[60/100] Downloading https://github.com/sqlcipher/SQLCipher.swift/releases/download/4.16.0/SQLCipher.xcframework.zip (30.3 MB / 50.2 MB)
[60/100] Downloading https://github.com/sqlcipher/SQLCipher.swift/releases/download/4.16.0/SQLCipher.xcframework.zip (30.5 MB / 50.2 MB)
[60/100] Downloading https://github.com/sqlcipher/SQLCipher.swift/releases/download/4.16.0/SQLCipher.xcframework.zip (30.6 MB / 50.2 MB)
[61/100] Downloading https://github.com/sqlcipher/SQLCipher.swift/releases/download/4.16.0/SQLCipher.xcframework.zip (30.8 MB / 50.2 MB)
[62/100] Downloading https://github.com/sqlcipher/SQLCipher.swift/releases/download/4.16.0/SQLCipher.xcframework.zip (31.2 MB / 50.2 MB)
[62/100] Downloading https://github.com/sqlcipher/SQLCipher.swift/releases/download/4.16.0/SQLCipher.xcframework.zip (31.6 MB / 50.2 MB)
[63/100] Downloading https://github.com/sqlcipher/SQLCipher.swift/releases/download/4.16.0/SQLCipher.xcframework.zip (31.9 MB / 50.2 MB)
[63/100] Downloading https://github.com/sqlcipher/SQLCipher.swift/releases/download/4.16.0/SQLCipher.xcframework.zip (32.1 MB / 50.2 MB)
[64/100] Downloading https://github.com/sqlcipher/SQLCipher.swift/releases/download/4.16.0/SQLCipher.xcframework.zip (32.4 MB / 50.2 MB)
[65/100] Downloading https://github.com/sqlcipher/SQLCipher.swift/releases/download/4.16.0/SQLCipher.xcframework.zip (32.7 MB / 50.2 MB)
[65/100] Downloading https://github.com/sqlcipher/SQLCipher.swift/releases/download/4.16.0/SQLCipher.xcframework.zip (32.9 MB / 50.2 MB)
[66/100] Downloading https://github.com/sqlcipher/SQLCipher.swift/releases/download/4.16.0/SQLCipher.xcframework.zip (33.2 MB / 50.2 MB)
[66/100] Downloading https://github.com/sqlcipher/SQLCipher.swift/releases/download/4.16.0/SQLCipher.xcframework.zip (33.5 MB / 50.2 MB)
[67/100] Downloading https://github.com/sqlcipher/SQLCipher.swift/releases/download/4.16.0/SQLCipher.xcframework.zip (33.8 MB / 50.2 MB)
[67/100] Downloading https://github.com/sqlcipher/SQLCipher.swift/releases/download/4.16.0/SQLCipher.xcframework.zip (34.1 MB / 50.2 MB)
[68/100] Downloading https://github.com/sqlcipher/SQLCipher.swift/releases/download/4.16.0/SQLCipher.xcframework.zip (34.2 MB / 50.2 MB)
[68/100] Downloading https://github.com/sqlcipher/SQLCipher.swift/releases/download/4.16.0/SQLCipher.xcframework.zip (34.5 MB / 50.2 MB)
[69/100] Downloading https://github.com/sqlcipher/SQLCipher.swift/releases/download/4.16.0/SQLCipher.xcframework.zip (34.8 MB / 50.2 MB)
[69/100] Downloading https://github.com/sqlcipher/SQLCipher.swift/releases/download/4.16.0/SQLCipher.xcframework.zip (35 MB / 50.2 MB)
[70/100] Downloading https://github.com/sqlcipher/SQLCipher.swift/releases/download/4.16.0/SQLCipher.xcframework.zip (35.2 MB / 50.2 MB)
[70/100] Downloading https://github.com/sqlcipher/SQLCipher.swift/releases/download/4.16.0/SQLCipher.xcframework.zip (35.3 MB / 50.2 MB)
[70/100] Downloading https://github.com/sqlcipher/SQLCipher.swift/releases/download/4.16.0/SQLCipher.xcframework.zip (35.5 MB / 50.2 MB)
[71/100] Downloading https://github.com/sqlcipher/SQLCipher.swift/releases/download/4.16.0/SQLCipher.xcframework.zip (35.6 MB / 50.2 MB)
[71/100] Downloading https://github.com/sqlcipher/SQLCipher.swift/releases/download/4.16.0/SQLCipher.xcframework.zip (35.7 MB / 50.2 MB)
[71/100] Downloading https://github.com/sqlcipher/SQLCipher.swift/releases/download/4.16.0/SQLCipher.xcframework.zip (35.9 MB / 50.2 MB)
[72/100] Downloading https://github.com/sqlcipher/SQLCipher.swift/releases/download/4.16.0/SQLCipher.xcframework.zip (36.2 MB / 50.2 MB)
[72/100] Downloading https://github.com/sqlcipher/SQLCipher.swift/releases/download/4.16.0/SQLCipher.xcframework.zip (36.3 MB / 50.2 MB)
[72/100] Downloading https://github.com/sqlcipher/SQLCipher.swift/releases/download/4.16.0/SQLCipher.xcframework.zip (36.6 MB / 50.2 MB)
[73/100] Downloading https://github.com/sqlcipher/SQLCipher.swift/releases/download/4.16.0/SQLCipher.xcframework.zip (36.9 MB / 50.2 MB)
[74/100] Downloading https://github.com/sqlcipher/SQLCipher.swift/releases/download/4.16.0/SQLCipher.xcframework.zip (37.2 MB / 50.2 MB)
[74/100] Downloading https://github.com/sqlcipher/SQLCipher.swift/releases/download/4.16.0/SQLCipher.xcframework.zip (37.5 MB / 50.2 MB)
[75/100] Downloading https://github.com/sqlcipher/SQLCipher.swift/releases/download/4.16.0/SQLCipher.xcframework.zip (37.8 MB / 50.2 MB)
[75/100] Downloading https://github.com/sqlcipher/SQLCipher.swift/releases/download/4.16.0/SQLCipher.xcframework.zip (38.1 MB / 50.2 MB)
[76/100] Downloading https://github.com/sqlcipher/SQLCipher.swift/releases/download/4.16.0/SQLCipher.xcframework.zip (38.4 MB / 50.2 MB)
[77/100] Downloading https://github.com/sqlcipher/SQLCipher.swift/releases/download/4.16.0/SQLCipher.xcframework.zip (38.7 MB / 50.2 MB)
[77/100] Downloading https://github.com/sqlcipher/SQLCipher.swift/releases/download/4.16.0/SQLCipher.xcframework.zip (38.9 MB / 50.2 MB)
[78/100] Downloading https://github.com/sqlcipher/SQLCipher.swift/releases/download/4.16.0/SQLCipher.xcframework.zip (39.2 MB / 50.2 MB)
[78/100] Downloading https://github.com/sqlcipher/SQLCipher.swift/releases/download/4.16.0/SQLCipher.xcframework.zip (39.5 MB / 50.2 MB)
[79/100] Downloading https://github.com/sqlcipher/SQLCipher.swift/releases/download/4.16.0/SQLCipher.xcframework.zip (39.7 MB / 50.2 MB)
[79/100] Downloading https://github.com/sqlcipher/SQLCipher.swift/releases/download/4.16.0/SQLCipher.xcframework.zip (40 MB / 50.2 MB)
[80/100] Downloading https://github.com/sqlcipher/SQLCipher.swift/releases/download/4.16.0/SQLCipher.xcframework.zip (40.3 MB / 50.2 MB)
[80/100] Downloading https://github.com/sqlcipher/SQLCipher.swift/releases/download/4.16.0/SQLCipher.xcframework.zip (40.5 MB / 50.2 MB)
[81/100] Downloading https://github.com/sqlcipher/SQLCipher.swift/releases/download/4.16.0/SQLCipher.xcframework.zip (40.8 MB / 50.2 MB)
[81/100] Downloading https://github.com/sqlcipher/SQLCipher.swift/releases/download/4.16.0/SQLCipher.xcframework.zip (41.1 MB / 50.2 MB)
[82/100] Downloading https://github.com/sqlcipher/SQLCipher.swift/releases/download/4.16.0/SQLCipher.xcframework.zip (41.2 MB / 50.2 MB)
[82/100] Downloading https://github.com/sqlcipher/SQLCipher.swift/releases/download/4.16.0/SQLCipher.xcframework.zip (41.6 MB / 50.2 MB)
[83/100] Downloading https://github.com/sqlcipher/SQLCipher.swift/releases/download/4.16.0/SQLCipher.xcframework.zip (41.9 MB / 50.2 MB)
[84/100] Downloading https://github.com/sqlcipher/SQLCipher.swift/releases/download/4.16.0/SQLCipher.xcframework.zip (42.2 MB / 50.2 MB)
[84/100] Downloading https://github.com/sqlcipher/SQLCipher.swift/releases/download/4.16.0/SQLCipher.xcframework.zip (42.5 MB / 50.2 MB)
[85/100] Downloading https://github.com/sqlcipher/SQLCipher.swift/releases/download/4.16.0/SQLCipher.xcframework.zip (42.8 MB / 50.2 MB)
[85/100] Downloading https://github.com/sqlcipher/SQLCipher.swift/releases/download/4.16.0/SQLCipher.xcframework.zip (42.9 MB / 50.2 MB)
[85/100] Downloading https://github.com/sqlcipher/SQLCipher.swift/releases/download/4.16.0/SQLCipher.xcframework.zip (43.2 MB / 50.2 MB)
[86/100] Downloading https://github.com/sqlcipher/SQLCipher.swift/releases/download/4.16.0/SQLCipher.xcframework.zip (43.4 MB / 50.2 MB)
[87/100] Downloading https://github.com/sqlcipher/SQLCipher.swift/releases/download/4.16.0/SQLCipher.xcframework.zip (43.7 MB / 50.2 MB)
[87/100] Downloading https://github.com/sqlcipher/SQLCipher.swift/releases/download/4.16.0/SQLCipher.xcframework.zip (44 MB / 50.2 MB)
[88/100] Downloading https://github.com/sqlcipher/SQLCipher.swift/releases/download/4.16.0/SQLCipher.xcframework.zip (44.2 MB / 50.2 MB)
[88/100] Downloading https://github.com/sqlcipher/SQLCipher.swift/releases/download/4.16.0/SQLCipher.xcframework.zip (44.4 MB / 50.2 MB)
[89/100] Downloading https://github.com/sqlcipher/SQLCipher.swift/releases/download/4.16.0/SQLCipher.xcframework.zip (44.7 MB / 50.2 MB)
[89/100] Downloading https://github.com/sqlcipher/SQLCipher.swift/releases/download/4.16.0/SQLCipher.xcframework.zip (45 MB / 50.2 MB)
[90/100] Downloading https://github.com/sqlcipher/SQLCipher.swift/releases/download/4.16.0/SQLCipher.xcframework.zip (45.3 MB / 50.2 MB)
[90/100] Downloading https://github.com/sqlcipher/SQLCipher.swift/releases/download/4.16.0/SQLCipher.xcframework.zip (45.5 MB / 50.2 MB)
[91/100] Downloading https://github.com/sqlcipher/SQLCipher.swift/releases/download/4.16.0/SQLCipher.xcframework.zip (45.8 MB / 50.2 MB)
[91/100] Downloading https://github.com/sqlcipher/SQLCipher.swift/releases/download/4.16.0/SQLCipher.xcframework.zip (46.1 MB / 50.2 MB)
[92/100] Downloading https://github.com/sqlcipher/SQLCipher.swift/releases/download/4.16.0/SQLCipher.xcframework.zip (46.5 MB / 50.2 MB)
[93/100] Downloading https://github.com/sqlcipher/SQLCipher.swift/releases/download/4.16.0/SQLCipher.xcframework.zip (46.7 MB / 50.2 MB)
[93/100] Downloading https://github.com/sqlcipher/SQLCipher.swift/releases/download/4.16.0/SQLCipher.xcframework.zip (47.1 MB / 50.2 MB)
[94/100] Downloading https://github.com/sqlcipher/SQLCipher.swift/releases/download/4.16.0/SQLCipher.xcframework.zip (47.4 MB / 50.2 MB)
[94/100] Downloading https://github.com/sqlcipher/SQLCipher.swift/releases/download/4.16.0/SQLCipher.xcframework.zip (47.5 MB / 50.2 MB)
[95/100] Downloading https://github.com/sqlcipher/SQLCipher.swift/releases/download/4.16.0/SQLCipher.xcframework.zip (47.8 MB / 50.2 MB)
[95/100] Downloading https://github.com/sqlcipher/SQLCipher.swift/releases/download/4.16.0/SQLCipher.xcframework.zip (48.1 MB / 50.2 MB)
[96/100] Downloading https://github.com/sqlcipher/SQLCipher.swift/releases/download/4.16.0/SQLCipher.xcframework.zip (48.3 MB / 50.2 MB)
[96/100] Downloading https://github.com/sqlcipher/SQLCipher.swift/releases/download/4.16.0/SQLCipher.xcframework.zip (48.6 MB / 50.2 MB)
[97/100] Downloading https://github.com/sqlcipher/SQLCipher.swift/releases/download/4.16.0/SQLCipher.xcframework.zip (48.9 MB / 50.2 MB)
[97/100] Downloading https://github.com/sqlcipher/SQLCipher.swift/releases/download/4.16.0/SQLCipher.xcframework.zip (49.2 MB / 50.2 MB)
[98/100] Downloading https://github.com/sqlcipher/SQLCipher.swift/releases/download/4.16.0/SQLCipher.xcframework.zip (49.3 MB / 50.2 MB)
[98/100] Downloading https://github.com/sqlcipher/SQLCipher.swift/releases/download/4.16.0/SQLCipher.xcframework.zip (49.6 MB / 50.2 MB)
[99/100] Downloading https://github.com/sqlcipher/SQLCipher.swift/releases/download/4.16.0/SQLCipher.xcframework.zip (49.9 MB / 50.2 MB)
[99/100] Downloading https://github.com/sqlcipher/SQLCipher.swift/releases/download/4.16.0/SQLCipher.xcframework.zip (50 MB / 50.2 MB)
[100/100] Downloading https://github.com/sqlcipher/SQLCipher.swift/releases/download/4.16.0/SQLCipher.xcframework.zip (50.2 MB / 50.2 MB)
Downloaded https://github.com/sqlcipher/SQLCipher.swift/releases/download/4.16.0/SQLCipher.xcframework.zip (78.60s)
warning: 'grdb-sqlcipher': failed to retrieve search paths with pkg-config; maybe pkg-config is not installed
warning: 'grdb-sqlcipher': you may be able to install sqlcipher using your system-packager:
    brew install sqlcipher
warning: 'openburnbarcore': you may be able to install zlib using your system-packager:
    brew install zlib
Building for debugging...
[Constructing description]
[Planning deferred tasks]
[80 / 139] swift-crypto_Crypto
[84 / 139]
[86 / 141] OpenBurnBarFirestoreModels
[105 / 246]
[110 / 246]
[121 / 246]
[125 / 246]
[133 / 246]
[137 / 246]
[143 / 246]
[150 / 246]
[151 / 246]
[154 / 246]
[156 / 246]
[172 / 246]
[176 / 246] Crypto
[190 / 246] Crypto
[201 / 246] Crypto-product
[204 / 247] Crypto
[208 / 247] OpenBurnBarCore
[231 / 311]
[241 / 311]
[244 / 311]
[248 / 311]
[251 / 311]
[253 / 311]
[272 / 311] OpenBurnBarCore
/private/tmp/openburnbar-linux-mission-001/OpenBurnBarCore/Sources/OpenBurnBarCore/Platform/PlatformCrypto.swift:358:11: warning: 'catch' block is unreachable because no errors are thrown in 'do' block
356 |         do {
357 |             return publicKey.isValidSignature(signature, for: message)
358 |         } catch {
    |           `- warning: 'catch' block is unreachable because no errors are thrown in 'do' block
359 |             throw PlatformCryptoError.invalidVerifyingKey
360 |         }
/private/tmp/openburnbar-linux-mission-001/OpenBurnBarCore/Sources/OpenBurnBarCore/Views/Substrate/Mesh/MeshCausticSubstrate.swift:163:17: warning: immutable value 'sy' was never used; consider replacing with '_' or removing it [#NoUsage]
161 |             var cy = r0
162 |             var wy = 1 - fy
163 |             for sy in 0..<2 {
    |                 `- warning: immutable value 'sy' was never used; consider replacing with '_' or removing it [#NoUsage]
164 |                 if cy >= 0 && cy < rows {
165 |                     var cxi = c0

/private/tmp/openburnbar-linux-mission-001/OpenBurnBarCore/Sources/OpenBurnBarCore/Views/Substrate/Mesh/MeshCausticSubstrate.swift:167:25: warning: immutable value 'sx' was never used; consider replacing with '_' or removing it [#NoUsage]
165 |                     var cxi = c0
166 |                     var wx = 1 - fx
167 |                     for sx in 0..<2 {
    |                         `- warning: immutable value 'sx' was never used; consider replacing with '_' or removing it [#NoUsage]
168 |                         if cxi >= 0 && cxi < cols {
169 |                             let ww = w * wx * wy

[#NoUsage]: <https://docs.swift.org/compiler/documentation/diagnostics/no-usage>
[279 / 312] OpenBurnBarCore
[279 / 312] OpenBurnBarIrohRelay
[295 / 328] OpenBurnBarCore
[297 / 328] OpenBurnBarIrohRelay
[304 / 329] OpenBurnBarCore
[305 / 329] OpenBurnBarIrohRelay
[306 / 329] OpenBurnBarMedia
[326 / 349] OpenBurnBarMedia
[333 / 350] OpenBurnBarMedia
[335 / 350] OpenBurnBarComputerUseCore
[355 / 370] OpenBurnBarComputerUseCore
[364 / 371] OpenBurnBarComputerUseCore
[366 / 371] ModelParityGenerator-product
error: SwiftCompile normal arm64 failed with a nonzero exit code. Command line:     cd /private/tmp/openburnbar-linux-mission-001/docs/linux-port/evidence/mission-001-core-foundation-native-gate-repair
    
/private/tmp/openburnbar-linux-mission-001/docs/linux-port/evidence/mission-001-core-foundation-native-gate-repair/macos-model-parity-generator/Sources/ModelParityGenerator/main.swift:8:5: error: constant must be declared private or fileprivate because its type 'LinuxProviderModelFixture' uses a private type
  6 | private let modelParityGeneratorPath = "OpenBurnBarCore/Tests/OpenBurnBarLinuxCoreFoundationTests/LinuxCoreFoundationTests.swift"
  7 | 
  8 | let fixture = try makeProviderModelParityFixture()
    |     `- error: constant must be declared private or fileprivate because its type 'LinuxProviderModelFixture' uses a private type
  9 | let data = try PlatformCrypto.canonicalJSONData(fixture)
 10 | let checksum = PlatformCrypto.sha256Hex(data)
Failed frontend command:
/Applications/Xcode-27.0.0-Beta.app/Contents/Developer/Toolchains/XcodeDefault.xctoolchain/usr/bin/swift-frontend -frontend -emit-module -experimental-skip-non-inlinable-function-bodies-without-types /private/tmp/openburnbar-linux-mission-001/docs/linux-port/evidence/mission-001-core-foundation-native-gate-repair/macos-model-parity-generator/Sources/ModelParityGenerator/main.swift -target arm64-apple-macos14.0 -disable-cross-import-overlay-search -load-resolved-plugin /Applications/Xcode-27.0.0-Beta.app/Contents/Developer/Platforms/MacOSX.platform/Developer/usr/lib/swift/host/plugins/libAppIntentsMacros.dylib\#/Applications/Xcode-27.0.0-Beta.app/Contents/Developer/Platforms/MacOSX.platform/Developer/usr/bin/swift-plugin-server\#AppIntentsMacros -load-resolved-plugin /Applications/Xcode-27.0.0-Beta.app/Contents/Developer/Platforms/MacOSX.platform/Developer/usr/lib/swift/host/plugins/libFoundationMacros.dylib\#/Applications/Xcode-27.0.0-Beta.app/Contents/Developer/Platforms/MacOSX.platform/Developer/usr/bin/swift-plugin-server\#FoundationMacros -load-resolved-plugin /Applications/Xcode-27.0.0-Beta.app/Contents/Developer/Platforms/MacOSX.platform/Developer/usr/lib/swift/host/plugins/libObservationMacros.dylib\#/Applications/Xcode-27.0.0-Beta.app/Contents/Developer/Platforms/MacOSX.platform/Developer/usr/bin/swift-plugin-server\#ObservationMacros -load-resolved-plugin /Applications/Xcode-27.0.0-Beta.app/Contents/Developer/Platforms/MacOSX.platform/Developer/usr/lib/swift/host/plugins/libPreviewsMacros.dylib\#/Applications/Xcode-27.0.0-Beta.app/Contents/Developer/Platforms/MacOSX.platform/Developer/usr/bin/swift-plugin-server\#PreviewsMacros -load-resolved-plugin /Applications/Xcode-27.0.0-Beta.app/Contents/Developer/Platforms/MacOSX.platform/Developer/usr/lib/swift/host/plugins/libSwiftMacros.dylib\#/Applications/Xcode-27.0.0-Beta.app/Contents/Developer/Platforms/MacOSX.platform/Developer/usr/bin/swift-plugin-server\#SwiftMacros -load-resolved-plugin /Applications/Xcode-27.0.0-Beta.app/Contents/Developer/Platforms/MacOSX.platform/Developer/usr/lib/swift/host/plugins/libSwiftUIMacros.dylib\#/Applications/Xcode-27.0.0-Beta.app/Contents/Developer/Platforms/MacOSX.platform/Developer/usr/bin/swift-plugin-server\#SwiftUIMacros -disable-implicit-swift-modules -Xcc -fno-implicit-modules -Xcc -fno-implicit-module-maps -explicit-swift-module-map-file /private/tmp/openburnbar-model-parity-macos-build/out/Intermediates.noindex/OpenBurnBarModelParityGenerator.build/Debug/ModelParityGenerator-p.build/Objects-normal/arm64/ModelParityGenerator-dependencies-1.json -Xllvm -aarch64-use-tbi -enable-objc-interop -stack-check -sdk /Applications/Xcode-27.0.0-Beta.app/Contents/Developer/Platforms/MacOSX.platform/Developer/SDKs/MacOSX27.0.sdk -I /private/tmp/openburnbar-model-parity-macos-build/out/Products/Debug -Isystem /Applications/Xcode-27.0.0-Beta.app/Contents/Developer/Platforms/MacOSX.platform/Developer/usr/lib -F /private/tmp/openburnbar-model-parity-macos-build/out/Products/Debug/PackageFrameworks -F /private/tmp/openburnbar-model-parity-macos-build/out/Products/Debug -F /Applications/Xcode-27.0.0-Beta.app/Contents/Developer/Platforms/MacOSX.platform/Developer/Library/Frameworks -module-cache-path /private/tmp/openburnbar-model-parity-macos-build/out/Intermediates.noindex/SwiftExplicitPrecompiledModules -no-color-diagnostics -Xcc -fno-color-diagnostics -enable-testing -g -debug-info-format\=dwarf -dwarf-version\=4 -swift-version 6 -Onone -D SWIFT_PACKAGE -D DEBUG -D Xcode -serialize-debugging-options -enable-experimental-feature DebugDescriptionMacro -empty-abi-descriptor -validate-clang-modules-once -clang-build-session-file /private/tmp/openburnbar-model-parity-macos-build/out/ModuleCache.noindex/Session.modulevalidation -Xcc -working-directory -Xcc /private/tmp/openburnbar-linux-mission-001/docs/linux-port/evidence/mission-001-core-foundation-native-gate-repair -enable-anonymous-context-mangled-names -file-compilation-dir /private/tmp/openburnbar-linux-mission-001/docs/linux-port/evidence/mission-001-core-foundation-native-gate-repair -Xcc -fmodule-map-file\=/private/tmp/openburnbar-linux-mission-001/OpenBurnBarCore/Sources/Czlib/module.modulemap -Xcc -D_LIBCPP_HARDENING_MODE\=_LIBCPP_HARDENING_MODE_DEBUG -Xcc -ivfsstatcache -Xcc /private/tmp/openburnbar-model-parity-macos-build/out/SDKStatCaches.noindex/macosx27.0-26A5353p-a0facfad118c1a7a18f0aad9463f65495fa4f23749d2d4eec82697c343480ee2.sdkstatcache -Xcc -fmodules-prune-interval\=86400 -Xcc -fmodules-prune-after\=345600 -Xcc -I/private/tmp/openburnbar-model-parity-macos-build/out/Products/Debug/include -Xcc -I/private/tmp/openburnbar-model-parity-macos-build/out/Intermediates.noindex/OpenBurnBarModelParityGenerator.build/Debug/ModelParityGenerator-p.build/DerivedSources-normal/arm64 -Xcc -I/private/tmp/openburnbar-model-parity-macos-build/out/Intermediates.noindex/OpenBurnBarModelParityGenerator.build/Debug/ModelParityGenerator-p.build/DerivedSources/arm64 -Xcc -I/private/tmp/openburnbar-model-parity-macos-build/out/Intermediates.noindex/OpenBurnBarModelParityGenerator.build/Debug/ModelParityGenerator-p.build/DerivedSources -Xcc -DSWIFT_PACKAGE -Xcc -DDEBUG\=1 -no-auto-bridging-header-chaining -module-name ModelParityGenerator -package-name macos_model_parity_generator -const-gather-protocols-file /private/tmp/openburnbar-model-parity-macos-build/out/Intermediates.noindex/OpenBurnBarModelParityGenerator.build/Debug/ModelParityGenerator-p.build/Objects-normal/arm64/ModelParityGenerator_const_extract_protocols.json -disable-clang-spi -clang-target arm64-apple-macos27.0 -target-sdk-version 27.0 -target-sdk-name macosx27.0 -in-process-plugin-server-path /Applications/Xcode-27.0.0-Beta.app/Contents/Developer/Toolchains/XcodeDefault.xctoolchain/usr/lib/swift/host/libSwiftInProcPluginServer.dylib -emit-module-doc-path /private/tmp/openburnbar-model-parity-macos-build/out/Intermediates.noindex/OpenBurnBarModelParityGenerator.build/Debug/ModelParityGenerator-p.build/Objects-normal/arm64/ModelParityGenerator.swiftdoc -emit-module-source-info-path /private/tmp/openburnbar-model-parity-macos-build/out/Intermediates.noindex/OpenBurnBarModelParityGenerator.build/Debug/ModelParityGenerator-p.build/Objects-normal/arm64/ModelParityGenerator.swiftsourceinfo -serialize-diagnostics-path /private/tmp/openburnbar-model-parity-macos-build/out/Intermediates.noindex/OpenBurnBarModelParityGenerator.build/Debug/ModelParityGenerator-p.build/Objects-normal/arm64/ModelParityGenerator-primary-emit-module.dia -emit-dependencies-path /private/tmp/openburnbar-model-parity-macos-build/out/Intermediates.noindex/OpenBurnBarModelParityGenerator.build/Debug/ModelParityGenerator-p.build/Objects-normal/arm64/ModelParityGenerator-primary-emit-module.d -o /private/tmp/openburnbar-model-parity-macos-build/out/Intermediates.noindex/OpenBurnBarModelParityGenerator.build/Debug/ModelParityGenerator-p.build/Objects-normal/arm64/ModelParityGenerator.swiftmodule -emit-abi-descriptor-path /private/tmp/openburnbar-model-parity-macos-build/out/Intermediates.noindex/OpenBurnBarModelParityGenerator.build/Debug/ModelParityGenerator-p.build/Objects-normal/arm64/ModelParityGenerator.abi.json
error: Build failed
