05-21 01:37:47.287 D/BurnBar (13202): UserStore init: uid=6YTomKTKdQdpvIJgmz6VTIrrQ4w1
05-21 01:37:47.312 I/Kumiho-Kumiho(13202): getPackageName: com.openburnbar
05-21 01:37:47.313 I/Kumiho-Kumiho(13202): getPackageName: com.openburnbar
05-21 01:37:47.317 D/VibratorManagerService(27692): Finish AppOp mode VIBRATE for uid 10471 and package com.openburnbar
05-21 01:37:47.319 D/NetdEventListenerService(27692): DNS Requested by 112, 10471(com.openburnbar), SUCCESS, 35ms
05-21 01:37:47.362 D/BurnBar (13202): Auth state: uid=6YTomKTKdQdpvIJgmz6VTIrrQ4w1
05-21 01:37:47.430 W/com.openburnbar(13202): Cleared Reference was only reachable from finalizer (only reported once)
05-21 01:37:47.433 W/com.openburnbar(13202): userfaultfd: MOVE ioctl seems unsupported: Try again
05-21 01:37:48.729 D/io_stats( 1157): !@ Read_top(KB): com.openburnbar(13202) 7432 system_server(27692) 100 kworker/u16:1(19608) 84
05-21 01:37:48.729 D/io_stats( 1157): !@ Write_top(KB): kworker/u16:2(12947) 7632 com.openburnbar(13202) 1828 kworker/u16:1(19608) 36
05-21 01:37:49.457 D/SGM:GameManager(27692): identifyGamePackage. com.openburnbar, mCurrentUserId: 0, callingMethodInfo: com.samsung.android.game.SemGameManager.isGamePackage(SemGameManager.java:106)
05-21 01:37:49.457 D/SGM:SemGameManager(27692): isGamePackage(), pkgName=com.openburnbar, ret=false
05-21 01:37:50.253 I/SurfaceFlinger( 2088): [com.openburnbar/com.openburnbar.MainActivity$_13202#1904] setFrameRateCategory: NoPreference
05-21 01:37:50.256 W/System.err(28389): java.io.IOException: write failed: EPIPE (Broken pipe)
05-21 01:37:50.256 W/System.err(28389): Caused by: android.system.ErrnoException: write failed: EPIPE (Broken pipe)
05-21 01:37:50.256 D/HWUI    (28389): ------- write threw an exception
05-21 01:37:50.340 W/System.err(28389): java.io.IOException: write failed: EPIPE (Broken pipe)
05-21 01:37:50.340 W/System.err(28389): Caused by: android.system.ErrnoException: write failed: EPIPE (Broken pipe)
05-21 01:37:50.341 D/HWUI    (28389): ------- write threw an exception
05-21 01:37:50.551 E/GoogleApiManager(13202): java.lang.SecurityException: Unknown calling package name 'com.google.android.gms'.
05-21 01:37:50.551 E/GoogleApiManager(13202): 	at android.os.Parcel.createExceptionOrNull(Parcel.java:3354)
05-21 01:37:50.551 E/GoogleApiManager(13202): 	at android.os.Parcel.createException(Parcel.java:3338)
05-21 01:37:50.551 E/GoogleApiManager(13202): 	at android.os.Parcel.readException(Parcel.java:3321)
05-21 01:37:50.551 E/GoogleApiManager(13202): 	at android.os.Parcel.readException(Parcel.java:3263)
05-21 01:37:50.551 W/GoogleApiManager(13202): Not showing notification since connectionResult is not user-facing: ConnectionResult{statusCode=DEVELOPER_ERROR, resolution=null, message=null, clientMethodKey=null}
05-21 01:37:50.976 W/System.err(28389): java.io.IOException: write failed: EPIPE (Broken pipe)
05-21 01:37:50.976 W/System.err(28389): Caused by: android.system.ErrnoException: write failed: EPIPE (Broken pipe)
05-21 01:37:50.976 D/HWUI    (28389): ------- write threw an exception
05-21 01:37:51.410 W/System.err(28389): java.io.IOException: write failed: EPIPE (Broken pipe)
05-21 01:37:51.411 W/System.err(28389): Caused by: android.system.ErrnoException: write failed: EPIPE (Broken pipe)
05-21 01:37:51.411 D/HWUI    (28389): ------- write threw an exception
05-21 01:37:52.479 D/SGM:GameManager(27692): identifyGamePackage. com.openburnbar, mCurrentUserId: 0, callingMethodInfo: com.samsung.android.game.SemGameManager.isGamePackage(SemGameManager.java:106)
05-21 01:37:52.479 D/SGM:SemGameManager(27692): isGamePackage(), pkgName=com.openburnbar, ret=false
05-21 01:37:52.534 I/SurfaceFlinger( 2088): Capture layer list: 	 com.openburnbar/com.openburnbar.MainActivity$_13202#1904(seamlessTransition:0)
05-21 01:37:52.536 D/RenderEngine( 2088): [SEC_SF_EFFECTS] drawLayersInternal,1483, Rendering layer com.openburnbar/com.openburnbar.MainActivity$_13202#1904 at index 1
05-21 01:37:52.731 D/io_stats( 1157): !@ Write_top(KB): kworker/u16:2(12947) 1456 f2fs_ckpt-254:6(5164) 228 com.openburnbar(13202) 24
05-21 01:37:55.513 D/SGM:GameManager(27692): identifyGamePackage. com.openburnbar, mCurrentUserId: 0, callingMethodInfo: com.samsung.android.game.SemGameManager.isGamePackage(SemGameManager.java:106)
05-21 01:37:55.513 D/SGM:SemGameManager(27692): isGamePackage(), pkgName=com.openburnbar, ret=false
05-21 01:37:56.734 D/io_stats( 1157): !@ Read_top(KB): com.openburnbar(13202) 524 kworker/7:7H(13072) 32 kworker/3:0H(12804) 8
05-21 01:37:58.530 D/SGM:GameManager(27692): identifyGamePackage. com.openburnbar, mCurrentUserId: 0, callingMethodInfo: com.samsung.android.game.SemGameManager.isGamePackage(SemGameManager.java:106)
05-21 01:37:58.531 D/SGM:SemGameManager(27692): isGamePackage(), pkgName=com.openburnbar, ret=false
05-21 01:38:00.021 V/WindowManagerShell(28389): Directly starting a new transition type=TO_FRONT wct=WindowContainerTransaction { changes= {} hops= [{pendingIntent: options=Bundle[{android.activity.splashScreenStyle=-1, android.activity.sourceInfo=Supplier{VAL_PARCELABLE@148+104}, android:activity.isMlLaunch=-1, android.activity.splitTaskDeferResume=false, android.pendingIntent.backgroundActivityAllowed=1, android:activity.isActiveLaunch=false, android.activity.launchTypeDnD=false, android:activity.startedFromWindowTypeLauncher=false, android.activity.launchDisplayId=0, android:activity.unhandledDropLaunch=false, android:activity.launchInFocusedStageRoot=false, android:activity.animAbortListener=null, android.activity.disableSplashScreen=false, android.activity.startAssistantActivity=false, android.activity.applySystemModalPolicy=false, android:activity.applyBigFreeformSize=false, android:activity.activityEmbeddedPlaceholder=false, android.activity.enterPipWhileLaunching=false, android.activity.splitPosition=0, android.activity.preserveTaskWindowingMode=false, android:activity.enterSplitSideWithAdjacentFlag=0, android.activity.transientLaunch=true}]}] errorCallbackToken=null taskFragmentOrganizer=null } handler=com.android.wm.shell.recents.RecentsTransitionHandler@be06a7e
05-21 01:38:00.021 I/WindowOrganizer(28389): startNewTransition, type=3, t=WindowContainerTransaction { changes= {} hops= [{pendingIntent: options=Bundle[{android.activity.splashScreenStyle=-1, android.activity.sourceInfo=Supplier{VAL_PARCELABLE@148+104}, android:activity.isMlLaunch=-1, android.activity.splitTaskDeferResume=false, android.pendingIntent.backgroundActivityAllowed=1, android:activity.isActiveLaunch=false, android.activity.launchTypeDnD=false, android:activity.startedFromWindowTypeLauncher=false, android.activity.launchDisplayId=0, android:activity.unhandledDropLaunch=false, android:activity.launchInFocusedStageRoot=false, android:activity.animAbortListener=null, android.activity.disableSplashScreen=false, android.activity.startAssistantActivity=false, android.activity.applySystemModalPolicy=false, android:activity.applyBigFreeformSize=false, android:activity.activityEmbeddedPlaceholder=false, android.activity.enterPipWhileLaunching=false, android.activity.splitPosition=0, android.activity.preserveTaskWindowingMode=false, android:activity.enterSplitSideWithAdjacentFlag=0, android.activity.transientLaunch=true}]}] errorCallbackToken=null taskFragmentOrganizer=null }, caller=com.android.wm.shell.transition.Transitions.startTransition:100 com.android.wm.shell.recents.RecentsTransitionHandler.startRecentsTransition:431 com.android.wm.shell.recents.RecentTasksController$IRecentTasksImpl$$ExternalSyntheticLambda0.accept:17 com.android.wm.shell.common.ExternalInterfaceBinder$$ExternalSyntheticLambda0.run:10 android.os.Handler.handleCallback:995
05-21 01:38:00.022 V/WindowManager(27692): Transition 134: Set Task{d60eb11 #4314 type=standard A=10471:com.openburnbar} as transient-hidden-task, caller=com.android.server.wm.Task.forAllTasks:4 com.android.server.wm.WindowContainer.forAllTasks:2 com.android.server.wm.DisplayArea.forAllTasks:9
05-21 01:38:00.022 V/WindowManager(27692): Collecting in transition 134: Task{d60eb11 #4314 type=standard A=10471:com.openburnbar}, caller=com.android.server.wm.Transition$$ExternalSyntheticLambda20.test:119 com.android.server.wm.Task.forAllTasks:4 com.android.server.wm.WindowContainer.forAllTasks:2 com.android.server.wm.DisplayArea.forAllTasks:9 com.android.server.wm.Transition.setTransientLaunch:138
05-21 01:38:00.025 D/ActivityTaskManager(27692): scheduleTopResumedActivityChanged, onTop=false, r=ActivityRecord{8547600 u0 com.openburnbar/.MainActivity t4314}, caller=com.android.server.wm.ActivityTaskSupervisor.scheduleTopResumedActivityStateLossIfNeeded:19 com.android.server.wm.ActivityTaskSupervisor.endDeferResume:21 com.android.server.wm.WindowOrganizerController.applyTransaction:186 com.android.server.wm.WindowOrganizerController.applyTransaction:16 com.android.server.wm.WindowOrganizerController$$ExternalSyntheticLambda5.onCollectStarted:27 com.android.server.wm.TransitionController.startCollectOrQueue:97
05-21 01:38:00.025 D/SurfaceComposerClient(27692): setCornerRadius ## be80f6e com.openburnbar/com.openburnbar.MainActivity#1903 cornerRadius=0.000000
05-21 01:38:00.026 I/SurfaceFlinger( 2088): [com.openburnbar/com.openburnbar.MainActivity$_13202#1904] setFrameRateCategory: HighHint
05-21 01:38:00.027 I/InputDispatcher(27692): Channel [Gesture Monitor] swipe-up is stealing input gesture for device 6 from [be80f6e com.openburnbar/com.openburnbar.MainActivity, [Gesture Monitor] secinputdev, [Gesture Monitor] PalmMotion, [Gesture Monitor] edge-swipe]
05-21 01:38:00.027 D/SurfaceComposerClient(27692): setCornerRadius ## be80f6e com.openburnbar/com.openburnbar.MainActivity#1903 cornerRadius=0.000000
05-21 01:38:00.030 D/SGM:GameManager(27692): identifyForegroundApp. com.openburnbar, mCurrentUserId: 0, callerUserId: 0
05-21 01:38:00.031 D/SGM:GameManager(27692): identifyForegroundApp. com.openburnbar, mCurrentUserId: 0, callerUserId: 0
05-21 01:38:00.032 D/SurfaceComposerClient(27692): setCornerRadius ## be80f6e com.openburnbar/com.openburnbar.MainActivity#1903 cornerRadius=0.000000
05-21 01:38:00.035 D/WindowManager(27692): requestTransientBars: swipeTarget=Window{28ff4e4 u0 NavigationBar0}, controlTarget=Window{be80f6e u0 com.openburnbar/com.openburnbar.MainActivity}, canShowTransient=false, restorePositionTypes=0x3, from=com.android.server.wm.DisplayPolicy$1.onSwipeFromBottom:21 com.android.server.wm.SystemGesturesPointerEventListener.onPointerEvent:545
05-21 01:38:00.036 I/WindowManager(27692): Relayout Window{b32f064 u0 com.sec.android.app.launcher/com.sec.android.app.launcher.activities.LauncherActivity}: viewVisibility=0 req=1080x2340 ty=1 d0
05-21 01:38:00.036 D/SurfaceComposerClient(27692): setCornerRadius ## be80f6e com.openburnbar/com.openburnbar.MainActivity#1903 cornerRadius=0.000000
05-21 01:38:00.037 D/SurfaceComposerClient(27692): setCornerRadius ## be80f6e com.openburnbar/com.openburnbar.MainActivity#1903 cornerRadius=0.000000
05-21 01:38:00.037 I/WindowManager(27692): Relayout hash=b32f064, pid=28955, syncId=-1: mAttrs={(0,0)(fillxfill) sim={adjust=nothing forwardNavigation} layoutInDisplayCutoutMode=always ty=BASE_APPLICATION fmt=TRANSPARENT wanim=0x1030306
05-21 01:38:00.038 I/BLASTBufferQueue_Java(28955): new BLASTBufferQueue, mName= VRI[LauncherActivity]@311f285 mNativeObject= 0xb40000725f8cc390 caller= android.view.ViewRootImpl.updateBlastSurfaceIfNeeded:3585 android.view.ViewRootImpl.relayoutWindow:11685 android.view.ViewRootImpl.performTraversals:4804 android.view.ViewRootImpl.doTraversal:3924 android.view.ViewRootImpl$TraversalRunnable.run:12903 android.view.Choreographer$CallbackRecord.run:1901 android.view.Choreographer$CallbackRecord.run:1910 android.view.Choreographer.doCallbacks:1367 android.view.Choreographer.doFrame:1292 android.view.Choreographer$FrameDisplayEventReceiver.run:1870
05-21 01:38:00.038 I/BLASTBufferQueue_Java(28955): update, w= 1080 h= 2340 mName = VRI[LauncherActivity]@311f285 mNativeObject= 0xb40000725f8cc390 sc.mNativeObject= 0xb40000731f8c38d0 format= -2 caller= android.view.ViewRootImpl.updateBlastSurfaceIfNeeded:3590 android.view.ViewRootImpl.relayoutWindow:11685 android.view.ViewRootImpl.performTraversals:4804 android.view.ViewRootImpl.doTraversal:3924 android.view.ViewRootImpl$TraversalRunnable.run:12903 android.view.Choreographer$CallbackRecord.run:1901
05-21 01:38:00.038 I/Dc.AppErrorDialogActivity(12992): receive android.intent.action.CLOSE_SYSTEM_DIALOGS
05-21 01:38:00.038 I/VRI[LauncherActivity]@311f285(28955): Relayout returned: old=(0,0,1080,2340) new=(0,0,1080,2340) relayoutAsync=false req=(1080,2340)0 dur=1 res=0x3 s={true 0xb40000732f95f590} ch=true seqId=0
05-21 01:38:00.050 I/WallpaperService(28389): updateSurface system forceRelayout=false forceReport=false redrawNeeded=true myWidth=-1 myHeight=-1 fixedSize=false x = 0 y = 0 mWidth=-1 mHeight=-1
05-21 01:38:00.050 I/WallpaperService(28389): updateSurface: invoke Session.relayout
05-21 01:38:00.051 D/SurfaceComposerClient(27692): setCornerRadius ## be80f6e com.openburnbar/com.openburnbar.MainActivity#1903 cornerRadius=0.000000
05-21 01:38:00.052 D/SurfaceComposerClient(27692): setCornerRadius ## be80f6e com.openburnbar/com.openburnbar.MainActivity#1903 cornerRadius=0.000000
05-21 01:38:00.053 I/WindowManager(27692): Relayout Window{59d754b u0 com.android.systemui.wallpapers.ImageWallpaper}: viewVisibility=0 req=-1x-1 ty=2013 d0
05-21 01:38:00.053 D/SurfaceComposerClient(27692): setCornerRadius ## be80f6e com.openburnbar/com.openburnbar.MainActivity#1903 cornerRadius=0.000000
05-21 01:38:00.053 D/SurfaceComposerClient(27692): setCornerRadius ## be80f6e com.openburnbar/com.openburnbar.MainActivity#1903 cornerRadius=0.000000
05-21 01:38:00.053 I/WindowManager(27692): Relayout hash=59d754b, pid=28389, syncId=-1: mAttrs={(0,0)(fillxfill) gr=TOP START CENTER layoutInDisplayCutoutMode=always ty=WALLPAPER fmt=RGBX_8888 wanim=0x1030328
05-21 01:38:00.055 D/SurfaceComposerClient(27692): setCornerRadius ## be80f6e com.openburnbar/com.openburnbar.MainActivity#1903 cornerRadius=0.000000
05-21 01:38:00.055 D/SurfaceComposerClient(27692): setCornerRadius ## be80f6e com.openburnbar/com.openburnbar.MainActivity#1903 cornerRadius=0.000000
05-21 01:38:00.055 D/ChangeTransitionController(27692):    ChangeInfo{bfc3f6a container=Task{d60eb11 #4314 type=standard A=10471:com.openburnbar} flags=0x4}
05-21 01:38:00.055 V/WindowManager(27692): Start calculating TransitionInfo based on participants: {Task{8ebb5d #8 type=home I=com.sec.android.app.launcher/.activities.LauncherActivity}, ActivityRecord{66805281 u0 com.sec.android.app.launcher/.activities.LauncherActivity t8}, Task{a858dd6 #1 type=home}, TransientLaunchOverlayToken{a8fda62 token=android.os.BinderProxy@182c52d}, Task{d60eb11 #4314 type=standard A=10471:com.openburnbar}, WallpaperWindowToken{f3c0dc6 showWhenLocked=false}_<system>}
05-21 01:38:00.055 V/WindowManager(27692):   Final targets: [ChangeInfo{4ccf955 container=TransientLaunchOverlayToken{a8fda62 token=android.os.BinderProxy@182c52d} flags=0x0}, ChangeInfo{ea40c0c container=Task{a858dd6 #1 type=home} flags=0x30}, ChangeInfo{bfc3f6a container=Task{d60eb11 #4314 type=standard A=10471:com.openburnbar} flags=0x4}, ChangeInfo{bb57c5b container=WallpaperWindowToken{f3c0dc6 showWhenLocked=false}_<system> flags=0x0}]
05-21 01:38:00.056 D/WindowManager(27692): setActiveRecents, recents=Task{a858dd6 #1 type=home}, task=Task{d60eb11 #4314 type=standard A=10471:com.openburnbar}, caller=com.android.server.wm.InputMonitor.setActiveRecents:33 com.android.server.wm.Transition.onTransactionReady:1795 com.android.server.wm.BLASTSyncEngine$SyncGroup.finishNow:240
05-21 01:38:00.057 V/WindowManager(27692):         {WCT{RemoteToken{1771ed Task{d60eb11 #4314 type=standard A=10471:com.openburnbar}}} m=TO_BACK f=NONE leash=Surface(name=Task=4314)/@0x15c1c17 sb=Rect(0, 0 - 1080, 2340) eb=Rect(0, 0 - 1080, 2340) epz=Point(1080, 2340) d=0 taskParent=-1 inset=Rect(0, 91 - 0, 45) dim=true},
05-21 01:38:00.058 D/SurfaceComposerClient(27692): setCornerRadius ## be80f6e com.openburnbar/com.openburnbar.MainActivity#1903 cornerRadius=0.000000
05-21 01:38:00.058 D/SurfaceComposerClient(27692): setCornerRadius ## be80f6e com.openburnbar/com.openburnbar.MainActivity#1903 cornerRadius=0.000000
05-21 01:38:00.062 I/HoneySpace.RectFSpringRelayer(28955): springRelay created, 225268251
05-21 01:38:00.066 V/WindowManager(27692):     startWCT=WindowContainerTransaction { changes= {} hops= [{pendingIntent: options=Bundle[{android.activity.splashScreenStyle=-1, android.activity.sourceInfo=android.app.ActivityOptions$SourceInfo@21bfe0d, android:activity.isMlLaunch=-1, android.activity.splitTaskDeferResume=false, android.pendingIntent.backgroundActivityAllowed=1, android:activity.isActiveLaunch=false, android.activity.launchTypeDnD=false, android:activity.startedFromWindowTypeLauncher=false, android.activity.launchDisplayId=0, android:activity.unhandledDropLaunch=false, android:activity.launchInFocusedStageRoot=false, android:activity.animAbortListener=null, android.activity.disableSplashScreen=false, android.activity.startAssistantActivity=false, android.activity.applySystemModalPolicy=false, android:activity.applyBigFreeformSize=false, android:activity.activityEmbeddedPlaceholder=false, android.activity.enterPipWhileLaunching=false, android.activity.splitPosition=0, android.activity.preserveTaskWindowingMode=false, android:activity.enterSplitSideWithAdjacentFlag=0, android.activity.transientLaunch=true}]}] errorCallbackToken=null taskFragmentOrganizer=null }
05-21 01:38:00.066 V/WindowManager(27692):         {WCT{RemoteToken{1771ed Task{d60eb11 #4314 type=standard A=10471:com.openburnbar}}} m=TO_BACK f=NONE leash=Surface(name=Task=4314)/@0x15c1c17 sb=Rect(0, 0 - 1080, 2340) eb=Rect(0, 0 - 1080, 2340) epz=Point(1080, 2340) d=0 taskParent=-1 inset=Rect(0, 91 - 0, 45) dim=true},
05-21 01:38:00.067 D/WindowManager(27692): Changing focus from Window{be80f6e u0 com.openburnbar/com.openburnbar.MainActivity} to Window{b32f064 u0 com.sec.android.app.launcher/com.sec.android.app.launcher.activities.LauncherActivity} displayId=0 Callers=com.android.server.wm.ActivityTaskManagerService.setLastResumedActivityUncheckLocked:264 com.android.server.wm.ActivityTaskManagerService.setFocusedTask:19 com.android.server.wm.ActivityTaskManagerService.focusTopTask:53 android.app.IActivityTaskManager$Stub.onTransact:2027
05-21 01:38:00.068 D/WindowManager(27692): updateSystemBarAttributes: displayId=0, focusedCanBeNavColorWin=false, win=Window{b32f064 u0 com.sec.android.app.launcher/com.sec.android.app.launcher.activities.LauncherActivity}, navColorWin=Window{be80f6e u0 com.openburnbar/com.openburnbar.MainActivity}, caller=com.android.server.wm.WindowManagerService.updateFocusedWindowLocked:372 com.android.server.wm.ActivityTaskManagerService.setLastResumedActivityUncheckLocked:264 com.android.server.wm.ActivityTaskManagerService.setFocusedTask:19
05-21 01:38:00.069 D/SurfaceFlinger( 2088):        DEVICE |           56702158241797 | 00002102 | RGBA_8888    |    0.0    0.0 1080.0 2340.0 |    0    0 1080 2340 | com.openburnbar/com.openburnbar.MainActivity$_13202#1904 (2168)
05-21 01:38:00.079 D/SurfaceFlinger( 2088):        CLIENT |           56702158241800 | 00002102 | RGBA_8888    |    0.0    9.0 1074.0 2335.0 |    0    0 1080 2339 | com.openburnbar/com.openburnbar.MainActivity$_13202#1904 (2169)
05-21 01:38:00.088 D/InputDispatcher(27692): Focus left window (0): be80f6e com.openburnbar/com.openburnbar.MainActivity
05-21 01:38:00.109 I/WindowManager(27692): Relayout Window{4ff304f u0 RecentsTransitionOverlay}: viewVisibility=0 req=1x1 ty=2632 d0
05-21 01:38:00.110 D/SurfaceComposerClient(27692): setCornerRadius ## be80f6e com.openburnbar/com.openburnbar.MainActivity#1903 cornerRadius=0.000000
05-21 01:38:00.110 D/SurfaceComposerClient(27692): setCornerRadius ## be80f6e com.openburnbar/com.openburnbar.MainActivity#1903 cornerRadius=0.000000
05-21 01:38:00.110 D/WindowManager(27692): applyWithNextDraw, mSyncSeqId=21, win=Window{4ff304f u0 RecentsTransitionOverlay}, caller=com.android.server.wm.WindowState.applyWithNextDraw:131 com.android.server.wm.WindowState.updateSurfacePosition:302 com.android.server.wm.RootWindowContainer.performSurfacePlacementNoTrace:145 com.android.server.wm.WindowSurfacePlacer.performSurfacePlacement:166 com.android.server.wm.WindowManagerService.relayoutWindow:1214 com.android.server.wm.Session.relayout:27
05-21 01:38:00.111 I/WindowManager(27692): Relayout hash=4ff304f, pid=28955, syncId=21: mAttrs={(0,0)(fillxfill) gr=BOTTOM CENTER_VERTICAL sim={adjust=pan} layoutInDisplayCutoutMode=always ty=TRANSIENT_LAUNCH_OVERLAY fmt=TRANSLUCENT if=INPUT_FEATURE_NO_INPUT_CHANNEL
05-21 01:38:00.112 I/BLASTBufferQueue_Java(28955): update, w= 1080 h= 2340 mName = VRI[RecentsTransitionOverlay]@3531069 mNativeObject= 0xb40000725f8f25f0 sc.mNativeObject= 0xb40000731f8ade50 format= -3 caller= android.view.ViewRootImpl.updateBlastSurfaceIfNeeded:3574 android.view.ViewRootImpl.relayoutWindow:11685 android.view.ViewRootImpl.performTraversals:4804 android.view.ViewRootImpl.doTraversal:3924 android.view.ViewRootImpl$TraversalRunnable.run:12903 android.view.Choreographer$CallbackRecord.run:1901
05-21 01:38:00.112 I/VRI[RecentsTransitionOverlay]@3531069(28955): Relayout returned: old=(539,2339,540,2340) new=(0,0,1080,2340) relayoutAsync=false req=(1,1)0 dur=3 res=0x0 s={true 0xb40000732f8b4c10} ch=false seqId=21
05-21 01:38:00.134 D/SurfaceComposerClient(27692): setCornerRadius ## be80f6e com.openburnbar/com.openburnbar.MainActivity#1903 cornerRadius=0.000000
05-21 01:38:00.134 D/SurfaceComposerClient(27692): setCornerRadius ## be80f6e com.openburnbar/com.openburnbar.MainActivity#1903 cornerRadius=0.000000
05-21 01:38:00.142 I/BLASTBufferQueue_Java(28955): update, w= 1080 h= 2340 mName = VRI[RecentsTransitionOverlay]@3531069 mNativeObject= 0xb40000725f8f25f0 sc.mNativeObject= 0xb40000731f8ade50 format= -3 caller= android.view.ViewRootImpl.updateBlastSurfaceIfNeeded:3574 android.view.ViewRootImpl.relayoutWindow:11685 android.view.ViewRootImpl.performTraversals:4804 android.view.ViewRootImpl.doTraversal:3924 android.view.ViewRootImpl$TraversalRunnable.run:12903 android.view.Choreographer$CallbackRecord.run:1901
05-21 01:38:00.142 I/WindowManager(27692): Relayout Window{4ff304f u0 RecentsTransitionOverlay}: viewVisibility=0 req=1080x2340 ty=2632 d0
05-21 01:38:00.142 I/VRI[RecentsTransitionOverlay]@3531069(28955): Relayout returned: old=(0,0,1080,2340) new=(0,0,1080,2340) relayoutAsync=true req=(1080,2340)0 dur=0 res=0x0 s={true 0xb40000732f8b4c10} ch=false seqId=21
05-21 01:38:00.142 D/SurfaceComposerClient(27692): setCornerRadius ## be80f6e com.openburnbar/com.openburnbar.MainActivity#1903 cornerRadius=0.000000
05-21 01:38:00.142 D/SurfaceComposerClient(27692): setCornerRadius ## be80f6e com.openburnbar/com.openburnbar.MainActivity#1903 cornerRadius=0.000000
05-21 01:38:00.143 I/WindowManager(27692): Relayout hash=4ff304f, pid=0, syncId=-1: mAttrs={(0,0)(fillxfill) gr=BOTTOM CENTER_VERTICAL sim={adjust=pan} layoutInDisplayCutoutMode=always ty=TRANSIENT_LAUNCH_OVERLAY fmt=TRANSLUCENT if=INPUT_FEATURE_NO_INPUT_CHANNEL
05-21 01:38:00.150 D/SurfaceComposerClient(27692): setCornerRadius ## be80f6e com.openburnbar/com.openburnbar.MainActivity#1903 cornerRadius=0.000000
05-21 01:38:00.151 D/SurfaceComposerClient(27692): setCornerRadius ## be80f6e com.openburnbar/com.openburnbar.MainActivity#1903 cornerRadius=0.000000
05-21 01:38:00.187 D/SurfaceFlinger( 2088):        CLIENT |           56702158241799 | 00002102 | RGBA_8888    |    0.0   11.0 1080.0 2335.0 |   22   38 1055 2261 | com.openburnbar/com.openburnbar.MainActivity$_13202#1904 (2182)
05-21 01:38:00.219 D/SurfaceComposerClient(27692): setCornerRadius ## be80f6e com.openburnbar/com.openburnbar.MainActivity#1903 cornerRadius=0.000000
05-21 01:38:00.225 I/HoneySpace.AppCloseAnimationDelegate(28955): findTargetValue [cookie--2147483648, pkgName-com.openburnbar]
05-21 01:38:00.229 I/Dc.AppErrorDialogActivity(12992): receive android.intent.action.CLOSE_SYSTEM_DIALOGS
05-21 01:38:00.229 D/SurfaceFlinger( 2088):        CLIENT |           56702158241798 | 00002102 | RGBA_8888    |    0.0   14.0 1079.0 2333.0 |   25   42 1054 2253 | com.openburnbar/com.openburnbar.MainActivity$_13202#1904 (2187)
05-21 01:38:00.235 I/WindowManager(27692): Relayout Window{4ff304f u0 RecentsTransitionOverlay}: viewVisibility=0 req=1x1 ty=2632 d0
05-21 01:38:00.235 D/SurfaceComposerClient(27692): setCornerRadius ## be80f6e com.openburnbar/com.openburnbar.MainActivity#1903 cornerRadius=0.000000
05-21 01:38:00.235 D/SurfaceComposerClient(27692): setCornerRadius ## be80f6e com.openburnbar/com.openburnbar.MainActivity#1903 cornerRadius=0.000000
05-21 01:38:00.236 D/WindowManager(27692): applyWithNextDraw, mSyncSeqId=22, win=Window{4ff304f u0 RecentsTransitionOverlay}, caller=com.android.server.wm.WindowState.applyWithNextDraw:131 com.android.server.wm.WindowState.updateSurfacePosition:302 com.android.server.wm.RootWindowContainer.performSurfacePlacementNoTrace:145 com.android.server.wm.WindowSurfacePlacer.performSurfacePlacement:166 com.android.server.wm.WindowManagerService.relayoutWindow:1214 com.android.server.wm.Session.relayout:27
05-21 01:38:00.236 I/WindowManager(27692): Relayout hash=4ff304f, pid=28955, syncId=22: mAttrs={(0,0)(1x1) gr=BOTTOM CENTER_VERTICAL sim={adjust=pan} layoutInDisplayCutoutMode=always ty=TRANSIENT_LAUNCH_OVERLAY fmt=TRANSLUCENT if=INPUT_FEATURE_NO_INPUT_CHANNEL
05-21 01:38:00.237 I/BLASTBufferQueue_Java(28955): update, w= 1 h= 1 mName = VRI[RecentsTransitionOverlay]@3531069 mNativeObject= 0xb40000725f8f25f0 sc.mNativeObject= 0xb40000731f8a9050 format= -3 caller= android.view.ViewRootImpl.updateBlastSurfaceIfNeeded:3574 android.view.ViewRootImpl.relayoutWindow:11685 android.view.ViewRootImpl.performTraversals:4804 android.view.ViewRootImpl.doTraversal:3924 android.view.ViewRootImpl$TraversalRunnable.run:12903 android.view.Choreographer$CallbackRecord.run:1901
05-21 01:38:00.237 I/VRI[RecentsTransitionOverlay]@3531069(28955): Relayout returned: old=(0,0,1080,2340) new=(539,2339,540,2340) relayoutAsync=false req=(1,1)0 dur=1 res=0x0 s={true 0xb40000732f8b4c10} ch=false seqId=22
05-21 01:38:00.240 D/SurfaceComposerClient(27692): setCornerRadius ## be80f6e com.openburnbar/com.openburnbar.MainActivity#1903 cornerRadius=0.000000
05-21 01:38:00.240 D/SurfaceComposerClient(27692): setCornerRadius ## be80f6e com.openburnbar/com.openburnbar.MainActivity#1903 cornerRadius=0.000000
05-21 01:38:00.243 I/BLASTBufferQueue_Java(28955): update, w= 1 h= 1 mName = VRI[RecentsTransitionOverlay]@3531069 mNativeObject= 0xb40000725f8f25f0 sc.mNativeObject= 0xb40000731f8a9050 format= -3 caller= android.view.ViewRootImpl.updateBlastSurfaceIfNeeded:3574 android.view.ViewRootImpl.relayoutWindow:11685 android.view.ViewRootImpl.performTraversals:4804 android.view.ViewRootImpl.doTraversal:3924 android.view.ViewRootImpl$TraversalRunnable.run:12903 android.view.Choreographer$CallbackRecord.run:1901
05-21 01:38:00.243 I/VRI[RecentsTransitionOverlay]@3531069(28955): Relayout returned: old=(539,2339,540,2340) new=(539,2339,540,2340) relayoutAsync=true req=(1,1)0 dur=0 res=0x0 s={true 0xb40000732f8b4c10} ch=false seqId=22
05-21 01:38:00.244 I/WindowManager(27692): Relayout Window{4ff304f u0 RecentsTransitionOverlay}: viewVisibility=0 req=1x1 ty=2632 d0
05-21 01:38:00.244 D/SurfaceComposerClient(27692): setCornerRadius ## be80f6e com.openburnbar/com.openburnbar.MainActivity#1903 cornerRadius=0.000000
05-21 01:38:00.245 D/SurfaceComposerClient(27692): setCornerRadius ## be80f6e com.openburnbar/com.openburnbar.MainActivity#1903 cornerRadius=0.000000
05-21 01:38:00.246 I/WindowManager(27692): Relayout hash=4ff304f, pid=0, syncId=-1: mAttrs={(0,0)(1x1) gr=BOTTOM CENTER_VERTICAL sim={adjust=pan} layoutInDisplayCutoutMode=always ty=TRANSIENT_LAUNCH_OVERLAY fmt=TRANSLUCENT if=INPUT_FEATURE_NO_INPUT_CHANNEL
05-21 01:38:00.246 D/SurfaceComposerClient(27692): setCornerRadius ## be80f6e com.openburnbar/com.openburnbar.MainActivity#1903 cornerRadius=0.000000
05-21 01:38:00.246 D/SurfaceComposerClient(27692): setCornerRadius ## be80f6e com.openburnbar/com.openburnbar.MainActivity#1903 cornerRadius=0.000000
05-21 01:38:00.379 D/SurfaceFlinger( 2088):        CLIENT |           56702158241800 | 00002102 | RGBA_8888    |    0.0   63.0 1077.0 2189.0 |  202  594  892 1956 | com.openburnbar/com.openburnbar.MainActivity$_13202#1904 (2205)
05-21 01:38:00.495 D/SurfaceFlinger( 2088):        CLIENT |           56702158241798 | 00002102 | RGBA_8888    |    0.0   85.0 1079.0 1642.0 |  390 1416  696 1858 | com.openburnbar/com.openburnbar.MainActivity$_13202#1904 (2219)
05-21 01:38:00.795 D/SurfaceComposerClient(27692): setCornerRadius ## be80f6e com.openburnbar/com.openburnbar.MainActivity#1903 cornerRadius=0.000000
05-21 01:38:01.016 I/BLASTBufferQueue_Java(28955): update, w= 1 h= 1 mName = VRI[RecentsTransitionOverlay]@3531069 mNativeObject= 0xb40000725f8f25f0 sc.mNativeObject= 0xb40000731f8a9050 format= -3 caller= android.view.ViewRootImpl.updateBlastSurfaceIfNeeded:3574 android.view.ViewRootImpl.relayoutWindow:11685 android.view.ViewRootImpl.performTraversals:4804 android.view.ViewRootImpl.doTraversal:3924 android.view.ViewRootImpl$TraversalRunnable.run:12903 android.view.Choreographer$CallbackRecord.run:1901
05-21 01:38:01.016 I/VRI[RecentsTransitionOverlay]@3531069(28955): Relayout returned: old=(539,2339,540,2340) new=(539,2339,540,2340) relayoutAsync=true req=(1,1)0 dur=1 res=0x0 s={true 0xb40000732f8b4c10} ch=false seqId=22
05-21 01:38:01.016 I/WindowManager(27692): Relayout Window{4ff304f u0 RecentsTransitionOverlay}: viewVisibility=0 req=1x1 ty=2632 d0
05-21 01:38:01.017 D/SurfaceComposerClient(27692): setCornerRadius ## be80f6e com.openburnbar/com.openburnbar.MainActivity#1903 cornerRadius=0.000000
05-21 01:38:01.019 D/SurfaceComposerClient(27692): setCornerRadius ## be80f6e com.openburnbar/com.openburnbar.MainActivity#1903 cornerRadius=0.000000
05-21 01:38:01.020 V/WindowManager(27692):    ChangeInfo{bfc3f6a container=Task{d60eb11 #4314 type=standard A=10471:com.openburnbar} flags=0x4}
05-21 01:38:01.022 I/WindowManager(27692): Relayout hash=4ff304f, pid=0, syncId=-1: mAttrs={(0,0)(1x1) gr=BOTTOM CENTER_VERTICAL sim={adjust=pan} layoutInDisplayCutoutMode=always ty=TRANSIENT_LAUNCH_OVERLAY fmt=TRANSLUCENT if=INPUT_FEATURE_NO_INPUT_CHANNEL
05-21 01:38:01.023 I/SurfaceComposerClient(27692): captureLayers:childrenOnly:1, sync:1
05-21 01:38:01.024 I/SurfaceFlinger( 2088): Capture layer list: 	 com.openburnbar/com.openburnbar.MainActivity$_13202#1904(seamlessTransition:0)
05-21 01:38:01.025 D/RenderEngine( 2088): [SEC_SF_EFFECTS] drawLayersInternal,1483, Rendering layer com.openburnbar/com.openburnbar.MainActivity$_13202#1904 at index 1
05-21 01:38:01.027 V/WindowManager(27692): Setting visibility of Window{be80f6e u0 com.openburnbar/com.openburnbar.MainActivity}: false, caller=com.android.server.wm.WindowContainer.sendAppVisibilityToClients:19 com.android.server.wm.WindowToken.setClientVisible:48 com.android.server.wm.ActivityRecord.commitVisibility:186 com.android.server.wm.TransitionController.finishTransition:846 com.android.server.wm.WindowOrganizerController.finishTransitionInner:31
05-21 01:38:01.028 D/ChangeTransitionController(27692):    ChangeInfo{bfc3f6a container=Task{d60eb11 #4314 type=standard A=10471:com.openburnbar} flags=0x4}
05-21 01:38:01.030 D/SGM:FgCheckThread(27692): notePauseComponent(), received pkgName: com.openburnbar, userId: 0
05-21 01:38:01.042 I/SurfaceFlinger( 2088): RequestedLayer [com.openburnbar/com.openburnbar.MainActivity$_13202#1904] hidden!! flag  from(0) --> to(1)
05-21 01:38:01.042 I/SurfaceFlinger( 2088): RequestedLayer [ActivityRecord{8547600 u0 com.openburnbar/.MainActivity t4314}#1899] hidden!! flag  from(0) --> to(1)
05-21 01:38:01.054 I/WindowManager(27692): Relayout Window{be80f6e u0 com.openburnbar/com.openburnbar.MainActivity}: viewVisibility=8 req=1080x2340 ty=1 d0
05-21 01:38:01.055 I/WindowManager(27692): Relayout hash=be80f6e, pid=13202, syncId=-1: mAttrs={(0,0)(fillxfill) sim={adjust=resize forwardNavigation} layoutInDisplayCutoutMode=always ty=BASE_APPLICATION wanim=0x1030317
05-21 01:38:01.056 I/VRI[MainActivity]@36a5162(13202): Relayout returned: old=(0,0,1080,2340) new=(0,0,1080,2340) relayoutAsync=false req=(1080,2340)8 dur=1 res=0x2 s={false 0x0} ch=true seqId=0
05-21 01:38:01.057 D/VRI[MainActivity]@36a5162(13202): WindowStopped on com.openburnbar/com.openburnbar.MainActivity set to true
05-21 01:38:01.064 E/WindowManager(27692): win=Window{be80f6e u0 com.openburnbar/com.openburnbar.MainActivity} destroySurfaces: appStopped=true cleanupOnResume=false win.mWindowRemovalAllowed=false win.mRemoveOnExit=false win.mViewVisibility=8 caller=com.android.server.wm.ActivityRecord.destroySurfaces:25 com.android.server.wm.ActivityRecord.activityStopped:192 com.android.server.wm.ActivityClientController.activityStopped:97 android.app.IActivityClientController$Stub.onTransact:740 com.android.server.wm.ActivityClientController.onTransact:1 android.os.Binder.execTransactInternal:1462 android.os.Binder.execTransact:1401
05-21 01:38:01.065 D/SGM:FgCheckThread(27692): pkgName: com.openburnbar is not in foreground
05-21 01:38:01.065 D/SGM:FgCheckThread(27692): noteStopComponent(), received pkgName: com.openburnbar, focusedPkgName: com.sec.android.app.launcher, userId: 0
05-21 01:38:01.066 D/PkgPredictorService-SecIpmManagerServiceImpl(27692): bg information pid:13202 uid:10471 pkgName:com.openburnbar
05-21 01:38:01.066 D/BBA2    (27692): updateFlingerFlag  this is wallpaper application, exist !!! com.openburnbar
05-21 01:38:01.067 I/SurfaceFlinger( 2088): [LayerHierarchy{RequestedLayerState{com.openburnbar/com.openburnbar.MainActivity$_13202#1904} no children}] reparent to OffscreenRoot
05-21 01:38:01.067 I/SurfaceFlinger( 2088): [LayerHierarchy{RequestedLayerState{com.openburnbar/com.openburnbar.MainActivity$_13202#1904} no children}] RelativeParent to null
05-21 01:38:01.068 I/SurfaceFlinger( 2088): id=1904 Removed com.openburnbar/com.openburnbar.MainActivity$_13202#1904 (163)
05-21 01:38:01.075 I/SurfaceFlinger( 2088): destroyed com.openburnbar/com.openburnbar.MainActivity$_13202#1904 form LifecycleManager
05-21 01:38:01.075 I/SurfaceFlinger( 2088): id=1904 onLayerDestroyed from LayerHierarchyBuilder(RequestedLayerState{com.openburnbar/com.openburnbar.MainActivity$_13202#1904 !handle})
05-21 01:38:01.076 I/Layer   ( 2088): id=1904 Destroyed com.openburnbar/com.openburnbar.MainActivity$_13202#1904
05-21 01:38:02.233 I/WindowManager(27692): Relayout Window{372f57d u0 NotificationShade}: viewVisibility=0 req=1080x2340 ty=2040 d0
05-21 01:38:02.235 I/WindowManager(27692): Relayout hash=372f57d, pid=28389, syncId=-1: mAttrs={(0,0)(fillxfill) gr=TOP CENTER_VERTICAL sim={adjust=pan} layoutInDisplayCutoutMode=always ty=NOTIFICATION_SHADE fmt=TRANSLUCENT
05-21 01:38:02.235 I/BLASTBufferQueue_Java(28389): new BLASTBufferQueue, mName= VRI[NotificationShade]@e22c685 mNativeObject= 0xb40000725f944b10 caller= android.view.ViewRootImpl.updateBlastSurfaceIfNeeded:3585 android.view.ViewRootImpl.relayoutWindow:11685 android.view.ViewRootImpl.performTraversals:4804 android.view.ViewRootImpl.doTraversal:3924 android.view.ViewRootImpl$TraversalRunnable.run:12903 android.view.Choreographer$CallbackRecord.run:1901 android.view.Choreographer$CallbackRecord.run:1910 android.view.Choreographer.doCallbacks:1367 android.view.Choreographer.doFrame:1292 android.view.Choreographer$FrameDisplayEventReceiver.run:1870
05-21 01:38:02.235 I/BLASTBufferQueue_Java(28389): update, w= 1080 h= 2340 mName = VRI[NotificationShade]@e22c685 mNativeObject= 0xb40000725f944b10 sc.mNativeObject= 0xb40000731f8c8010 format= -3 caller= android.view.ViewRootImpl.updateBlastSurfaceIfNeeded:3590 android.view.ViewRootImpl.relayoutWindow:11685 android.view.ViewRootImpl.performTraversals:4804 android.view.ViewRootImpl.doTraversal:3924 android.view.ViewRootImpl$TraversalRunnable.run:12903 android.view.Choreographer$CallbackRecord.run:1901
05-21 01:38:02.235 I/VRI[NotificationShade]@e22c685(28389): Relayout returned: old=(0,0,1080,2340) new=(0,0,1080,2340) relayoutAsync=false req=(1080,2340)0 dur=2 res=0x3 s={true 0xb40000732fb164e0} ch=true seqId=0
05-21 01:38:02.282 D/SecQSCommonTileView(28389): handleStateChanged state.spec = custom(com.samsung.android.smartmirroring/.tile.SmartMirroringTile), parent = LargeTileView{@8585dac, #7f0a0df0, app:id/tile_label V, label = @8585dac, #7f0a0df0, app:id/tile_label V, iconFrame = @9327a75 V, icon = @74bfa0a V, common = @f44b27b}, labelContainer = @cfc8d3, #7f0a0661, app:id/label_group V, label = @8585dac, #7f0a0df0, app:id/tile_label V, iconFrame = @9327a75 V, icon = @74bfa0a V, common = @f44b27b
05-21 01:38:02.288 I/WindowManager(27692): Relayout Window{db0801f u0 com.sec.android.app.launcher/com.samsung.app.honeyspace.edge.edgepanel.app.CocktailBarService}: viewVisibility=8 req=0x0 ty=2226 d0
05-21 01:38:02.288 E/WindowManager(27692): win=Window{db0801f u0 com.sec.android.app.launcher/com.samsung.app.honeyspace.edge.edgepanel.app.CocktailBarService} destroySurfaces: appStopped=true cleanupOnResume=false win.mWindowRemovalAllowed=false win.mRemoveOnExit=false win.mViewVisibility=8 caller=com.android.server.wm.WindowManagerService.tryStartExitingAnimation:134 com.android.server.wm.WindowManagerService.relayoutWindow:1160 com.android.server.wm.Session.relayout:27 android.view.IWindowSession$Stub.onTransact:829 com.android.server.wm.Session.onTransact:1 android.os.Binder.execTransactInternal:1457 android.os.Binder.execTransact:1401
05-21 01:38:02.289 I/WindowManager(27692): Relayout hash=db0801f, pid=28955, syncId=-1: mAttrs={(0,438)(0x0) gr=TOP RIGHT CENTER sim={adjust=nothing forwardNavigation} layoutInDisplayCutoutMode=always ty=2226 fmt=TRANSPARENT
05-21 01:38:02.290 I/VRI[CocktailBarService]@a92b813(28955): Relayout returned: old=(1013,438,1080,784) new=(1013,438,1080,784) relayoutAsync=false req=(0,0)8 dur=2 res=0x2 s={false 0x0} ch=true seqId=0
05-21 01:38:02.291 I/BLASTBufferQueue_Java(28389): update, w= 1080 h= 2340 mName = VRI[NotificationShade]@e22c685 mNativeObject= 0xb40000725f944b10 sc.mNativeObject= 0xb40000731f8c8010 format= -3 caller= android.view.ViewRootImpl.updateBlastSurfaceIfNeeded:3574 android.view.ViewRootImpl.relayoutWindow:11685 android.view.ViewRootImpl.performTraversals:4804 android.view.ViewRootImpl.doTraversal:3924 android.view.ViewRootImpl$TraversalRunnable.run:12903 android.view.Choreographer$CallbackRecord.run:1901
05-21 01:38:02.291 I/WindowManager(27692): Relayout Window{372f57d u0 NotificationShade}: viewVisibility=0 req=1080x2340 ty=2040 d0
05-21 01:38:02.291 I/VRI[NotificationShade]@e22c685(28389): Relayout returned: old=(0,0,1080,2340) new=(0,0,1080,2340) relayoutAsync=true req=(1080,2340)0 dur=0 res=0x0 s={true 0xb40000732fb164e0} ch=false seqId=0
05-21 01:38:02.292 D/WindowManager(27692): Changing focus from Window{b32f064 u0 com.sec.android.app.launcher/com.sec.android.app.launcher.activities.LauncherActivity} to Window{372f57d u0 NotificationShade} displayId=0 Callers=com.android.server.wm.WindowManagerService.relayoutWindow:1366 com.android.server.wm.Session.relayout:27 com.android.server.wm.Session.relayoutAsync:14 android.view.IWindowSession$Stub.onTransact:854
05-21 01:38:02.292 D/InsetsSourceProvider(27692): updateControlForTarget: control=InsetsSourceControl: {14000000 mType=statusBars initiallyVisible mSurfacePosition=Point(0, 0) mInsetsHint=Insets{left=0, top=91, right=0, bottom=0}}, target=Window{372f57d u0 NotificationShade}, from=com.android.server.wm.InsetsStateController.onControlTargetChanged:83 com.android.server.wm.InsetsPolicy.updateBarControlTarget:212 com.android.server.wm.DisplayPolicy.updateSystemBarAttributes:262 com.android.server.wm.WindowManagerService.updateFocusedWindowLocked:372 com.android.server.wm.WindowManagerService.relayoutWindow:1366
05-21 01:38:02.293 D/InsetsSourceProvider(27692): updateControlForTarget: control=InsetsSourceControl: {d470001 mType=navigationBars initiallyVisible mSurfacePosition=Point(0, 2196) mInsetsHint=Insets{left=0, top=0, right=0, bottom=45}}, target=Window{372f57d u0 NotificationShade}, from=com.android.server.wm.InsetsStateController.onControlTargetChanged:83 com.android.server.wm.InsetsPolicy.updateBarControlTarget:225 com.android.server.wm.DisplayPolicy.updateSystemBarAttributes:262 com.android.server.wm.WindowManagerService.updateFocusedWindowLocked:372 com.android.server.wm.WindowManagerService.relayoutWindow:1366
05-21 01:38:02.293 D/WindowManager(27692): updateSystemBarAttributes: displayId=0, focusedCanBeNavColorWin=false, win=Window{372f57d u0 NotificationShade}, navColorWin=Window{b32f064 u0 com.sec.android.app.launcher/com.sec.android.app.launcher.activities.LauncherActivity}, caller=com.android.server.wm.WindowManagerService.updateFocusedWindowLocked:372 com.android.server.wm.WindowManagerService.relayoutWindow:1366 com.android.server.wm.Session.relayout:27
05-21 01:38:02.293 I/WindowManager(27692): Relayout hash=372f57d, pid=0, syncId=-1: mAttrs={(0,0)(fillxfill) gr=TOP CENTER_VERTICAL sim={adjust=pan} layoutInDisplayCutoutMode=always ty=NOTIFICATION_SHADE fmt=TRANSLUCENT
05-21 01:38:02.311 I/WallpaperService(28389): updateSurface system forceRelayout=true forceReport=false redrawNeeded=false myWidth=-1 myHeight=-1 fixedSize=false x = 0 y = 0 mWidth=-1 mHeight=-1
05-21 01:38:02.311 I/WallpaperService(28389): updateSurface: invoke Session.relayout
05-21 01:38:02.311 I/WindowManager(27692): Relayout Window{59d754b u0 com.android.systemui.wallpapers.ImageWallpaper}: viewVisibility=0 req=-1x-1 ty=2013 d0
05-21 01:38:02.312 I/WindowManager(27692): Relayout hash=59d754b, pid=28389, syncId=-1: mAttrs={(0,0)(fillxfill) gr=TOP START CENTER layoutInDisplayCutoutMode=always ty=WALLPAPER fmt=RGBX_8888 wanim=0x1030328
05-21 01:38:02.426 I/BLASTBufferQueue_Java(28389): update, w= 1080 h= 144 mName = VRI[NavigationBar0]@de9aa5e mNativeObject= 0xb40000725f934a10 sc.mNativeObject= 0xb40000731f8af7d0 format= -3 caller= android.view.ViewRootImpl.updateBlastSurfaceIfNeeded:3574 android.view.ViewRootImpl.relayoutWindow:11685 android.view.ViewRootImpl.performTraversals:4804 android.view.ViewRootImpl.doTraversal:3924 android.view.ViewRootImpl$TraversalRunnable.run:12903 android.view.Choreographer$CallbackRecord.run:1901
05-21 01:38:02.426 I/VRI[NavigationBar0]@de9aa5e(28389): Relayout returned: old=(0,2196,1080,2340) new=(0,2196,1080,2340) relayoutAsync=true req=(1080,144)0 dur=1 res=0x0 s={true 0xb40000732f9a2f10} ch=false seqId=0
05-21 01:38:02.426 I/WindowManager(27692): Relayout Window{28ff4e4 u0 NavigationBar0}: viewVisibility=0 req=1080x144 ty=2019 d0
05-21 01:38:02.429 I/WindowManager(27692): Relayout hash=28ff4e4, pid=0, syncId=-1: mAttrs={(0,0)(fillx144) gr=BOTTOM CENTER_VERTICAL sim={adjust=pan} layoutInDisplayCutoutMode=always ty=NAVIGATION_BAR fmt=TRANSLUCENT
05-21 01:38:02.686 D/Tile.CustomTile(28389): handleSetListening  true  initialized=true  isTileReady=true  getTileSpec() = custom(com.samsung.android.smartmirroring/.tile.SmartMirroringTile)
05-21 01:38:02.693 D/SecQSCommonTileView(28389): handleStateChanged state.spec = custom(com.samsung.android.smartmirroring/.tile.SmartMirroringTile), parent = LargeTileView{@8585dac, #7f0a0df0, app:id/tile_label V, label = @8585dac, #7f0a0df0, app:id/tile_label V, iconFrame = @9327a75 V, icon = @74bfa0a V, common = @f44b27b}, labelContainer = @cfc8d3, #7f0a0661, app:id/label_group V, label = @8585dac, #7f0a0df0, app:id/tile_label V, iconFrame = @9327a75 V, icon = @74bfa0a V, common = @f44b27b
05-21 01:38:02.694 D/SecQSCommonTileView(28389): handleStateChanged state.spec = custom(com.samsung.android.smartmirroring/.tile.SmartMirroringTile), parent = LargeTileView{@8585dac, #7f0a0df0, app:id/tile_label V, label = @8585dac, #7f0a0df0, app:id/tile_label V, iconFrame = @9327a75 V, icon = @74bfa0a V, common = @f44b27b}, labelContainer = @cfc8d3, #7f0a0661, app:id/label_group V, label = @8585dac, #7f0a0df0, app:id/tile_label V, iconFrame = @9327a75 V, icon = @74bfa0a V, common = @f44b27b
05-21 01:38:03.445 I/WindowManager(27692): Relayout Window{372f57d u0 NotificationShade}: viewVisibility=0 req=1080x2340 ty=2040 d0
05-21 01:38:03.445 I/BLASTBufferQueue_Java(28389): update, w= 1080 h= 2340 mName = VRI[NotificationShade]@e22c685 mNativeObject= 0xb40000725f944b10 sc.mNativeObject= 0xb40000731f8c8010 format= -3 caller= android.view.ViewRootImpl.updateBlastSurfaceIfNeeded:3574 android.view.ViewRootImpl.relayoutWindow:11685 android.view.ViewRootImpl.performTraversals:4804 android.view.ViewRootImpl.doTraversal:3924 android.view.ViewRootImpl$TraversalRunnable.run:12903 android.view.Choreographer$CallbackRecord.run:1901
05-21 01:38:03.445 I/VRI[NotificationShade]@e22c685(28389): Relayout returned: old=(0,0,1080,2340) new=(0,0,1080,2340) relayoutAsync=true req=(1080,2340)0 dur=0 res=0x0 s={true 0xb40000732fb164e0} ch=false seqId=0
05-21 01:38:03.446 D/WindowManager(27692): Changing focus from Window{372f57d u0 NotificationShade} to Window{b32f064 u0 com.sec.android.app.launcher/com.sec.android.app.launcher.activities.LauncherActivity} displayId=0 Callers=com.android.server.wm.WindowManagerService.relayoutWindow:1366 com.android.server.wm.Session.relayout:27 com.android.server.wm.Session.relayoutAsync:14 android.view.IWindowSession$Stub.onTransact:854
05-21 01:38:03.447 D/InsetsSourceProvider(27692): updateControlForTarget: control=InsetsSourceControl: {14000000 mType=statusBars initiallyVisible mSurfacePosition=Point(0, 0) mInsetsHint=Insets{left=0, top=91, right=0, bottom=0}}, target=Window{b32f064 u0 com.sec.android.app.launcher/com.sec.android.app.launcher.activities.LauncherActivity}, from=com.android.server.wm.InsetsStateController.onControlTargetChanged:83 com.android.server.wm.InsetsPolicy.updateBarControlTarget:212 com.android.server.wm.DisplayPolicy.updateSystemBarAttributes:262 com.android.server.wm.WindowManagerService.updateFocusedWindowLocked:372 com.android.server.wm.WindowManagerService.relayoutWindow:1366
05-21 01:38:03.447 D/InsetsSourceProvider(27692): updateControlForTarget: control=InsetsSourceControl: {d470001 mType=navigationBars initiallyVisible mSurfacePosition=Point(0, 2196) mInsetsHint=Insets{left=0, top=0, right=0, bottom=45}}, target=Window{b32f064 u0 com.sec.android.app.launcher/com.sec.android.app.launcher.activities.LauncherActivity}, from=com.android.server.wm.InsetsStateController.onControlTargetChanged:83 com.android.server.wm.InsetsPolicy.updateBarControlTarget:225 com.android.server.wm.DisplayPolicy.updateSystemBarAttributes:262 com.android.server.wm.WindowManagerService.updateFocusedWindowLocked:372 com.android.server.wm.WindowManagerService.relayoutWindow:1366
05-21 01:38:03.447 D/WindowManager(27692): updateSystemBarAttributes: displayId=0, focusedCanBeNavColorWin=false, win=Window{b32f064 u0 com.sec.android.app.launcher/com.sec.android.app.launcher.activities.LauncherActivity}, navColorWin=Window{b32f064 u0 com.sec.android.app.launcher/com.sec.android.app.launcher.activities.LauncherActivity}, caller=com.android.server.wm.WindowManagerService.updateFocusedWindowLocked:372 com.android.server.wm.WindowManagerService.relayoutWindow:1366 com.android.server.wm.Session.relayout:27
05-21 01:38:03.448 I/WindowManager(27692): Relayout hash=372f57d, pid=0, syncId=-1: mAttrs={(0,0)(fillxfill) gr=TOP CENTER_VERTICAL sim={adjust=pan} layoutInDisplayCutoutMode=always ty=NOTIFICATION_SHADE fmt=TRANSLUCENT
05-21 01:38:03.472 I/WindowManager(27692): Relayout Window{41eef33 u0 Splash Screen com.android.settings}: viewVisibility=0 req=1080x2340 ty=3 d0
05-21 01:38:03.473 I/WindowManager(27692): Relayout hash=41eef33, pid=28389, syncId=-1: mAttrs={(0,0)(fillxfill) sim={adjust=pan} layoutInDisplayCutoutMode=always ty=APPLICATION_STARTING fmt=TRANSLUCENT wanim=0x1030306
05-21 01:38:03.474 I/VRI[settings]@7da46d1(28389): onActiveControlsChanged, removed=false, mAdded=true, caller=android.view.ViewRootImpl.handleInsetsControlChanged:3002 android.view.ViewRootImpl.relayoutWindow:11629 android.view.ViewRootImpl.performTraversals:4804 android.view.ViewRootImpl.doTraversal:3924 android.view.ViewRootImpl$TraversalRunnable.run:12903
05-21 01:38:03.474 I/BLASTBufferQueue_Java(28389): new BLASTBufferQueue, mName= VRI[settings]@7da46d1 mNativeObject= 0xb40000725fd83ec0 caller= android.view.ViewRootImpl.updateBlastSurfaceIfNeeded:3585 android.view.ViewRootImpl.relayoutWindow:11685 android.view.ViewRootImpl.performTraversals:4804 android.view.ViewRootImpl.doTraversal:3924 android.view.ViewRootImpl$TraversalRunnable.run:12903 android.view.Choreographer$CallbackRecord.run:1901 android.view.Choreographer$CallbackRecord.run:1910 android.view.Choreographer.doCallbacks:1367 android.view.Choreographer.doFrame:1292 android.view.Choreographer$FrameDisplayEventReceiver.run:1870
05-21 01:38:03.474 I/BLASTBufferQueue_Java(28389): update, w= 1080 h= 2340 mName = VRI[settings]@7da46d1 mNativeObject= 0xb40000725fd83ec0 sc.mNativeObject= 0xb40000731f8cf390 format= -3 caller= android.view.ViewRootImpl.updateBlastSurfaceIfNeeded:3590 android.view.ViewRootImpl.relayoutWindow:11685 android.view.ViewRootImpl.performTraversals:4804 android.view.ViewRootImpl.doTraversal:3924 android.view.ViewRootImpl$TraversalRunnable.run:12903 android.view.Choreographer$CallbackRecord.run:1901
05-21 01:38:03.474 I/VRI[settings]@7da46d1(28389): Relayout returned: old=(0,0,1080,2340) new=(0,0,1080,2340) relayoutAsync=false req=(1080,2340)0 dur=2 res=0x3 s={true 0xb4000073300c0c10} ch=true seqId=0
05-21 01:38:03.479 W/ActivityTaskManager(27692): java.lang.ClassCastException: android.os.Binder cannot be cast to com.android.server.wm.ActivityRecord$Token
05-21 01:38:03.483 V/WindowManager(27692):     startWCT=WindowContainerTransaction { changes= {} hops= [] errorCallbackToken=null taskFragmentOrganizer=null }
05-21 01:38:03.499 D/SecTileUtils( 3787): setMetaData key : Pair{com.samsung.android.smartmirroring com.samsung.android.smartmirroring.CastingActivity} , categoryKey com.samsung.android.settings.category.ia.multidevices
05-21 01:38:03.502 D/SecTileUtils( 3787): category.addTile com.samsung.android.smartmirroring.CastingActivity , tileID : null
05-21 01:38:03.561 I/BLASTBufferQueue_Java(28389): update, w= 1080 h= 144 mName = VRI[NavigationBar0]@de9aa5e mNativeObject= 0xb40000725f934a10 sc.mNativeObject= 0xb40000731f8af7d0 format= -3 caller= android.view.ViewRootImpl.updateBlastSurfaceIfNeeded:3574 android.view.ViewRootImpl.relayoutWindow:11685 android.view.ViewRootImpl.performTraversals:4804 android.view.ViewRootImpl.doTraversal:3924 android.view.ViewRootImpl$TraversalRunnable.run:12903 android.view.Choreographer$CallbackRecord.run:1901
05-21 01:38:03.561 I/VRI[NavigationBar0]@de9aa5e(28389): Relayout returned: old=(0,2196,1080,2340) new=(0,2196,1080,2340) relayoutAsync=true req=(1080,144)0 dur=0 res=0x0 s={true 0xb40000732f9a2f10} ch=false seqId=0
05-21 01:38:03.561 I/WindowManager(27692): Relayout Window{28ff4e4 u0 NavigationBar0}: viewVisibility=0 req=1080x144 ty=2019 d0
05-21 01:38:03.563 I/WindowManager(27692): Relayout hash=28ff4e4, pid=0, syncId=-1: mAttrs={(0,0)(fillx144) gr=BOTTOM CENTER_VERTICAL sim={adjust=pan} layoutInDisplayCutoutMode=always ty=NAVIGATION_BAR fmt=TRANSLUCENT
05-21 01:38:03.585 I/WindowManager(27692): Relayout Window{168aaac u0 com.android.settings/com.android.settings.homepage.SettingsHomepageActivity}: viewVisibility=0 req=1080x2340 ty=1 d0
05-21 01:38:03.586 D/WindowManager(27692): Changing focus from null to Window{168aaac u0 com.android.settings/com.android.settings.homepage.SettingsHomepageActivity} displayId=0 Callers=com.android.server.wm.WindowManagerService.relayoutWindow:1366 com.android.server.wm.Session.relayout:27 android.view.IWindowSession$Stub.onTransact:829 com.android.server.wm.Session.onTransact:1
05-21 01:38:03.586 D/InsetsSourceProvider(27692): updateControlForTarget: control=InsetsSourceControl: {14000000 mType=statusBars initiallyVisible mSurfacePosition=Point(0, 0) mInsetsHint=Insets{left=0, top=91, right=0, bottom=0}}, target=Window{168aaac u0 com.android.settings/com.android.settings.homepage.SettingsHomepageActivity}, from=com.android.server.wm.InsetsStateController.onControlTargetChanged:83 com.android.server.wm.InsetsPolicy.updateBarControlTarget:212 com.android.server.wm.DisplayPolicy.updateSystemBarAttributes:262 com.android.server.wm.WindowManagerService.updateFocusedWindowLocked:372 com.android.server.wm.WindowManagerService.relayoutWindow:1366
05-21 01:38:03.586 D/InsetsSourceProvider(27692): updateControlForTarget: control=InsetsSourceControl: {d470001 mType=navigationBars initiallyVisible mSurfacePosition=Point(0, 2196) mInsetsHint=Insets{left=0, top=0, right=0, bottom=45}}, target=Window{168aaac u0 com.android.settings/com.android.settings.homepage.SettingsHomepageActivity}, from=com.android.server.wm.InsetsStateController.onControlTargetChanged:83 com.android.server.wm.InsetsPolicy.updateBarControlTarget:225 com.android.server.wm.DisplayPolicy.updateSystemBarAttributes:262 com.android.server.wm.WindowManagerService.updateFocusedWindowLocked:372 com.android.server.wm.WindowManagerService.relayoutWindow:1366
05-21 01:38:03.586 I/WindowManager(27692): Relayout hash=168aaac, pid=3787, syncId=-1: mAttrs={(0,0)(fillxfill) sim={adjust=nothing forwardNavigation} layoutInDisplayCutoutMode=always ty=BASE_APPLICATION wanim=0x1030306
05-21 01:38:03.587 I/BLASTBufferQueue_Java( 3787): new BLASTBufferQueue, mName= VRI[SettingsHomepageActivity]@96f4d33 mNativeObject= 0xb40000725f98efb0 caller= android.view.ViewRootImpl.updateBlastSurfaceIfNeeded:3585 android.view.ViewRootImpl.relayoutWindow:11685 android.view.ViewRootImpl.performTraversals:4804 android.view.ViewRootImpl.doTraversal:3924 android.view.ViewRootImpl$TraversalRunnable.run:12903 android.view.Choreographer$CallbackRecord.run:1901 android.view.Choreographer$CallbackRecord.run:1910 android.view.Choreographer.doCallbacks:1367 android.view.Choreographer.doFrame:1292 android.view.Choreographer$FrameDisplayEventReceiver.run:1870
05-21 01:38:03.587 I/BLASTBufferQueue_Java( 3787): update, w= 1080 h= 2340 mName = VRI[SettingsHomepageActivity]@96f4d33 mNativeObject= 0xb40000725f98efb0 sc.mNativeObject= 0xb40000731f8b1a50 format= -1 caller= android.view.ViewRootImpl.updateBlastSurfaceIfNeeded:3590 android.view.ViewRootImpl.relayoutWindow:11685 android.view.ViewRootImpl.performTraversals:4804 android.view.ViewRootImpl.doTraversal:3924 android.view.ViewRootImpl$TraversalRunnable.run:12903 android.view.Choreographer$CallbackRecord.run:1901
05-21 01:38:03.587 I/VRI[SettingsHomepageActivity]@96f4d33( 3787): Relayout returned: old=(0,0,1080,2340) new=(0,0,1080,2340) relayoutAsync=false req=(1080,2340)0 dur=2 res=0x3 s={true 0xb40000732f9276c0} ch=true seqId=0
05-21 01:38:03.588 D/SecTileUtils( 3787): setMetaData key : Pair{com.samsung.android.smartmirroring com.samsung.android.smartmirroring.CastingActivity} , categoryKey com.samsung.android.settings.category.ia.multidevices
05-21 01:38:03.592 D/SecTileUtils( 3787): category.addTile com.samsung.android.smartmirroring.CastingActivity , tileID : null
05-21 01:38:03.656 W/BurnBar (13202): Mercury control dial failed connectionID=relay-23aa015d-b6c5-434c-8eba-e33b8b8e4aaa error=Iroh connection timed out.
05-21 01:38:03.656 W/BurnBar (13202): com.openburnbar.irohrelay.IrohRelayTransportError$TimedOut: Iroh connection timed out.
05-21 01:38:03.656 W/BurnBar (13202): 	at com.openburnbar.irohrelay.IrohJniTransport$Companion.surface(IrohJniTransport.kt:112)
05-21 01:38:03.656 W/BurnBar (13202): 	at com.openburnbar.irohrelay.IrohJniTransport.connect(IrohJniTransport.kt:72)
05-21 01:38:03.656 W/BurnBar (13202): 	at com.openburnbar.data.media.RetainedIrohControlTransportPool.dial(RetainedIrohControlTransportPool.kt:24)
05-21 01:38:03.656 W/BurnBar (13202): 	at com.openburnbar.BurnBarApplication.dialControlStream(BurnBarApplication.kt:345)
05-21 01:38:03.656 W/BurnBar (13202): 	at com.openburnbar.BurnBarApplication.access$dialControlStream(BurnBarApplication.kt:74)
05-21 01:38:03.656 W/BurnBar (13202): 	at com.openburnbar.BurnBarApplication$ensureMediaControlCoordinator$2$dialer$1.dial(BurnBarApplication.kt:249)
05-21 01:38:03.656 W/BurnBar (13202): 	at com.openburnbar.data.media.MediaControlStreamCoordinator.runSupervisor(MediaControlStreamCoordinator.kt:249)
05-21 01:38:03.656 W/BurnBar (13202): 	at com.openburnbar.data.media.MediaControlStreamCoordinator.access$runSupervisor(MediaControlStreamCoordinator.kt:53)
05-21 01:38:03.656 W/BurnBar (13202): 	at com.openburnbar.data.media.MediaControlStreamCoordinator$start$2$1.invokeSuspend(MediaControlStreamCoordinator.kt:124)
05-21 01:38:03.656 W/BurnBar (13202): 	at kotlin.coroutines.jvm.internal.BaseContinuationImpl.resumeWith(ContinuationImpl.kt:33)
05-21 01:38:03.656 W/BurnBar (13202): 	at kotlinx.coroutines.DispatchedTask.run(DispatchedTask.kt:100)
05-21 01:38:03.656 W/BurnBar (13202): 	at kotlinx.coroutines.internal.LimitedDispatcher$Worker.run(LimitedDispatcher.kt:113)
05-21 01:38:03.656 W/BurnBar (13202): 	at kotlinx.coroutines.scheduling.TaskImpl.run(Tasks.kt:89)
05-21 01:38:03.656 W/BurnBar (13202): 	at kotlinx.coroutines.scheduling.CoroutineScheduler.runSafely(CoroutineScheduler.kt:586)
05-21 01:38:03.656 W/BurnBar (13202): 	at kotlinx.coroutines.scheduling.CoroutineScheduler$Worker.executeTask(CoroutineScheduler.kt:820)
05-21 01:38:03.656 W/BurnBar (13202): 	at kotlinx.coroutines.scheduling.CoroutineScheduler$Worker.runWorker(CoroutineScheduler.kt:717)
05-21 01:38:03.656 W/BurnBar (13202): 	at kotlinx.coroutines.scheduling.CoroutineScheduler$Worker.run(CoroutineScheduler.kt:704)
05-21 01:38:03.657 I/BurnBar (13202): Mercury control reconnect scheduled connectionID=relay-23aa015d-b6c5-434c-8eba-e33b8b8e4aaa backoffMs=1000
05-21 01:38:03.668 I/WindowManager(27692): Relayout Window{41eef33 u0 Splash Screen com.android.settings}: viewVisibility=8 req=1080x2340 ty=3 d0
05-21 01:38:03.669 I/WindowManager(27692): Relayout hash=41eef33, pid=28389, syncId=-1: mAttrs={(0,0)(fillxfill) sim={adjust=pan} layoutInDisplayCutoutMode=always ty=APPLICATION_STARTING fmt=TRANSLUCENT wanim=0x1030306
05-21 01:38:03.669 I/VRI[settings]@7da46d1(28389): onActiveControlsChanged, removed=false, mAdded=true, caller=android.view.ViewRootImpl.handleInsetsControlChanged:3002 android.view.ViewRootImpl.relayoutWindow:11629 android.view.ViewRootImpl.performTraversals:4804 android.view.ViewRootImpl.doTraversal:3924 android.view.ViewRootImpl$TraversalRunnable.run:12903
05-21 01:38:03.670 I/VRI[settings]@7da46d1(28389): Relayout returned: old=(0,0,1080,2340) new=(0,0,1080,2340) relayoutAsync=false req=(1080,2340)8 dur=1 res=0x2 s={false 0x0} ch=true seqId=0
05-21 01:38:03.855 I/WindowManager(27692): Relayout Window{b32f064 u0 com.sec.android.app.launcher/com.sec.android.app.launcher.activities.LauncherActivity}: viewVisibility=8 req=1080x2340 ty=1 d0
05-21 01:38:03.856 I/WindowManager(27692): Relayout hash=b32f064, pid=28955, syncId=-1: mAttrs={(0,0)(fillxfill) sim={adjust=nothing forwardNavigation} layoutInDisplayCutoutMode=always ty=BASE_APPLICATION fmt=TRANSPARENT wanim=0x1030306
05-21 01:38:03.857 I/VRI[LauncherActivity]@311f285(28955): Relayout returned: old=(0,0,1080,2340) new=(0,0,1080,2340) relayoutAsync=false req=(1080,2340)8 dur=2 res=0x2 s={false 0x0} ch=true seqId=0
05-21 01:38:04.003 D/Tile.CustomTile(28389): handleSetListening  false  initialized=true  isTileReady=true  getTileSpec() = custom(com.samsung.android.smartmirroring/.tile.SmartMirroringTile)
05-21 01:38:04.003 D/TileLifecycleManager(28389): onStopListening ComponentInfo{com.samsung.android.smartmirroring/com.samsung.android.smartmirroring.tile.SmartMirroringTile}
05-21 01:38:04.025 I/WindowManager(27692): Relayout Window{372f57d u0 NotificationShade}: viewVisibility=4 req=1080x2340 ty=2040 d0
05-21 01:38:04.025 E/WindowManager(27692): win=Window{372f57d u0 NotificationShade} destroySurfaces: appStopped=true cleanupOnResume=false win.mWindowRemovalAllowed=false win.mRemoveOnExit=false win.mViewVisibility=4 caller=com.android.server.wm.WindowManagerService.tryStartExitingAnimation:134 com.android.server.wm.WindowManagerService.relayoutWindow:1160 com.android.server.wm.Session.relayout:27 android.view.IWindowSession$Stub.onTransact:829 com.android.server.wm.Session.onTransact:1 android.os.Binder.execTransactInternal:1462 android.os.Binder.execTransact:1401
05-21 01:38:04.026 I/WindowManager(27692): Relayout hash=372f57d, pid=28389, syncId=-1: mAttrs={(0,0)(fillxfill) gr=TOP CENTER_VERTICAL sim={adjust=pan} layoutInDisplayCutoutMode=always ty=NOTIFICATION_SHADE fmt=TRANSLUCENT
05-21 01:38:04.026 I/VRI[NotificationShade]@e22c685(28389): Relayout returned: old=(0,0,1080,2340) new=(0,0,1080,2340) relayoutAsync=false req=(1080,2340)4 dur=2 res=0x2 s={false 0x0} ch=true seqId=0
05-21 01:38:04.042 I/WindowManager(27692): Relayout Window{db0801f u0 com.sec.android.app.launcher/com.samsung.app.honeyspace.edge.edgepanel.app.CocktailBarService}: viewVisibility=0 req=67x346 ty=2226 d0
05-21 01:38:04.043 I/WindowManager(27692): Relayout hash=db0801f, pid=28955, syncId=-1: mAttrs={(0,438)(67x346) gr=TOP RIGHT CENTER sim={adjust=nothing forwardNavigation} layoutInDisplayCutoutMode=always ty=2226 fmt=TRANSPARENT
05-21 01:38:04.044 I/BLASTBufferQueue_Java(28955): new BLASTBufferQueue, mName= VRI[CocktailBarService]@a92b813 mNativeObject= 0xb40000725f8cc390 caller= android.view.ViewRootImpl.updateBlastSurfaceIfNeeded:3585 android.view.ViewRootImpl.relayoutWindow:11685 android.view.ViewRootImpl.performTraversals:4804 android.view.ViewRootImpl.doTraversal:3924 android.view.ViewRootImpl$TraversalRunnable.run:12903 android.view.Choreographer$CallbackRecord.run:1901 android.view.Choreographer$CallbackRecord.run:1910 android.view.Choreographer.doCallbacks:1367 android.view.Choreographer.doFrame:1292 android.view.Choreographer$FrameDisplayEventReceiver.run:1870
05-21 01:38:04.044 I/BLASTBufferQueue_Java(28955): update, w= 67 h= 346 mName = VRI[CocktailBarService]@a92b813 mNativeObject= 0xb40000725f8cc390 sc.mNativeObject= 0xb40000731f8c38d0 format= -2 caller= android.view.ViewRootImpl.updateBlastSurfaceIfNeeded:3590 android.view.ViewRootImpl.relayoutWindow:11685 android.view.ViewRootImpl.performTraversals:4804 android.view.ViewRootImpl.doTraversal:3924 android.view.ViewRootImpl$TraversalRunnable.run:12903 android.view.Choreographer$CallbackRecord.run:1901
05-21 01:38:04.044 I/VRI[CocktailBarService]@a92b813(28955): Relayout returned: old=(1013,438,1080,784) new=(1013,438,1080,784) relayoutAsync=false req=(67,346)0 dur=2 res=0x3 s={true 0xb40000732f911b20} ch=true seqId=0
05-21 01:38:04.658 I/BurnBar (13202): Mercury control dial attempt=2 connectionID=relay-23aa015d-b6c5-434c-8eba-e33b8b8e4aaa
05-21 01:38:04.658 I/BurnBar (13202): Mercury control dial target node=4e003a80f9a1 relay=true directAddresses=3
