
> openburnbar-functions@1.0.0 prove:paid-tier
> node scripts/prove-paid-tier-live.mjs --uid <firebase-uid> --tier ultra --channel google_play --product-id com.openburnbar.ultra.monthly --allow-sandbox

# proof-subject uid_sha256_16=<uid-sha256-16>
{
  "ok": true,
  "project": "<firebase-project-id>",
  "uidHash": "<uid-sha256>",
  "uidHash16": "<uid-sha256-16>",
  "tier": "ultra",
  "channel": "google_play",
  "entitlementPath": "users/<uid>/entitlements/burnbar_ultra",
  "entitlement": {
    "productID": "com.openburnbar.ultra.monthly",
    "source": "google_play_verified",
    "expiresAt": "2026-06-03T11:56:07.387Z",
    "externalSubscriptionIDHash": null,
    "externalCustomerIDHash": null,
    "purchaseTokenHash": "<purchase-token-sha256>"
  },
  "allowanceLedgerPath": null
}
