/Users/albertonunez/Documents/Windsurf/BurnBar/OpenBurnBarMobile/Services/FunctionsRepository.swift:458:41: warning: sending value of non-Sendable type 'NSDictionary' risks causing data races; this is an error in the Swift 6 language mode
        let result = try await callable.call(payloadSnapshot)
                               ~~~~~~~~~^~~~~~~~~~~~~~~~~~~~~
/Users/albertonunez/Documents/Windsurf/BurnBar/OpenBurnBarMobile/Services/FunctionsRepository.swift:458:41: note: sending main actor-isolated value of non-Sendable type 'NSDictionary' to nonisolated instance method 'call' risks causing races in between main actor-isolated and nonisolated uses
        let result = try await callable.call(payloadSnapshot)
                                        ^
<unknown>:0: warning: cannot form key path that captures non-Sendable type 'KeyPath<AttributeScopes.SwiftUIAttributes, AttributeScopes.SwiftUIAttributes.ForegroundColorAttribute>'; this is an error in the Swift 6 language mode
Swift.KeyPath:1:14: note: generic class 'KeyPath' does not conform to the 'Sendable' protocol
public class KeyPath<Root, Value> : PartialKeyPath<Root> {
             ^
<unknown>:0: warning: cannot form key path that captures non-Sendable type 'KeyPath<AttributeScopes.SwiftUIAttributes, AttributeScopes.SwiftUIAttributes.ForegroundColorAttribute>'; this is an error in the Swift 6 language mode
Swift.KeyPath:1:14: note: generic class 'KeyPath' does not conform to the 'Sendable' protocol
public class KeyPath<Root, Value> : PartialKeyPath<Root> {
             ^
<unknown>:0: warning: cannot form key path that captures non-Sendable type 'KeyPath<AttributeScopes.SwiftUIAttributes, AttributeScopes.SwiftUIAttributes.FontAttribute>'; this is an error in the Swift 6 language mode
Swift.KeyPath:1:14: note: generic class 'KeyPath' does not conform to the 'Sendable' protocol
public class KeyPath<Root, Value> : PartialKeyPath<Root> {
             ^
<unknown>:0: warning: cannot form key path that captures non-Sendable type 'KeyPath<AttributeScopes.SwiftUIAttributes, AttributeScopes.SwiftUIAttributes.ForegroundColorAttribute>'; this is an error in the Swift 6 language mode
Swift.KeyPath:1:14: note: generic class 'KeyPath' does not conform to the 'Sendable' protocol
public class KeyPath<Root, Value> : PartialKeyPath<Root> {
             ^
<unknown>:0: warning: cannot form key path that captures non-Sendable type 'KeyPath<AttributeScopes.SwiftUIAttributes, AttributeScopes.SwiftUIAttributes.FontAttribute>'; this is an error in the Swift 6 language mode
Swift.KeyPath:1:14: note: generic class 'KeyPath' does not conform to the 'Sendable' protocol
public class KeyPath<Root, Value> : PartialKeyPath<Root> {
             ^
<unknown>:0: warning: cannot form key path that captures non-Sendable type 'KeyPath<AttributeScopes.SwiftUIAttributes, AttributeScopes.SwiftUIAttributes.ForegroundColorAttribute>'; this is an error in the Swift 6 language mode
Swift.KeyPath:1:14: note: generic class 'KeyPath' does not conform to the 'Sendable' protocol
public class KeyPath<Root, Value> : PartialKeyPath<Root> {
             ^
<unknown>:0: warning: cannot form key path that captures non-Sendable type 'KeyPath<AttributeScopes.SwiftUIAttributes, AttributeScopes.SwiftUIAttributes.ForegroundColorAttribute>'; this is an error in the Swift 6 language mode
Swift.KeyPath:1:14: note: generic class 'KeyPath' does not conform to the 'Sendable' protocol
public class KeyPath<Root, Value> : PartialKeyPath<Root> {
             ^
<unknown>:0: warning: cannot form key path that captures non-Sendable type 'KeyPath<AttributeScopes.SwiftUIAttributes, AttributeScopes.SwiftUIAttributes.FontAttribute>'; this is an error in the Swift 6 language mode
Swift.KeyPath:1:14: note: generic class 'KeyPath' does not conform to the 'Sendable' protocol
public class KeyPath<Root, Value> : PartialKeyPath<Root> {
             ^
<unknown>:0: warning: cannot form key path that captures non-Sendable type 'KeyPath<AttributeScopes.SwiftUIAttributes, AttributeScopes.SwiftUIAttributes.ForegroundColorAttribute>'; this is an error in the Swift 6 language mode
Swift.KeyPath:1:14: note: generic class 'KeyPath' does not conform to the 'Sendable' protocol
public class KeyPath<Root, Value> : PartialKeyPath<Root> {
             ^
<unknown>:0: warning: cannot form key path that captures non-Sendable type 'KeyPath<AttributeScopes.SwiftUIAttributes, AttributeScopes.SwiftUIAttributes.FontAttribute>'; this is an error in the Swift 6 language mode
Swift.KeyPath:1:14: note: generic class 'KeyPath' does not conform to the 'Sendable' protocol
public class KeyPath<Root, Value> : PartialKeyPath<Root> {
             ^
<unknown>:0: warning: cannot form key path that captures non-Sendable type 'KeyPath<AttributeScopes.SwiftUIAttributes, AttributeScopes.SwiftUIAttributes.ForegroundColorAttribute>'; this is an error in the Swift 6 language mode
Swift.KeyPath:1:14: note: generic class 'KeyPath' does not conform to the 'Sendable' protocol
public class KeyPath<Root, Value> : PartialKeyPath<Root> {
             ^
<unknown>:0: warning: cannot form key path that captures non-Sendable type 'KeyPath<AttributeScopes.SwiftUIAttributes, AttributeScopes.SwiftUIAttributes.ForegroundColorAttribute>'; this is an error in the Swift 6 language mode
Swift.KeyPath:1:14: note: generic class 'KeyPath' does not conform to the 'Sendable' protocol
public class KeyPath<Root, Value> : PartialKeyPath<Root> {
             ^
<unknown>:0: warning: cannot form key path that captures non-Sendable type 'KeyPath<AttributeScopes.SwiftUIAttributes, AttributeScopes.SwiftUIAttributes.FontAttribute>'; this is an error in the Swift 6 language mode
Swift.KeyPath:1:14: note: generic class 'KeyPath' does not conform to the 'Sendable' protocol
public class KeyPath<Root, Value> : PartialKeyPath<Root> {
             ^
<unknown>:0: warning: cannot form key path that captures non-Sendable type 'KeyPath<AttributeScopes.SwiftUIAttributes, AttributeScopes.SwiftUIAttributes.ForegroundColorAttribute>'; this is an error in the Swift 6 language mode
Swift.KeyPath:1:14: note: generic class 'KeyPath' does not conform to the 'Sendable' protocol
public class KeyPath<Root, Value> : PartialKeyPath<Root> {
             ^
<unknown>:0: warning: cannot form key path that captures non-Sendable type 'KeyPath<AttributeScopes.SwiftUIAttributes, AttributeScopes.SwiftUIAttributes.FontAttribute>'; this is an error in the Swift 6 language mode
Swift.KeyPath:1:14: note: generic class 'KeyPath' does not conform to the 'Sendable' protocol
public class KeyPath<Root, Value> : PartialKeyPath<Root> {
             ^
<unknown>:0: warning: cannot form key path that captures non-Sendable type 'KeyPath<AttributeScopes.SwiftUIAttributes, AttributeScopes.SwiftUIAttributes.ForegroundColorAttribute>'; this is an error in the Swift 6 language mode
Swift.KeyPath:1:14: note: generic class 'KeyPath' does not conform to the 'Sendable' protocol
public class KeyPath<Root, Value> : PartialKeyPath<Root> {
             ^
<unknown>:0: warning: cannot form key path that captures non-Sendable type 'KeyPath<AttributeScopes.SwiftUIAttributes, AttributeScopes.SwiftUIAttributes.ForegroundColorAttribute>'; this is an error in the Swift 6 language mode
Swift.KeyPath:1:14: note: generic class 'KeyPath' does not conform to the 'Sendable' protocol
public class KeyPath<Root, Value> : PartialKeyPath<Root> {
             ^
<unknown>:0: warning: cannot form key path that captures non-Sendable type 'KeyPath<AttributeScopes.SwiftUIAttributes, AttributeScopes.SwiftUIAttributes.FontAttribute>'; this is an error in the Swift 6 language mode
Swift.KeyPath:1:14: note: generic class 'KeyPath' does not conform to the 'Sendable' protocol
public class KeyPath<Root, Value> : PartialKeyPath<Root> {
             ^
<unknown>:0: warning: cannot form key path that captures non-Sendable type 'KeyPath<AttributeScopes.SwiftUIAttributes, AttributeScopes.SwiftUIAttributes.ForegroundColorAttribute>'; this is an error in the Swift 6 language mode
Swift.KeyPath:1:14: note: generic class 'KeyPath' does not conform to the 'Sendable' protocol
public class KeyPath<Root, Value> : PartialKeyPath<Root> {
             ^
<unknown>:0: warning: cannot form key path that captures non-Sendable type 'KeyPath<AttributeScopes.SwiftUIAttributes, AttributeScopes.SwiftUIAttributes.FontAttribute>'; this is an error in the Swift 6 language mode
Swift.KeyPath:1:14: note: generic class 'KeyPath' does not conform to the 'Sendable' protocol
public class KeyPath<Root, Value> : PartialKeyPath<Root> {
             ^
<unknown>:0: warning: cannot form key path that captures non-Sendable type 'KeyPath<AttributeScopes.SwiftUIAttributes, AttributeScopes.SwiftUIAttributes.ForegroundColorAttribute>'; this is an error in the Swift 6 language mode
Swift.KeyPath:1:14: note: generic class 'KeyPath' does not conform to the 'Sendable' protocol
public class KeyPath<Root, Value> : PartialKeyPath<Root> {
             ^
<unknown>:0: warning: cannot form key path that captures non-Sendable type 'KeyPath<AttributeScopes.SwiftUIAttributes, AttributeScopes.SwiftUIAttributes.ForegroundColorAttribute>'; this is an error in the Swift 6 language mode
Swift.KeyPath:1:14: note: generic class 'KeyPath' does not conform to the 'Sendable' protocol
public class KeyPath<Root, Value> : PartialKeyPath<Root> {
             ^
<unknown>:0: warning: cannot form key path that captures non-Sendable type 'KeyPath<AttributeScopes.SwiftUIAttributes, AttributeScopes.SwiftUIAttributes.FontAttribute>'; this is an error in the Swift 6 language mode
Swift.KeyPath:1:14: note: generic class 'KeyPath' does not conform to the 'Sendable' protocol
public class KeyPath<Root, Value> : PartialKeyPath<Root> {
             ^
<unknown>:0: warning: cannot form key path that captures non-Sendable type 'KeyPath<AttributeScopes.SwiftUIAttributes, AttributeScopes.SwiftUIAttributes.ForegroundColorAttribute>'; this is an error in the Swift 6 language mode
Swift.KeyPath:1:14: note: generic class 'KeyPath' does not conform to the 'Sendable' protocol
public class KeyPath<Root, Value> : PartialKeyPath<Root> {
             ^
<unknown>:0: warning: cannot form key path that captures non-Sendable type 'KeyPath<AttributeScopes.SwiftUIAttributes, AttributeScopes.SwiftUIAttributes.FontAttribute>'; this is an error in the Swift 6 language mode
Swift.KeyPath:1:14: note: generic class 'KeyPath' does not conform to the 'Sendable' protocol
public class KeyPath<Root, Value> : PartialKeyPath<Root> {
             ^
<unknown>:0: warning: cannot form key path that captures non-Sendable type 'KeyPath<AttributeScopes.SwiftUIAttributes, AttributeScopes.SwiftUIAttributes.ForegroundColorAttribute>'; this is an error in the Swift 6 language mode
Swift.KeyPath:1:14: note: generic class 'KeyPath' does not conform to the 'Sendable' protocol
public class KeyPath<Root, Value> : PartialKeyPath<Root> {
             ^
<unknown>:0: warning: cannot form key path that captures non-Sendable type 'KeyPath<AttributeScopes.SwiftUIAttributes, AttributeScopes.SwiftUIAttributes.ForegroundColorAttribute>'; this is an error in the Swift 6 language mode
Swift.KeyPath:1:14: note: generic class 'KeyPath' does not conform to the 'Sendable' protocol
public class KeyPath<Root, Value> : PartialKeyPath<Root> {
             ^
<unknown>:0: warning: cannot form key path that captures non-Sendable type 'KeyPath<AttributeScopes.SwiftUIAttributes, AttributeScopes.SwiftUIAttributes.FontAttribute>'; this is an error in the Swift 6 language mode
Swift.KeyPath:1:14: note: generic class 'KeyPath' does not conform to the 'Sendable' protocol
public class KeyPath<Root, Value> : PartialKeyPath<Root> {
             ^
<unknown>:0: warning: cannot form key path that captures non-Sendable type 'KeyPath<AttributeScopes.SwiftUIAttributes, AttributeScopes.SwiftUIAttributes.ForegroundColorAttribute>'; this is an error in the Swift 6 language mode
Swift.KeyPath:1:14: note: generic class 'KeyPath' does not conform to the 'Sendable' protocol
public class KeyPath<Root, Value> : PartialKeyPath<Root> {
             ^
<unknown>:0: warning: cannot form key path that captures non-Sendable type 'KeyPath<AttributeScopes.SwiftUIAttributes, AttributeScopes.SwiftUIAttributes.FontAttribute>'; this is an error in the Swift 6 language mode
Swift.KeyPath:1:14: note: generic class 'KeyPath' does not conform to the 'Sendable' protocol
public class KeyPath<Root, Value> : PartialKeyPath<Root> {
             ^
<unknown>:0: warning: cannot form key path that captures non-Sendable type 'KeyPath<AttributeScopes.SwiftUIAttributes, AttributeScopes.SwiftUIAttributes.ForegroundColorAttribute>'; this is an error in the Swift 6 language mode
Swift.KeyPath:1:14: note: generic class 'KeyPath' does not conform to the 'Sendable' protocol
public class KeyPath<Root, Value> : PartialKeyPath<Root> {
             ^
<unknown>:0: warning: cannot form key path that captures non-Sendable type 'KeyPath<AttributeScopes.SwiftUIAttributes, AttributeScopes.SwiftUIAttributes.FontAttribute>'; this is an error in the Swift 6 language mode
Swift.KeyPath:1:14: note: generic class 'KeyPath' does not conform to the 'Sendable' protocol
public class KeyPath<Root, Value> : PartialKeyPath<Root> {
             ^
<unknown>:0: warning: cannot form key path that captures non-Sendable type 'KeyPath<AttributeScopes.SwiftUIAttributes, AttributeScopes.SwiftUIAttributes.ForegroundColorAttribute>'; this is an error in the Swift 6 language mode
Swift.KeyPath:1:14: note: generic class 'KeyPath' does not conform to the 'Sendable' protocol
public class KeyPath<Root, Value> : PartialKeyPath<Root> {
             ^
<unknown>:0: warning: cannot form key path that captures non-Sendable type 'KeyPath<AttributeScopes.SwiftUIAttributes, AttributeScopes.SwiftUIAttributes.ForegroundColorAttribute>'; this is an error in the Swift 6 language mode
Swift.KeyPath:1:14: note: generic class 'KeyPath' does not conform to the 'Sendable' protocol
public class KeyPath<Root, Value> : PartialKeyPath<Root> {
             ^
<unknown>:0: warning: cannot form key path that captures non-Sendable type 'KeyPath<AttributeScopes.SwiftUIAttributes, AttributeScopes.SwiftUIAttributes.FontAttribute>'; this is an error in the Swift 6 language mode
Swift.KeyPath:1:14: note: generic class 'KeyPath' does not conform to the 'Sendable' protocol
public class KeyPath<Root, Value> : PartialKeyPath<Root> {
             ^
<unknown>:0: warning: cannot form key path that captures non-Sendable type 'KeyPath<AttributeScopes.SwiftUIAttributes, AttributeScopes.SwiftUIAttributes.ForegroundColorAttribute>'; this is an error in the Swift 6 language mode
Swift.KeyPath:1:14: note: generic class 'KeyPath' does not conform to the 'Sendable' protocol
public class KeyPath<Root, Value> : PartialKeyPath<Root> {
             ^
<unknown>:0: warning: cannot form key path that captures non-Sendable type 'KeyPath<AttributeScopes.SwiftUIAttributes, AttributeScopes.SwiftUIAttributes.FontAttribute>'; this is an error in the Swift 6 language mode
Swift.KeyPath:1:14: note: generic class 'KeyPath' does not conform to the 'Sendable' protocol
public class KeyPath<Root, Value> : PartialKeyPath<Root> {
             ^
<unknown>:0: warning: cannot form key path that captures non-Sendable type 'KeyPath<AttributeScopes.SwiftUIAttributes, AttributeScopes.SwiftUIAttributes.ForegroundColorAttribute>'; this is an error in the Swift 6 language mode
Swift.KeyPath:1:14: note: generic class 'KeyPath' does not conform to the 'Sendable' protocol
public class KeyPath<Root, Value> : PartialKeyPath<Root> {
             ^
<unknown>:0: warning: cannot form key path that captures non-Sendable type 'KeyPath<AttributeScopes.SwiftUIAttributes, AttributeScopes.SwiftUIAttributes.FontAttribute>'; this is an error in the Swift 6 language mode
Swift.KeyPath:1:14: note: generic class 'KeyPath' does not conform to the 'Sendable' protocol
public class KeyPath<Root, Value> : PartialKeyPath<Root> {
             ^
<unknown>:0: warning: cannot form key path that captures non-Sendable type 'KeyPath<AttributeScopes.SwiftUIAttributes, AttributeScopes.SwiftUIAttributes.ForegroundColorAttribute>'; this is an error in the Swift 6 language mode
Swift.KeyPath:1:14: note: generic class 'KeyPath' does not conform to the 'Sendable' protocol
public class KeyPath<Root, Value> : PartialKeyPath<Root> {
             ^
<unknown>:0: warning: cannot form key path that captures non-Sendable type 'KeyPath<AttributeScopes.SwiftUIAttributes, AttributeScopes.SwiftUIAttributes.ForegroundColorAttribute>'; this is an error in the Swift 6 language mode
Swift.KeyPath:1:14: note: generic class 'KeyPath' does not conform to the 'Sendable' protocol
public class KeyPath<Root, Value> : PartialKeyPath<Root> {
             ^
<unknown>:0: warning: cannot form key path that captures non-Sendable type 'KeyPath<AttributeScopes.SwiftUIAttributes, AttributeScopes.SwiftUIAttributes.FontAttribute>'; this is an error in the Swift 6 language mode
Swift.KeyPath:1:14: note: generic class 'KeyPath' does not conform to the 'Sendable' protocol
public class KeyPath<Root, Value> : PartialKeyPath<Root> {
             ^
<unknown>:0: warning: cannot form key path that captures non-Sendable type 'KeyPath<AttributeScopes.SwiftUIAttributes, AttributeScopes.SwiftUIAttributes.ForegroundColorAttribute>'; this is an error in the Swift 6 language mode
Swift.KeyPath:1:14: note: generic class 'KeyPath' does not conform to the 'Sendable' protocol
public class KeyPath<Root, Value> : PartialKeyPath<Root> {
             ^
<unknown>:0: warning: cannot form key path that captures non-Sendable type 'KeyPath<AttributeScopes.SwiftUIAttributes, AttributeScopes.SwiftUIAttributes.FontAttribute>'; this is an error in the Swift 6 language mode
Swift.KeyPath:1:14: note: generic class 'KeyPath' does not conform to the 'Sendable' protocol
public class KeyPath<Root, Value> : PartialKeyPath<Root> {
             ^
<unknown>:0: warning: cannot form key path that captures non-Sendable type 'KeyPath<AttributeScopes.SwiftUIAttributes, AttributeScopes.SwiftUIAttributes.ForegroundColorAttribute>'; this is an error in the Swift 6 language mode
Swift.KeyPath:1:14: note: generic class 'KeyPath' does not conform to the 'Sendable' protocol
public class KeyPath<Root, Value> : PartialKeyPath<Root> {
             ^
<unknown>:0: warning: cannot form key path that captures non-Sendable type 'KeyPath<AttributeScopes.SwiftUIAttributes, AttributeScopes.SwiftUIAttributes.FontAttribute>'; this is an error in the Swift 6 language mode
Swift.KeyPath:1:14: note: generic class 'KeyPath' does not conform to the 'Sendable' protocol
public class KeyPath<Root, Value> : PartialKeyPath<Root> {
             ^
<unknown>:0: warning: cannot form key path that captures non-Sendable type 'KeyPath<AttributeScopes.SwiftUIAttributes, AttributeScopes.SwiftUIAttributes.ForegroundColorAttribute>'; this is an error in the Swift 6 language mode
Swift.KeyPath:1:14: note: generic class 'KeyPath' does not conform to the 'Sendable' protocol
public class KeyPath<Root, Value> : PartialKeyPath<Root> {
             ^
<unknown>:0: warning: cannot form key path that captures non-Sendable type 'KeyPath<AttributeScopes.SwiftUIAttributes, AttributeScopes.SwiftUIAttributes.ForegroundColorAttribute>'; this is an error in the Swift 6 language mode
Swift.KeyPath:1:14: note: generic class 'KeyPath' does not conform to the 'Sendable' protocol
public class KeyPath<Root, Value> : PartialKeyPath<Root> {
             ^
<unknown>:0: warning: cannot form key path that captures non-Sendable type 'KeyPath<AttributeScopes.SwiftUIAttributes, AttributeScopes.SwiftUIAttributes.FontAttribute>'; this is an error in the Swift 6 language mode
Swift.KeyPath:1:14: note: generic class 'KeyPath' does not conform to the 'Sendable' protocol
public class KeyPath<Root, Value> : PartialKeyPath<Root> {
             ^
<unknown>:0: warning: cannot form key path that captures non-Sendable type 'KeyPath<AttributeScopes.SwiftUIAttributes, AttributeScopes.SwiftUIAttributes.ForegroundColorAttribute>'; this is an error in the Swift 6 language mode
Swift.KeyPath:1:14: note: generic class 'KeyPath' does not conform to the 'Sendable' protocol
public class KeyPath<Root, Value> : PartialKeyPath<Root> {
             ^
<unknown>:0: warning: cannot form key path that captures non-Sendable type 'KeyPath<AttributeScopes.SwiftUIAttributes, AttributeScopes.SwiftUIAttributes.FontAttribute>'; this is an error in the Swift 6 language mode
Swift.KeyPath:1:14: note: generic class 'KeyPath' does not conform to the 'Sendable' protocol
public class KeyPath<Root, Value> : PartialKeyPath<Root> {
             ^
<unknown>:0: warning: cannot form key path that captures non-Sendable type 'KeyPath<AttributeScopes.SwiftUIAttributes, AttributeScopes.SwiftUIAttributes.ForegroundColorAttribute>'; this is an error in the Swift 6 language mode
Swift.KeyPath:1:14: note: generic class 'KeyPath' does not conform to the 'Sendable' protocol
public class KeyPath<Root, Value> : PartialKeyPath<Root> {
             ^
<unknown>:0: warning: cannot form key path that captures non-Sendable type 'KeyPath<AttributeScopes.SwiftUIAttributes, AttributeScopes.SwiftUIAttributes.FontAttribute>'; this is an error in the Swift 6 language mode
Swift.KeyPath:1:14: note: generic class 'KeyPath' does not conform to the 'Sendable' protocol
public class KeyPath<Root, Value> : PartialKeyPath<Root> {
             ^
<unknown>:0: warning: cannot form key path that captures non-Sendable type 'KeyPath<AttributeScopes.SwiftUIAttributes, AttributeScopes.SwiftUIAttributes.ForegroundColorAttribute>'; this is an error in the Swift 6 language mode
Swift.KeyPath:1:14: note: generic class 'KeyPath' does not conform to the 'Sendable' protocol
public class KeyPath<Root, Value> : PartialKeyPath<Root> {
             ^
<unknown>:0: warning: cannot form key path that captures non-Sendable type 'KeyPath<AttributeScopes.SwiftUIAttributes, AttributeScopes.SwiftUIAttributes.ForegroundColorAttribute>'; this is an error in the Swift 6 language mode
Swift.KeyPath:1:14: note: generic class 'KeyPath' does not conform to the 'Sendable' protocol
public class KeyPath<Root, Value> : PartialKeyPath<Root> {
             ^
<unknown>:0: warning: cannot form key path that captures non-Sendable type 'KeyPath<AttributeScopes.SwiftUIAttributes, AttributeScopes.SwiftUIAttributes.FontAttribute>'; this is an error in the Swift 6 language mode
Swift.KeyPath:1:14: note: generic class 'KeyPath' does not conform to the 'Sendable' protocol
public class KeyPath<Root, Value> : PartialKeyPath<Root> {
             ^
<unknown>:0: warning: cannot form key path that captures non-Sendable type 'KeyPath<AttributeScopes.SwiftUIAttributes, AttributeScopes.SwiftUIAttributes.ForegroundColorAttribute>'; this is an error in the Swift 6 language mode
Swift.KeyPath:1:14: note: generic class 'KeyPath' does not conform to the 'Sendable' protocol
public class KeyPath<Root, Value> : PartialKeyPath<Root> {
             ^
<unknown>:0: warning: cannot form key path that captures non-Sendable type 'KeyPath<AttributeScopes.SwiftUIAttributes, AttributeScopes.SwiftUIAttributes.FontAttribute>'; this is an error in the Swift 6 language mode
Swift.KeyPath:1:14: note: generic class 'KeyPath' does not conform to the 'Sendable' protocol
public class KeyPath<Root, Value> : PartialKeyPath<Root> {
             ^
<unknown>:0: warning: cannot form key path that captures non-Sendable type 'KeyPath<AttributeScopes.SwiftUIAttributes, AttributeScopes.SwiftUIAttributes.ForegroundColorAttribute>'; this is an error in the Swift 6 language mode
Swift.KeyPath:1:14: note: generic class 'KeyPath' does not conform to the 'Sendable' protocol
public class KeyPath<Root, Value> : PartialKeyPath<Root> {
             ^
<unknown>:0: warning: cannot form key path that captures non-Sendable type 'KeyPath<AttributeScopes.SwiftUIAttributes, AttributeScopes.SwiftUIAttributes.FontAttribute>'; this is an error in the Swift 6 language mode
Swift.KeyPath:1:14: note: generic class 'KeyPath' does not conform to the 'Sendable' protocol
public class KeyPath<Root, Value> : PartialKeyPath<Root> {
             ^
<unknown>:0: warning: cannot form key path that captures non-Sendable type 'KeyPath<AttributeScopes.SwiftUIAttributes, AttributeScopes.SwiftUIAttributes.ForegroundColorAttribute>'; this is an error in the Swift 6 language mode
Swift.KeyPath:1:14: note: generic class 'KeyPath' does not conform to the 'Sendable' protocol
public class KeyPath<Root, Value> : PartialKeyPath<Root> {
             ^
<unknown>:0: warning: cannot form key path that captures non-Sendable type 'KeyPath<AttributeScopes.SwiftUIAttributes, AttributeScopes.SwiftUIAttributes.ForegroundColorAttribute>'; this is an error in the Swift 6 language mode
Swift.KeyPath:1:14: note: generic class 'KeyPath' does not conform to the 'Sendable' protocol
public class KeyPath<Root, Value> : PartialKeyPath<Root> {
             ^
<unknown>:0: warning: cannot form key path that captures non-Sendable type 'KeyPath<AttributeScopes.SwiftUIAttributes, AttributeScopes.SwiftUIAttributes.FontAttribute>'; this is an error in the Swift 6 language mode
Swift.KeyPath:1:14: note: generic class 'KeyPath' does not conform to the 'Sendable' protocol
public class KeyPath<Root, Value> : PartialKeyPath<Root> {
             ^
<unknown>:0: warning: cannot form key path that captures non-Sendable type 'KeyPath<AttributeScopes.SwiftUIAttributes, AttributeScopes.SwiftUIAttributes.ForegroundColorAttribute>'; this is an error in the Swift 6 language mode
Swift.KeyPath:1:14: note: generic class 'KeyPath' does not conform to the 'Sendable' protocol
public class KeyPath<Root, Value> : PartialKeyPath<Root> {
             ^
<unknown>:0: warning: cannot form key path that captures non-Sendable type 'KeyPath<AttributeScopes.SwiftUIAttributes, AttributeScopes.SwiftUIAttributes.FontAttribute>'; this is an error in the Swift 6 language mode
Swift.KeyPath:1:14: note: generic class 'KeyPath' does not conform to the 'Sendable' protocol
public class KeyPath<Root, Value> : PartialKeyPath<Root> {
             ^
<unknown>:0: warning: cannot form key path that captures non-Sendable type 'KeyPath<AttributeScopes.SwiftUIAttributes, AttributeScopes.SwiftUIAttributes.ForegroundColorAttribute>'; this is an error in the Swift 6 language mode
Swift.KeyPath:1:14: note: generic class 'KeyPath' does not conform to the 'Sendable' protocol
public class KeyPath<Root, Value> : PartialKeyPath<Root> {
             ^
<unknown>:0: warning: cannot form key path that captures non-Sendable type 'KeyPath<AttributeScopes.SwiftUIAttributes, AttributeScopes.SwiftUIAttributes.FontAttribute>'; this is an error in the Swift 6 language mode
Swift.KeyPath:1:14: note: generic class 'KeyPath' does not conform to the 'Sendable' protocol
public class KeyPath<Root, Value> : PartialKeyPath<Root> {
             ^
2026-05-20 23:39:30.793 xcodebuild[97813:16977653] [MT] IDETestOperationsObserverDebug: 12.316 elapsed -- Testing started completed.
2026-05-20 23:39:30.793 xcodebuild[97813:16977653] [MT] IDETestOperationsObserverDebug: 0.000 sec, +0.000 sec -- start
2026-05-20 23:39:30.793 xcodebuild[97813:16977653] [MT] IDETestOperationsObserverDebug: 12.316 sec, +12.316 sec -- end
Testing started
