/Users/albertonunez/Documents/Windsurf/BurnBar/OpenBurnBarMobile/Services/FunctionsRepository.swift:439:41: warning: sending value of non-Sendable type '[String : Any]' risks causing data races; this is an error in the Swift 6 language mode
        let result = try await callable.call(payloadSnapshot)
                               ~~~~~~~~~^~~~~~~~~~~~~~~~~~~~~
/Users/albertonunez/Documents/Windsurf/BurnBar/OpenBurnBarMobile/Services/FunctionsRepository.swift:439:41: note: sending main actor-isolated value of non-Sendable type '[String : Any]' to nonisolated instance method 'call' risks causing races in between main actor-isolated and nonisolated uses
        let result = try await callable.call(payloadSnapshot)
                                        ^
/Users/albertonunez/Documents/Windsurf/BurnBar/OpenBurnBarMobile/Services/FunctionsRepository.swift:485:32: warning: sending value of non-Sendable type '[String : Any]' risks causing data races; this is an error in the Swift 6 language mode
        _ = try await callable.call(payloadSnapshot)
                      ~~~~~~~~~^~~~~~~~~~~~~~~~~~~~~
/Users/albertonunez/Documents/Windsurf/BurnBar/OpenBurnBarMobile/Services/FunctionsRepository.swift:485:32: note: sending main actor-isolated value of non-Sendable type '[String : Any]' to nonisolated instance method 'call' risks causing races in between main actor-isolated and nonisolated uses
        _ = try await callable.call(payloadSnapshot)
                               ^
<unknown>:0: warning: cannot form key path that captures non-Sendable type 'KeyPath<AttributeScopes.SwiftUIAttributes, AttributeScopes.SwiftUIAttributes.ForegroundColorAttribute>'; this is an error in the Swift 6 language mode
Swift.KeyPath:1:14: note: generic class 'KeyPath' does not conform to the 'Sendable' protocol
public class KeyPath<Root, Value> : PartialKeyPath<Root> {
             ^
<unknown>:0: warning: cannot form key path that captures non-Sendable type 'KeyPath<AttributeScopes.SwiftUIAttributes, AttributeScopes.SwiftUIAttributes.ForegroundColorAttribute>'; this is an error in the Swift 6 language mode
Swift.KeyPath:1:14: note: generic class 'KeyPath' does not conform to the 'Sendable' protocol
public class KeyPath<Root, Value> : PartialKeyPath<Root> {
             ^
<unknown>:0: warning: cannot form key path that captures non-Sendable type 'KeyPath<AttributeScopes.SwiftUIAttributes, AttributeScopes.SwiftUIAttributes.FontAttribute>'; this is an error in the Swift 6 language mode
Swift.KeyPath:1:14: note: generic class 'KeyPath' does not conform to the 'Sendable' protocol
public class KeyPath<Root, Value> : PartialKeyPath<Root> {
             ^
<unknown>:0: warning: cannot form key path that captures non-Sendable type 'KeyPath<AttributeScopes.SwiftUIAttributes, AttributeScopes.SwiftUIAttributes.ForegroundColorAttribute>'; this is an error in the Swift 6 language mode
Swift.KeyPath:1:14: note: generic class 'KeyPath' does not conform to the 'Sendable' protocol
public class KeyPath<Root, Value> : PartialKeyPath<Root> {
             ^
<unknown>:0: warning: cannot form key path that captures non-Sendable type 'KeyPath<AttributeScopes.SwiftUIAttributes, AttributeScopes.SwiftUIAttributes.FontAttribute>'; this is an error in the Swift 6 language mode
Swift.KeyPath:1:14: note: generic class 'KeyPath' does not conform to the 'Sendable' protocol
public class KeyPath<Root, Value> : PartialKeyPath<Root> {
             ^
<unknown>:0: warning: cannot form key path that captures non-Sendable type 'KeyPath<AttributeScopes.SwiftUIAttributes, AttributeScopes.SwiftUIAttributes.ForegroundColorAttribute>'; this is an error in the Swift 6 language mode
Swift.KeyPath:1:14: note: generic class 'KeyPath' does not conform to the 'Sendable' protocol
public class KeyPath<Root, Value> : PartialKeyPath<Root> {
             ^
<unknown>:0: warning: cannot form key path that captures non-Sendable type 'KeyPath<AttributeScopes.SwiftUIAttributes, AttributeScopes.SwiftUIAttributes.ForegroundColorAttribute>'; this is an error in the Swift 6 language mode
Swift.KeyPath:1:14: note: generic class 'KeyPath' does not conform to the 'Sendable' protocol
public class KeyPath<Root, Value> : PartialKeyPath<Root> {
             ^
<unknown>:0: warning: cannot form key path that captures non-Sendable type 'KeyPath<AttributeScopes.SwiftUIAttributes, AttributeScopes.SwiftUIAttributes.FontAttribute>'; this is an error in the Swift 6 language mode
Swift.KeyPath:1:14: note: generic class 'KeyPath' does not conform to the 'Sendable' protocol
public class KeyPath<Root, Value> : PartialKeyPath<Root> {
             ^
<unknown>:0: warning: cannot form key path that captures non-Sendable type 'KeyPath<AttributeScopes.SwiftUIAttributes, AttributeScopes.SwiftUIAttributes.ForegroundColorAttribute>'; this is an error in the Swift 6 language mode
Swift.KeyPath:1:14: note: generic class 'KeyPath' does not conform to the 'Sendable' protocol
public class KeyPath<Root, Value> : PartialKeyPath<Root> {
             ^
<unknown>:0: warning: cannot form key path that captures non-Sendable type 'KeyPath<AttributeScopes.SwiftUIAttributes, AttributeScopes.SwiftUIAttributes.FontAttribute>'; this is an error in the Swift 6 language mode
Swift.KeyPath:1:14: note: generic class 'KeyPath' does not conform to the 'Sendable' protocol
public class KeyPath<Root, Value> : PartialKeyPath<Root> {
             ^
<unknown>:0: warning: cannot form key path that captures non-Sendable type 'KeyPath<AttributeScopes.SwiftUIAttributes, AttributeScopes.SwiftUIAttributes.ForegroundColorAttribute>'; this is an error in the Swift 6 language mode
Swift.KeyPath:1:14: note: generic class 'KeyPath' does not conform to the 'Sendable' protocol
public class KeyPath<Root, Value> : PartialKeyPath<Root> {
             ^
<unknown>:0: warning: cannot form key path that captures non-Sendable type 'KeyPath<AttributeScopes.SwiftUIAttributes, AttributeScopes.SwiftUIAttributes.ForegroundColorAttribute>'; this is an error in the Swift 6 language mode
Swift.KeyPath:1:14: note: generic class 'KeyPath' does not conform to the 'Sendable' protocol
public class KeyPath<Root, Value> : PartialKeyPath<Root> {
             ^
<unknown>:0: warning: cannot form key path that captures non-Sendable type 'KeyPath<AttributeScopes.SwiftUIAttributes, AttributeScopes.SwiftUIAttributes.FontAttribute>'; this is an error in the Swift 6 language mode
Swift.KeyPath:1:14: note: generic class 'KeyPath' does not conform to the 'Sendable' protocol
public class KeyPath<Root, Value> : PartialKeyPath<Root> {
             ^
<unknown>:0: warning: cannot form key path that captures non-Sendable type 'KeyPath<AttributeScopes.SwiftUIAttributes, AttributeScopes.SwiftUIAttributes.ForegroundColorAttribute>'; this is an error in the Swift 6 language mode
Swift.KeyPath:1:14: note: generic class 'KeyPath' does not conform to the 'Sendable' protocol
public class KeyPath<Root, Value> : PartialKeyPath<Root> {
             ^
<unknown>:0: warning: cannot form key path that captures non-Sendable type 'KeyPath<AttributeScopes.SwiftUIAttributes, AttributeScopes.SwiftUIAttributes.FontAttribute>'; this is an error in the Swift 6 language mode
Swift.KeyPath:1:14: note: generic class 'KeyPath' does not conform to the 'Sendable' protocol
public class KeyPath<Root, Value> : PartialKeyPath<Root> {
             ^
<unknown>:0: warning: cannot form key path that captures non-Sendable type 'KeyPath<AttributeScopes.SwiftUIAttributes, AttributeScopes.SwiftUIAttributes.ForegroundColorAttribute>'; this is an error in the Swift 6 language mode
Swift.KeyPath:1:14: note: generic class 'KeyPath' does not conform to the 'Sendable' protocol
public class KeyPath<Root, Value> : PartialKeyPath<Root> {
             ^
<unknown>:0: warning: cannot form key path that captures non-Sendable type 'KeyPath<AttributeScopes.SwiftUIAttributes, AttributeScopes.SwiftUIAttributes.ForegroundColorAttribute>'; this is an error in the Swift 6 language mode
Swift.KeyPath:1:14: note: generic class 'KeyPath' does not conform to the 'Sendable' protocol
public class KeyPath<Root, Value> : PartialKeyPath<Root> {
             ^
<unknown>:0: warning: cannot form key path that captures non-Sendable type 'KeyPath<AttributeScopes.SwiftUIAttributes, AttributeScopes.SwiftUIAttributes.FontAttribute>'; this is an error in the Swift 6 language mode
Swift.KeyPath:1:14: note: generic class 'KeyPath' does not conform to the 'Sendable' protocol
public class KeyPath<Root, Value> : PartialKeyPath<Root> {
             ^
<unknown>:0: warning: cannot form key path that captures non-Sendable type 'KeyPath<AttributeScopes.SwiftUIAttributes, AttributeScopes.SwiftUIAttributes.ForegroundColorAttribute>'; this is an error in the Swift 6 language mode
Swift.KeyPath:1:14: note: generic class 'KeyPath' does not conform to the 'Sendable' protocol
public class KeyPath<Root, Value> : PartialKeyPath<Root> {
             ^
<unknown>:0: warning: cannot form key path that captures non-Sendable type 'KeyPath<AttributeScopes.SwiftUIAttributes, AttributeScopes.SwiftUIAttributes.FontAttribute>'; this is an error in the Swift 6 language mode
Swift.KeyPath:1:14: note: generic class 'KeyPath' does not conform to the 'Sendable' protocol
public class KeyPath<Root, Value> : PartialKeyPath<Root> {
             ^
<unknown>:0: warning: cannot form key path that captures non-Sendable type 'KeyPath<AttributeScopes.SwiftUIAttributes, AttributeScopes.SwiftUIAttributes.ForegroundColorAttribute>'; this is an error in the Swift 6 language mode
Swift.KeyPath:1:14: note: generic class 'KeyPath' does not conform to the 'Sendable' protocol
public class KeyPath<Root, Value> : PartialKeyPath<Root> {
             ^
<unknown>:0: warning: cannot form key path that captures non-Sendable type 'KeyPath<AttributeScopes.SwiftUIAttributes, AttributeScopes.SwiftUIAttributes.ForegroundColorAttribute>'; this is an error in the Swift 6 language mode
Swift.KeyPath:1:14: note: generic class 'KeyPath' does not conform to the 'Sendable' protocol
public class KeyPath<Root, Value> : PartialKeyPath<Root> {
             ^
<unknown>:0: warning: cannot form key path that captures non-Sendable type 'KeyPath<AttributeScopes.SwiftUIAttributes, AttributeScopes.SwiftUIAttributes.FontAttribute>'; this is an error in the Swift 6 language mode
Swift.KeyPath:1:14: note: generic class 'KeyPath' does not conform to the 'Sendable' protocol
public class KeyPath<Root, Value> : PartialKeyPath<Root> {
             ^
<unknown>:0: warning: cannot form key path that captures non-Sendable type 'KeyPath<AttributeScopes.SwiftUIAttributes, AttributeScopes.SwiftUIAttributes.ForegroundColorAttribute>'; this is an error in the Swift 6 language mode
Swift.KeyPath:1:14: note: generic class 'KeyPath' does not conform to the 'Sendable' protocol
public class KeyPath<Root, Value> : PartialKeyPath<Root> {
             ^
<unknown>:0: warning: cannot form key path that captures non-Sendable type 'KeyPath<AttributeScopes.SwiftUIAttributes, AttributeScopes.SwiftUIAttributes.FontAttribute>'; this is an error in the Swift 6 language mode
Swift.KeyPath:1:14: note: generic class 'KeyPath' does not conform to the 'Sendable' protocol
public class KeyPath<Root, Value> : PartialKeyPath<Root> {
             ^
<unknown>:0: warning: cannot form key path that captures non-Sendable type 'KeyPath<AttributeScopes.SwiftUIAttributes, AttributeScopes.SwiftUIAttributes.ForegroundColorAttribute>'; this is an error in the Swift 6 language mode
Swift.KeyPath:1:14: note: generic class 'KeyPath' does not conform to the 'Sendable' protocol
public class KeyPath<Root, Value> : PartialKeyPath<Root> {
             ^
<unknown>:0: warning: cannot form key path that captures non-Sendable type 'KeyPath<AttributeScopes.SwiftUIAttributes, AttributeScopes.SwiftUIAttributes.ForegroundColorAttribute>'; this is an error in the Swift 6 language mode
Swift.KeyPath:1:14: note: generic class 'KeyPath' does not conform to the 'Sendable' protocol
public class KeyPath<Root, Value> : PartialKeyPath<Root> {
             ^
<unknown>:0: warning: cannot form key path that captures non-Sendable type 'KeyPath<AttributeScopes.SwiftUIAttributes, AttributeScopes.SwiftUIAttributes.FontAttribute>'; this is an error in the Swift 6 language mode
Swift.KeyPath:1:14: note: generic class 'KeyPath' does not conform to the 'Sendable' protocol
public class KeyPath<Root, Value> : PartialKeyPath<Root> {
             ^
<unknown>:0: warning: cannot form key path that captures non-Sendable type 'KeyPath<AttributeScopes.SwiftUIAttributes, AttributeScopes.SwiftUIAttributes.ForegroundColorAttribute>'; this is an error in the Swift 6 language mode
Swift.KeyPath:1:14: note: generic class 'KeyPath' does not conform to the 'Sendable' protocol
public class KeyPath<Root, Value> : PartialKeyPath<Root> {
             ^
<unknown>:0: warning: cannot form key path that captures non-Sendable type 'KeyPath<AttributeScopes.SwiftUIAttributes, AttributeScopes.SwiftUIAttributes.FontAttribute>'; this is an error in the Swift 6 language mode
Swift.KeyPath:1:14: note: generic class 'KeyPath' does not conform to the 'Sendable' protocol
public class KeyPath<Root, Value> : PartialKeyPath<Root> {
             ^
<unknown>:0: warning: cannot form key path that captures non-Sendable type 'KeyPath<AttributeScopes.SwiftUIAttributes, AttributeScopes.SwiftUIAttributes.ForegroundColorAttribute>'; this is an error in the Swift 6 language mode
Swift.KeyPath:1:14: note: generic class 'KeyPath' does not conform to the 'Sendable' protocol
public class KeyPath<Root, Value> : PartialKeyPath<Root> {
             ^
<unknown>:0: warning: cannot form key path that captures non-Sendable type 'KeyPath<AttributeScopes.SwiftUIAttributes, AttributeScopes.SwiftUIAttributes.FontAttribute>'; this is an error in the Swift 6 language mode
Swift.KeyPath:1:14: note: generic class 'KeyPath' does not conform to the 'Sendable' protocol
public class KeyPath<Root, Value> : PartialKeyPath<Root> {
             ^
<unknown>:0: warning: cannot form key path that captures non-Sendable type 'KeyPath<AttributeScopes.SwiftUIAttributes, AttributeScopes.SwiftUIAttributes.ForegroundColorAttribute>'; this is an error in the Swift 6 language mode
Swift.KeyPath:1:14: note: generic class 'KeyPath' does not conform to the 'Sendable' protocol
public class KeyPath<Root, Value> : PartialKeyPath<Root> {
             ^
<unknown>:0: warning: cannot form key path that captures non-Sendable type 'KeyPath<AttributeScopes.SwiftUIAttributes, AttributeScopes.SwiftUIAttributes.ForegroundColorAttribute>'; this is an error in the Swift 6 language mode
Swift.KeyPath:1:14: note: generic class 'KeyPath' does not conform to the 'Sendable' protocol
public class KeyPath<Root, Value> : PartialKeyPath<Root> {
             ^
<unknown>:0: warning: cannot form key path that captures non-Sendable type 'KeyPath<AttributeScopes.SwiftUIAttributes, AttributeScopes.SwiftUIAttributes.FontAttribute>'; this is an error in the Swift 6 language mode
Swift.KeyPath:1:14: note: generic class 'KeyPath' does not conform to the 'Sendable' protocol
public class KeyPath<Root, Value> : PartialKeyPath<Root> {
             ^
<unknown>:0: warning: cannot form key path that captures non-Sendable type 'KeyPath<AttributeScopes.SwiftUIAttributes, AttributeScopes.SwiftUIAttributes.ForegroundColorAttribute>'; this is an error in the Swift 6 language mode
Swift.KeyPath:1:14: note: generic class 'KeyPath' does not conform to the 'Sendable' protocol
public class KeyPath<Root, Value> : PartialKeyPath<Root> {
             ^
<unknown>:0: warning: cannot form key path that captures non-Sendable type 'KeyPath<AttributeScopes.SwiftUIAttributes, AttributeScopes.SwiftUIAttributes.FontAttribute>'; this is an error in the Swift 6 language mode
Swift.KeyPath:1:14: note: generic class 'KeyPath' does not conform to the 'Sendable' protocol
public class KeyPath<Root, Value> : PartialKeyPath<Root> {
             ^
<unknown>:0: warning: cannot form key path that captures non-Sendable type 'KeyPath<AttributeScopes.SwiftUIAttributes, AttributeScopes.SwiftUIAttributes.ForegroundColorAttribute>'; this is an error in the Swift 6 language mode
Swift.KeyPath:1:14: note: generic class 'KeyPath' does not conform to the 'Sendable' protocol
public class KeyPath<Root, Value> : PartialKeyPath<Root> {
             ^
<unknown>:0: warning: cannot form key path that captures non-Sendable type 'KeyPath<AttributeScopes.SwiftUIAttributes, AttributeScopes.SwiftUIAttributes.FontAttribute>'; this is an error in the Swift 6 language mode
Swift.KeyPath:1:14: note: generic class 'KeyPath' does not conform to the 'Sendable' protocol
public class KeyPath<Root, Value> : PartialKeyPath<Root> {
             ^
<unknown>:0: warning: cannot form key path that captures non-Sendable type 'KeyPath<AttributeScopes.SwiftUIAttributes, AttributeScopes.SwiftUIAttributes.ForegroundColorAttribute>'; this is an error in the Swift 6 language mode
Swift.KeyPath:1:14: note: generic class 'KeyPath' does not conform to the 'Sendable' protocol
public class KeyPath<Root, Value> : PartialKeyPath<Root> {
             ^
<unknown>:0: warning: cannot form key path that captures non-Sendable type 'KeyPath<AttributeScopes.SwiftUIAttributes, AttributeScopes.SwiftUIAttributes.ForegroundColorAttribute>'; this is an error in the Swift 6 language mode
Swift.KeyPath:1:14: note: generic class 'KeyPath' does not conform to the 'Sendable' protocol
public class KeyPath<Root, Value> : PartialKeyPath<Root> {
             ^
<unknown>:0: warning: cannot form key path that captures non-Sendable type 'KeyPath<AttributeScopes.SwiftUIAttributes, AttributeScopes.SwiftUIAttributes.FontAttribute>'; this is an error in the Swift 6 language mode
Swift.KeyPath:1:14: note: generic class 'KeyPath' does not conform to the 'Sendable' protocol
public class KeyPath<Root, Value> : PartialKeyPath<Root> {
             ^
<unknown>:0: warning: cannot form key path that captures non-Sendable type 'KeyPath<AttributeScopes.SwiftUIAttributes, AttributeScopes.SwiftUIAttributes.ForegroundColorAttribute>'; this is an error in the Swift 6 language mode
Swift.KeyPath:1:14: note: generic class 'KeyPath' does not conform to the 'Sendable' protocol
public class KeyPath<Root, Value> : PartialKeyPath<Root> {
             ^
<unknown>:0: warning: cannot form key path that captures non-Sendable type 'KeyPath<AttributeScopes.SwiftUIAttributes, AttributeScopes.SwiftUIAttributes.FontAttribute>'; this is an error in the Swift 6 language mode
Swift.KeyPath:1:14: note: generic class 'KeyPath' does not conform to the 'Sendable' protocol
public class KeyPath<Root, Value> : PartialKeyPath<Root> {
             ^
<unknown>:0: warning: cannot form key path that captures non-Sendable type 'KeyPath<AttributeScopes.SwiftUIAttributes, AttributeScopes.SwiftUIAttributes.ForegroundColorAttribute>'; this is an error in the Swift 6 language mode
Swift.KeyPath:1:14: note: generic class 'KeyPath' does not conform to the 'Sendable' protocol
public class KeyPath<Root, Value> : PartialKeyPath<Root> {
             ^
<unknown>:0: warning: cannot form key path that captures non-Sendable type 'KeyPath<AttributeScopes.SwiftUIAttributes, AttributeScopes.SwiftUIAttributes.FontAttribute>'; this is an error in the Swift 6 language mode
Swift.KeyPath:1:14: note: generic class 'KeyPath' does not conform to the 'Sendable' protocol
public class KeyPath<Root, Value> : PartialKeyPath<Root> {
             ^
<unknown>:0: warning: cannot form key path that captures non-Sendable type 'KeyPath<AttributeScopes.SwiftUIAttributes, AttributeScopes.SwiftUIAttributes.ForegroundColorAttribute>'; this is an error in the Swift 6 language mode
Swift.KeyPath:1:14: note: generic class 'KeyPath' does not conform to the 'Sendable' protocol
public class KeyPath<Root, Value> : PartialKeyPath<Root> {
             ^
<unknown>:0: warning: cannot form key path that captures non-Sendable type 'KeyPath<AttributeScopes.SwiftUIAttributes, AttributeScopes.SwiftUIAttributes.ForegroundColorAttribute>'; this is an error in the Swift 6 language mode
Swift.KeyPath:1:14: note: generic class 'KeyPath' does not conform to the 'Sendable' protocol
public class KeyPath<Root, Value> : PartialKeyPath<Root> {
             ^
<unknown>:0: warning: cannot form key path that captures non-Sendable type 'KeyPath<AttributeScopes.SwiftUIAttributes, AttributeScopes.SwiftUIAttributes.FontAttribute>'; this is an error in the Swift 6 language mode
Swift.KeyPath:1:14: note: generic class 'KeyPath' does not conform to the 'Sendable' protocol
public class KeyPath<Root, Value> : PartialKeyPath<Root> {
             ^
<unknown>:0: warning: cannot form key path that captures non-Sendable type 'KeyPath<AttributeScopes.SwiftUIAttributes, AttributeScopes.SwiftUIAttributes.ForegroundColorAttribute>'; this is an error in the Swift 6 language mode
Swift.KeyPath:1:14: note: generic class 'KeyPath' does not conform to the 'Sendable' protocol
public class KeyPath<Root, Value> : PartialKeyPath<Root> {
             ^
<unknown>:0: warning: cannot form key path that captures non-Sendable type 'KeyPath<AttributeScopes.SwiftUIAttributes, AttributeScopes.SwiftUIAttributes.FontAttribute>'; this is an error in the Swift 6 language mode
Swift.KeyPath:1:14: note: generic class 'KeyPath' does not conform to the 'Sendable' protocol
public class KeyPath<Root, Value> : PartialKeyPath<Root> {
             ^
<unknown>:0: warning: cannot form key path that captures non-Sendable type 'KeyPath<AttributeScopes.SwiftUIAttributes, AttributeScopes.SwiftUIAttributes.ForegroundColorAttribute>'; this is an error in the Swift 6 language mode
Swift.KeyPath:1:14: note: generic class 'KeyPath' does not conform to the 'Sendable' protocol
public class KeyPath<Root, Value> : PartialKeyPath<Root> {
             ^
<unknown>:0: warning: cannot form key path that captures non-Sendable type 'KeyPath<AttributeScopes.SwiftUIAttributes, AttributeScopes.SwiftUIAttributes.FontAttribute>'; this is an error in the Swift 6 language mode
Swift.KeyPath:1:14: note: generic class 'KeyPath' does not conform to the 'Sendable' protocol
public class KeyPath<Root, Value> : PartialKeyPath<Root> {
             ^
<unknown>:0: warning: cannot form key path that captures non-Sendable type 'KeyPath<AttributeScopes.SwiftUIAttributes, AttributeScopes.SwiftUIAttributes.ForegroundColorAttribute>'; this is an error in the Swift 6 language mode
Swift.KeyPath:1:14: note: generic class 'KeyPath' does not conform to the 'Sendable' protocol
public class KeyPath<Root, Value> : PartialKeyPath<Root> {
             ^
<unknown>:0: warning: cannot form key path that captures non-Sendable type 'KeyPath<AttributeScopes.SwiftUIAttributes, AttributeScopes.SwiftUIAttributes.ForegroundColorAttribute>'; this is an error in the Swift 6 language mode
Swift.KeyPath:1:14: note: generic class 'KeyPath' does not conform to the 'Sendable' protocol
public class KeyPath<Root, Value> : PartialKeyPath<Root> {
             ^
<unknown>:0: warning: cannot form key path that captures non-Sendable type 'KeyPath<AttributeScopes.SwiftUIAttributes, AttributeScopes.SwiftUIAttributes.FontAttribute>'; this is an error in the Swift 6 language mode
Swift.KeyPath:1:14: note: generic class 'KeyPath' does not conform to the 'Sendable' protocol
public class KeyPath<Root, Value> : PartialKeyPath<Root> {
             ^
<unknown>:0: warning: cannot form key path that captures non-Sendable type 'KeyPath<AttributeScopes.SwiftUIAttributes, AttributeScopes.SwiftUIAttributes.ForegroundColorAttribute>'; this is an error in the Swift 6 language mode
Swift.KeyPath:1:14: note: generic class 'KeyPath' does not conform to the 'Sendable' protocol
public class KeyPath<Root, Value> : PartialKeyPath<Root> {
             ^
<unknown>:0: warning: cannot form key path that captures non-Sendable type 'KeyPath<AttributeScopes.SwiftUIAttributes, AttributeScopes.SwiftUIAttributes.FontAttribute>'; this is an error in the Swift 6 language mode
Swift.KeyPath:1:14: note: generic class 'KeyPath' does not conform to the 'Sendable' protocol
public class KeyPath<Root, Value> : PartialKeyPath<Root> {
             ^
<unknown>:0: warning: cannot form key path that captures non-Sendable type 'KeyPath<AttributeScopes.SwiftUIAttributes, AttributeScopes.SwiftUIAttributes.ForegroundColorAttribute>'; this is an error in the Swift 6 language mode
Swift.KeyPath:1:14: note: generic class 'KeyPath' does not conform to the 'Sendable' protocol
public class KeyPath<Root, Value> : PartialKeyPath<Root> {
             ^
<unknown>:0: warning: cannot form key path that captures non-Sendable type 'KeyPath<AttributeScopes.SwiftUIAttributes, AttributeScopes.SwiftUIAttributes.FontAttribute>'; this is an error in the Swift 6 language mode
Swift.KeyPath:1:14: note: generic class 'KeyPath' does not conform to the 'Sendable' protocol
public class KeyPath<Root, Value> : PartialKeyPath<Root> {
             ^
<unknown>:0: warning: cannot form key path that captures non-Sendable type 'KeyPath<AttributeScopes.SwiftUIAttributes, AttributeScopes.SwiftUIAttributes.ForegroundColorAttribute>'; this is an error in the Swift 6 language mode
Swift.KeyPath:1:14: note: generic class 'KeyPath' does not conform to the 'Sendable' protocol
public class KeyPath<Root, Value> : PartialKeyPath<Root> {
             ^
<unknown>:0: warning: cannot form key path that captures non-Sendable type 'KeyPath<AttributeScopes.SwiftUIAttributes, AttributeScopes.SwiftUIAttributes.ForegroundColorAttribute>'; this is an error in the Swift 6 language mode
Swift.KeyPath:1:14: note: generic class 'KeyPath' does not conform to the 'Sendable' protocol
public class KeyPath<Root, Value> : PartialKeyPath<Root> {
             ^
<unknown>:0: warning: cannot form key path that captures non-Sendable type 'KeyPath<AttributeScopes.SwiftUIAttributes, AttributeScopes.SwiftUIAttributes.FontAttribute>'; this is an error in the Swift 6 language mode
Swift.KeyPath:1:14: note: generic class 'KeyPath' does not conform to the 'Sendable' protocol
public class KeyPath<Root, Value> : PartialKeyPath<Root> {
             ^
<unknown>:0: warning: cannot form key path that captures non-Sendable type 'KeyPath<AttributeScopes.SwiftUIAttributes, AttributeScopes.SwiftUIAttributes.ForegroundColorAttribute>'; this is an error in the Swift 6 language mode
Swift.KeyPath:1:14: note: generic class 'KeyPath' does not conform to the 'Sendable' protocol
public class KeyPath<Root, Value> : PartialKeyPath<Root> {
             ^
<unknown>:0: warning: cannot form key path that captures non-Sendable type 'KeyPath<AttributeScopes.SwiftUIAttributes, AttributeScopes.SwiftUIAttributes.FontAttribute>'; this is an error in the Swift 6 language mode
Swift.KeyPath:1:14: note: generic class 'KeyPath' does not conform to the 'Sendable' protocol
public class KeyPath<Root, Value> : PartialKeyPath<Root> {
             ^
<unknown>:0: warning: cannot form key path that captures non-Sendable type 'KeyPath<AttributeScopes.SwiftUIAttributes, AttributeScopes.SwiftUIAttributes.ForegroundColorAttribute>'; this is an error in the Swift 6 language mode
Swift.KeyPath:1:14: note: generic class 'KeyPath' does not conform to the 'Sendable' protocol
public class KeyPath<Root, Value> : PartialKeyPath<Root> {
             ^
<unknown>:0: warning: cannot form key path that captures non-Sendable type 'KeyPath<AttributeScopes.SwiftUIAttributes, AttributeScopes.SwiftUIAttributes.FontAttribute>'; this is an error in the Swift 6 language mode
Swift.KeyPath:1:14: note: generic class 'KeyPath' does not conform to the 'Sendable' protocol
public class KeyPath<Root, Value> : PartialKeyPath<Root> {
             ^
2026-05-20 23:35:22.932 xcodebuild[93726:16946793] [MT] IDETestOperationsObserverDebug: 13.541 elapsed -- Testing started completed.
2026-05-20 23:35:22.932 xcodebuild[93726:16946793] [MT] IDETestOperationsObserverDebug: 0.000 sec, +0.000 sec -- start
2026-05-20 23:35:22.932 xcodebuild[93726:16946793] [MT] IDETestOperationsObserverDebug: 13.541 sec, +13.541 sec -- end
Testing started
