/Users/albertonunez/Documents/Windsurf/BurnBar/OpenBurnBarMobile/Views/Store/CloudStoreView.swift:517:9: warning: cannot access property 'authHandle' with a non-Sendable type 'AuthStateDidChangeListenerHandle?' (aka 'Optional<any NSObjectProtocol>') from nonisolated deinit; this is an error in the Swift 6 language mode
        if let authHandle {
        ^
/Applications/Xcode.app/Contents/Developer/Platforms/iPhoneSimulator.platform/Developer/SDKs/iPhoneSimulator.sdk/usr/include/objc/NSObject.h:15:11: note: protocol 'NSObjectProtocol' does not conform to the 'Sendable' protocol
@protocol NSObject
          ^
/Users/albertonunez/Documents/Windsurf/BurnBar/OpenBurnBarMobile/Views/Store/CloudStoreView.swift:1:1: warning: add '@preconcurrency' to suppress 'Sendable'-related warnings from module 'ObjectiveC'
import SwiftUI
^
@preconcurrency 
/Users/albertonunez/Documents/Windsurf/BurnBar/OpenBurnBarMobile/Services/HermesAttachmentLoader.swift:123:19: warning: value 'workspace' was defined but never used; consider replacing with boolean test
        guard let workspace = HermesAttachmentWorkspace.attachmentsRoot(threadID: threadID) else {
              ~~~~^~~~~~~~~~~~
                                                                                            != nil
/Users/albertonunez/Documents/Windsurf/BurnBar/OpenBurnBarMobile/Services/HermesCloudLibraryStore.swift:74:49: warning: sending 'self.iCloudReader' risks causing data races; this is an error in the Swift 6 language mode
        let iCloudSessions = await iCloudReader.fetchSessions()
                                   ~~~~~~~~~~~~~^~~~~~~~~~~~~~~
/Users/albertonunez/Documents/Windsurf/BurnBar/OpenBurnBarMobile/Services/HermesCloudLibraryStore.swift:74:49: note: sending main actor-isolated 'self.iCloudReader' to nonisolated instance method 'fetchSessions()' risks causing data races between nonisolated and main actor-isolated uses
        let iCloudSessions = await iCloudReader.fetchSessions()
                                                ^
/Users/albertonunez/Documents/Windsurf/BurnBar/OpenBurnBarMobile/Services/IrohRelay/HermesIrohRelayTransport.swift:41:17: warning: capture of 'finish(with:)' with non-Sendable type '(NWPath) -> ()' in a '@Sendable' closure; this is an error in the Swift 6 language mode
                finish(with: path)
                ^
/Users/albertonunez/Documents/Windsurf/BurnBar/OpenBurnBarMobile/Services/IrohRelay/HermesIrohRelayTransport.swift:41:17: note: a function type must be marked '@Sendable' to conform to 'Sendable'
                finish(with: path)
                ^
/Users/albertonunez/Documents/Windsurf/BurnBar/OpenBurnBarMobile/Services/IrohRelay/HermesIrohRelayTransport.swift:32:18: warning: concurrently-executed local function 'finish(with:)' must be marked as '@Sendable'; this is an error in the Swift 6 language mode
            func finish(with path: NWPath) {
                 ^
            @Sendable 
/Users/albertonunez/Documents/Windsurf/BurnBar/OpenBurnBarMobile/Services/IrohRelay/HermesIrohRelayTransport.swift:45:17: warning: capture of 'finish(with:)' with non-Sendable type '(NWPath) -> ()' in a '@Sendable' closure
                finish(with: monitor.currentPath)
                ^
/Users/albertonunez/Documents/Windsurf/BurnBar/OpenBurnBarMobile/Services/IrohRelay/HermesIrohRelayTransport.swift:45:17: note: a function type must be marked '@Sendable' to conform to 'Sendable'
                finish(with: monitor.currentPath)
                ^
/Users/albertonunez/Documents/Windsurf/BurnBar/OpenBurnBarMobile/Services/FunctionsRepository.swift:437:41: warning: sending value of non-Sendable type '[String : Any]' risks causing data races; this is an error in the Swift 6 language mode
        let result = try await callable.call(payload)
                               ~~~~~~~~~^~~~~~~~~~~~~
/Users/albertonunez/Documents/Windsurf/BurnBar/OpenBurnBarMobile/Services/FunctionsRepository.swift:437:41: note: sending main actor-isolated value of non-Sendable type '[String : Any]' to nonisolated instance method 'call' risks causing races in between main actor-isolated and nonisolated uses
        let result = try await callable.call(payload)
                                        ^
/Users/albertonunez/Documents/Windsurf/BurnBar/OpenBurnBarMobile/Services/FunctionsRepository.swift:481:32: warning: sending value of non-Sendable type '[String : Any]' risks causing data races; this is an error in the Swift 6 language mode
        _ = try await callable.call(payload)
                      ~~~~~~~~~^~~~~~~~~~~~~
/Users/albertonunez/Documents/Windsurf/BurnBar/OpenBurnBarMobile/Services/FunctionsRepository.swift:481:32: note: sending main actor-isolated value of non-Sendable type '[String : Any]' to nonisolated instance method 'call' risks causing races in between main actor-isolated and nonisolated uses
        _ = try await callable.call(payload)
                               ^
<unknown>:0: warning: cannot form key path that captures non-Sendable type 'KeyPath<AttributeScopes.SwiftUIAttributes, AttributeScopes.SwiftUIAttributes.ForegroundColorAttribute>'; this is an error in the Swift 6 language mode
Swift.KeyPath:1:14: note: generic class 'KeyPath' does not conform to the 'Sendable' protocol
public class KeyPath<Root, Value> : PartialKeyPath<Root> {
             ^
<unknown>:0: warning: cannot form key path that captures non-Sendable type 'KeyPath<AttributeScopes.SwiftUIAttributes, AttributeScopes.SwiftUIAttributes.ForegroundColorAttribute>'; this is an error in the Swift 6 language mode
Swift.KeyPath:1:14: note: generic class 'KeyPath' does not conform to the 'Sendable' protocol
public class KeyPath<Root, Value> : PartialKeyPath<Root> {
             ^
<unknown>:0: warning: cannot form key path that captures non-Sendable type 'KeyPath<AttributeScopes.SwiftUIAttributes, AttributeScopes.SwiftUIAttributes.FontAttribute>'; this is an error in the Swift 6 language mode
Swift.KeyPath:1:14: note: generic class 'KeyPath' does not conform to the 'Sendable' protocol
public class KeyPath<Root, Value> : PartialKeyPath<Root> {
             ^
<unknown>:0: warning: cannot form key path that captures non-Sendable type 'KeyPath<AttributeScopes.SwiftUIAttributes, AttributeScopes.SwiftUIAttributes.ForegroundColorAttribute>'; this is an error in the Swift 6 language mode
Swift.KeyPath:1:14: note: generic class 'KeyPath' does not conform to the 'Sendable' protocol
public class KeyPath<Root, Value> : PartialKeyPath<Root> {
             ^
<unknown>:0: warning: cannot form key path that captures non-Sendable type 'KeyPath<AttributeScopes.SwiftUIAttributes, AttributeScopes.SwiftUIAttributes.FontAttribute>'; this is an error in the Swift 6 language mode
Swift.KeyPath:1:14: note: generic class 'KeyPath' does not conform to the 'Sendable' protocol
public class KeyPath<Root, Value> : PartialKeyPath<Root> {
             ^
<unknown>:0: warning: cannot form key path that captures non-Sendable type 'KeyPath<AttributeScopes.SwiftUIAttributes, AttributeScopes.SwiftUIAttributes.ForegroundColorAttribute>'; this is an error in the Swift 6 language mode
Swift.KeyPath:1:14: note: generic class 'KeyPath' does not conform to the 'Sendable' protocol
public class KeyPath<Root, Value> : PartialKeyPath<Root> {
             ^
<unknown>:0: warning: cannot form key path that captures non-Sendable type 'KeyPath<AttributeScopes.SwiftUIAttributes, AttributeScopes.SwiftUIAttributes.ForegroundColorAttribute>'; this is an error in the Swift 6 language mode
Swift.KeyPath:1:14: note: generic class 'KeyPath' does not conform to the 'Sendable' protocol
public class KeyPath<Root, Value> : PartialKeyPath<Root> {
             ^
<unknown>:0: warning: cannot form key path that captures non-Sendable type 'KeyPath<AttributeScopes.SwiftUIAttributes, AttributeScopes.SwiftUIAttributes.FontAttribute>'; this is an error in the Swift 6 language mode
Swift.KeyPath:1:14: note: generic class 'KeyPath' does not conform to the 'Sendable' protocol
public class KeyPath<Root, Value> : PartialKeyPath<Root> {
             ^
<unknown>:0: warning: cannot form key path that captures non-Sendable type 'KeyPath<AttributeScopes.SwiftUIAttributes, AttributeScopes.SwiftUIAttributes.ForegroundColorAttribute>'; this is an error in the Swift 6 language mode
Swift.KeyPath:1:14: note: generic class 'KeyPath' does not conform to the 'Sendable' protocol
public class KeyPath<Root, Value> : PartialKeyPath<Root> {
             ^
<unknown>:0: warning: cannot form key path that captures non-Sendable type 'KeyPath<AttributeScopes.SwiftUIAttributes, AttributeScopes.SwiftUIAttributes.FontAttribute>'; this is an error in the Swift 6 language mode
Swift.KeyPath:1:14: note: generic class 'KeyPath' does not conform to the 'Sendable' protocol
public class KeyPath<Root, Value> : PartialKeyPath<Root> {
             ^
<unknown>:0: warning: cannot form key path that captures non-Sendable type 'KeyPath<AttributeScopes.SwiftUIAttributes, AttributeScopes.SwiftUIAttributes.ForegroundColorAttribute>'; this is an error in the Swift 6 language mode
Swift.KeyPath:1:14: note: generic class 'KeyPath' does not conform to the 'Sendable' protocol
public class KeyPath<Root, Value> : PartialKeyPath<Root> {
             ^
<unknown>:0: warning: cannot form key path that captures non-Sendable type 'KeyPath<AttributeScopes.SwiftUIAttributes, AttributeScopes.SwiftUIAttributes.ForegroundColorAttribute>'; this is an error in the Swift 6 language mode
Swift.KeyPath:1:14: note: generic class 'KeyPath' does not conform to the 'Sendable' protocol
public class KeyPath<Root, Value> : PartialKeyPath<Root> {
             ^
<unknown>:0: warning: cannot form key path that captures non-Sendable type 'KeyPath<AttributeScopes.SwiftUIAttributes, AttributeScopes.SwiftUIAttributes.FontAttribute>'; this is an error in the Swift 6 language mode
Swift.KeyPath:1:14: note: generic class 'KeyPath' does not conform to the 'Sendable' protocol
public class KeyPath<Root, Value> : PartialKeyPath<Root> {
             ^
<unknown>:0: warning: cannot form key path that captures non-Sendable type 'KeyPath<AttributeScopes.SwiftUIAttributes, AttributeScopes.SwiftUIAttributes.ForegroundColorAttribute>'; this is an error in the Swift 6 language mode
Swift.KeyPath:1:14: note: generic class 'KeyPath' does not conform to the 'Sendable' protocol
public class KeyPath<Root, Value> : PartialKeyPath<Root> {
             ^
<unknown>:0: warning: cannot form key path that captures non-Sendable type 'KeyPath<AttributeScopes.SwiftUIAttributes, AttributeScopes.SwiftUIAttributes.FontAttribute>'; this is an error in the Swift 6 language mode
Swift.KeyPath:1:14: note: generic class 'KeyPath' does not conform to the 'Sendable' protocol
public class KeyPath<Root, Value> : PartialKeyPath<Root> {
             ^
<unknown>:0: warning: cannot form key path that captures non-Sendable type 'KeyPath<AttributeScopes.SwiftUIAttributes, AttributeScopes.SwiftUIAttributes.ForegroundColorAttribute>'; this is an error in the Swift 6 language mode
Swift.KeyPath:1:14: note: generic class 'KeyPath' does not conform to the 'Sendable' protocol
public class KeyPath<Root, Value> : PartialKeyPath<Root> {
             ^
<unknown>:0: warning: cannot form key path that captures non-Sendable type 'KeyPath<AttributeScopes.SwiftUIAttributes, AttributeScopes.SwiftUIAttributes.ForegroundColorAttribute>'; this is an error in the Swift 6 language mode
Swift.KeyPath:1:14: note: generic class 'KeyPath' does not conform to the 'Sendable' protocol
public class KeyPath<Root, Value> : PartialKeyPath<Root> {
             ^
<unknown>:0: warning: cannot form key path that captures non-Sendable type 'KeyPath<AttributeScopes.SwiftUIAttributes, AttributeScopes.SwiftUIAttributes.FontAttribute>'; this is an error in the Swift 6 language mode
Swift.KeyPath:1:14: note: generic class 'KeyPath' does not conform to the 'Sendable' protocol
public class KeyPath<Root, Value> : PartialKeyPath<Root> {
             ^
<unknown>:0: warning: cannot form key path that captures non-Sendable type 'KeyPath<AttributeScopes.SwiftUIAttributes, AttributeScopes.SwiftUIAttributes.ForegroundColorAttribute>'; this is an error in the Swift 6 language mode
Swift.KeyPath:1:14: note: generic class 'KeyPath' does not conform to the 'Sendable' protocol
public class KeyPath<Root, Value> : PartialKeyPath<Root> {
             ^
<unknown>:0: warning: cannot form key path that captures non-Sendable type 'KeyPath<AttributeScopes.SwiftUIAttributes, AttributeScopes.SwiftUIAttributes.FontAttribute>'; this is an error in the Swift 6 language mode
Swift.KeyPath:1:14: note: generic class 'KeyPath' does not conform to the 'Sendable' protocol
public class KeyPath<Root, Value> : PartialKeyPath<Root> {
             ^
<unknown>:0: warning: cannot form key path that captures non-Sendable type 'KeyPath<AttributeScopes.SwiftUIAttributes, AttributeScopes.SwiftUIAttributes.ForegroundColorAttribute>'; this is an error in the Swift 6 language mode
Swift.KeyPath:1:14: note: generic class 'KeyPath' does not conform to the 'Sendable' protocol
public class KeyPath<Root, Value> : PartialKeyPath<Root> {
             ^
<unknown>:0: warning: cannot form key path that captures non-Sendable type 'KeyPath<AttributeScopes.SwiftUIAttributes, AttributeScopes.SwiftUIAttributes.ForegroundColorAttribute>'; this is an error in the Swift 6 language mode
Swift.KeyPath:1:14: note: generic class 'KeyPath' does not conform to the 'Sendable' protocol
public class KeyPath<Root, Value> : PartialKeyPath<Root> {
             ^
<unknown>:0: warning: cannot form key path that captures non-Sendable type 'KeyPath<AttributeScopes.SwiftUIAttributes, AttributeScopes.SwiftUIAttributes.FontAttribute>'; this is an error in the Swift 6 language mode
Swift.KeyPath:1:14: note: generic class 'KeyPath' does not conform to the 'Sendable' protocol
public class KeyPath<Root, Value> : PartialKeyPath<Root> {
             ^
<unknown>:0: warning: cannot form key path that captures non-Sendable type 'KeyPath<AttributeScopes.SwiftUIAttributes, AttributeScopes.SwiftUIAttributes.ForegroundColorAttribute>'; this is an error in the Swift 6 language mode
Swift.KeyPath:1:14: note: generic class 'KeyPath' does not conform to the 'Sendable' protocol
public class KeyPath<Root, Value> : PartialKeyPath<Root> {
             ^
<unknown>:0: warning: cannot form key path that captures non-Sendable type 'KeyPath<AttributeScopes.SwiftUIAttributes, AttributeScopes.SwiftUIAttributes.FontAttribute>'; this is an error in the Swift 6 language mode
Swift.KeyPath:1:14: note: generic class 'KeyPath' does not conform to the 'Sendable' protocol
public class KeyPath<Root, Value> : PartialKeyPath<Root> {
             ^
<unknown>:0: warning: cannot form key path that captures non-Sendable type 'KeyPath<AttributeScopes.SwiftUIAttributes, AttributeScopes.SwiftUIAttributes.ForegroundColorAttribute>'; this is an error in the Swift 6 language mode
Swift.KeyPath:1:14: note: generic class 'KeyPath' does not conform to the 'Sendable' protocol
public class KeyPath<Root, Value> : PartialKeyPath<Root> {
             ^
<unknown>:0: warning: cannot form key path that captures non-Sendable type 'KeyPath<AttributeScopes.SwiftUIAttributes, AttributeScopes.SwiftUIAttributes.ForegroundColorAttribute>'; this is an error in the Swift 6 language mode
Swift.KeyPath:1:14: note: generic class 'KeyPath' does not conform to the 'Sendable' protocol
public class KeyPath<Root, Value> : PartialKeyPath<Root> {
             ^
<unknown>:0: warning: cannot form key path that captures non-Sendable type 'KeyPath<AttributeScopes.SwiftUIAttributes, AttributeScopes.SwiftUIAttributes.FontAttribute>'; this is an error in the Swift 6 language mode
Swift.KeyPath:1:14: note: generic class 'KeyPath' does not conform to the 'Sendable' protocol
public class KeyPath<Root, Value> : PartialKeyPath<Root> {
             ^
<unknown>:0: warning: cannot form key path that captures non-Sendable type 'KeyPath<AttributeScopes.SwiftUIAttributes, AttributeScopes.SwiftUIAttributes.ForegroundColorAttribute>'; this is an error in the Swift 6 language mode
Swift.KeyPath:1:14: note: generic class 'KeyPath' does not conform to the 'Sendable' protocol
public class KeyPath<Root, Value> : PartialKeyPath<Root> {
             ^
<unknown>:0: warning: cannot form key path that captures non-Sendable type 'KeyPath<AttributeScopes.SwiftUIAttributes, AttributeScopes.SwiftUIAttributes.FontAttribute>'; this is an error in the Swift 6 language mode
Swift.KeyPath:1:14: note: generic class 'KeyPath' does not conform to the 'Sendable' protocol
public class KeyPath<Root, Value> : PartialKeyPath<Root> {
             ^
<unknown>:0: warning: cannot form key path that captures non-Sendable type 'KeyPath<AttributeScopes.SwiftUIAttributes, AttributeScopes.SwiftUIAttributes.ForegroundColorAttribute>'; this is an error in the Swift 6 language mode
Swift.KeyPath:1:14: note: generic class 'KeyPath' does not conform to the 'Sendable' protocol
public class KeyPath<Root, Value> : PartialKeyPath<Root> {
             ^
<unknown>:0: warning: cannot form key path that captures non-Sendable type 'KeyPath<AttributeScopes.SwiftUIAttributes, AttributeScopes.SwiftUIAttributes.ForegroundColorAttribute>'; this is an error in the Swift 6 language mode
Swift.KeyPath:1:14: note: generic class 'KeyPath' does not conform to the 'Sendable' protocol
public class KeyPath<Root, Value> : PartialKeyPath<Root> {
             ^
<unknown>:0: warning: cannot form key path that captures non-Sendable type 'KeyPath<AttributeScopes.SwiftUIAttributes, AttributeScopes.SwiftUIAttributes.FontAttribute>'; this is an error in the Swift 6 language mode
Swift.KeyPath:1:14: note: generic class 'KeyPath' does not conform to the 'Sendable' protocol
public class KeyPath<Root, Value> : PartialKeyPath<Root> {
             ^
<unknown>:0: warning: cannot form key path that captures non-Sendable type 'KeyPath<AttributeScopes.SwiftUIAttributes, AttributeScopes.SwiftUIAttributes.ForegroundColorAttribute>'; this is an error in the Swift 6 language mode
Swift.KeyPath:1:14: note: generic class 'KeyPath' does not conform to the 'Sendable' protocol
public class KeyPath<Root, Value> : PartialKeyPath<Root> {
             ^
<unknown>:0: warning: cannot form key path that captures non-Sendable type 'KeyPath<AttributeScopes.SwiftUIAttributes, AttributeScopes.SwiftUIAttributes.FontAttribute>'; this is an error in the Swift 6 language mode
Swift.KeyPath:1:14: note: generic class 'KeyPath' does not conform to the 'Sendable' protocol
public class KeyPath<Root, Value> : PartialKeyPath<Root> {
             ^
<unknown>:0: warning: cannot form key path that captures non-Sendable type 'KeyPath<AttributeScopes.SwiftUIAttributes, AttributeScopes.SwiftUIAttributes.ForegroundColorAttribute>'; this is an error in the Swift 6 language mode
Swift.KeyPath:1:14: note: generic class 'KeyPath' does not conform to the 'Sendable' protocol
public class KeyPath<Root, Value> : PartialKeyPath<Root> {
             ^
<unknown>:0: warning: cannot form key path that captures non-Sendable type 'KeyPath<AttributeScopes.SwiftUIAttributes, AttributeScopes.SwiftUIAttributes.ForegroundColorAttribute>'; this is an error in the Swift 6 language mode
Swift.KeyPath:1:14: note: generic class 'KeyPath' does not conform to the 'Sendable' protocol
public class KeyPath<Root, Value> : PartialKeyPath<Root> {
             ^
<unknown>:0: warning: cannot form key path that captures non-Sendable type 'KeyPath<AttributeScopes.SwiftUIAttributes, AttributeScopes.SwiftUIAttributes.FontAttribute>'; this is an error in the Swift 6 language mode
Swift.KeyPath:1:14: note: generic class 'KeyPath' does not conform to the 'Sendable' protocol
public class KeyPath<Root, Value> : PartialKeyPath<Root> {
             ^
<unknown>:0: warning: cannot form key path that captures non-Sendable type 'KeyPath<AttributeScopes.SwiftUIAttributes, AttributeScopes.SwiftUIAttributes.ForegroundColorAttribute>'; this is an error in the Swift 6 language mode
Swift.KeyPath:1:14: note: generic class 'KeyPath' does not conform to the 'Sendable' protocol
public class KeyPath<Root, Value> : PartialKeyPath<Root> {
             ^
<unknown>:0: warning: cannot form key path that captures non-Sendable type 'KeyPath<AttributeScopes.SwiftUIAttributes, AttributeScopes.SwiftUIAttributes.FontAttribute>'; this is an error in the Swift 6 language mode
Swift.KeyPath:1:14: note: generic class 'KeyPath' does not conform to the 'Sendable' protocol
public class KeyPath<Root, Value> : PartialKeyPath<Root> {
             ^
<unknown>:0: warning: cannot form key path that captures non-Sendable type 'KeyPath<AttributeScopes.SwiftUIAttributes, AttributeScopes.SwiftUIAttributes.ForegroundColorAttribute>'; this is an error in the Swift 6 language mode
Swift.KeyPath:1:14: note: generic class 'KeyPath' does not conform to the 'Sendable' protocol
public class KeyPath<Root, Value> : PartialKeyPath<Root> {
             ^
<unknown>:0: warning: cannot form key path that captures non-Sendable type 'KeyPath<AttributeScopes.SwiftUIAttributes, AttributeScopes.SwiftUIAttributes.ForegroundColorAttribute>'; this is an error in the Swift 6 language mode
Swift.KeyPath:1:14: note: generic class 'KeyPath' does not conform to the 'Sendable' protocol
public class KeyPath<Root, Value> : PartialKeyPath<Root> {
             ^
<unknown>:0: warning: cannot form key path that captures non-Sendable type 'KeyPath<AttributeScopes.SwiftUIAttributes, AttributeScopes.SwiftUIAttributes.FontAttribute>'; this is an error in the Swift 6 language mode
Swift.KeyPath:1:14: note: generic class 'KeyPath' does not conform to the 'Sendable' protocol
public class KeyPath<Root, Value> : PartialKeyPath<Root> {
             ^
<unknown>:0: warning: cannot form key path that captures non-Sendable type 'KeyPath<AttributeScopes.SwiftUIAttributes, AttributeScopes.SwiftUIAttributes.ForegroundColorAttribute>'; this is an error in the Swift 6 language mode
Swift.KeyPath:1:14: note: generic class 'KeyPath' does not conform to the 'Sendable' protocol
public class KeyPath<Root, Value> : PartialKeyPath<Root> {
             ^
<unknown>:0: warning: cannot form key path that captures non-Sendable type 'KeyPath<AttributeScopes.SwiftUIAttributes, AttributeScopes.SwiftUIAttributes.FontAttribute>'; this is an error in the Swift 6 language mode
Swift.KeyPath:1:14: note: generic class 'KeyPath' does not conform to the 'Sendable' protocol
public class KeyPath<Root, Value> : PartialKeyPath<Root> {
             ^
<unknown>:0: warning: cannot form key path that captures non-Sendable type 'KeyPath<AttributeScopes.SwiftUIAttributes, AttributeScopes.SwiftUIAttributes.ForegroundColorAttribute>'; this is an error in the Swift 6 language mode
Swift.KeyPath:1:14: note: generic class 'KeyPath' does not conform to the 'Sendable' protocol
public class KeyPath<Root, Value> : PartialKeyPath<Root> {
             ^
<unknown>:0: warning: cannot form key path that captures non-Sendable type 'KeyPath<AttributeScopes.SwiftUIAttributes, AttributeScopes.SwiftUIAttributes.ForegroundColorAttribute>'; this is an error in the Swift 6 language mode
Swift.KeyPath:1:14: note: generic class 'KeyPath' does not conform to the 'Sendable' protocol
public class KeyPath<Root, Value> : PartialKeyPath<Root> {
             ^
<unknown>:0: warning: cannot form key path that captures non-Sendable type 'KeyPath<AttributeScopes.SwiftUIAttributes, AttributeScopes.SwiftUIAttributes.FontAttribute>'; this is an error in the Swift 6 language mode
Swift.KeyPath:1:14: note: generic class 'KeyPath' does not conform to the 'Sendable' protocol
public class KeyPath<Root, Value> : PartialKeyPath<Root> {
             ^
<unknown>:0: warning: cannot form key path that captures non-Sendable type 'KeyPath<AttributeScopes.SwiftUIAttributes, AttributeScopes.SwiftUIAttributes.ForegroundColorAttribute>'; this is an error in the Swift 6 language mode
Swift.KeyPath:1:14: note: generic class 'KeyPath' does not conform to the 'Sendable' protocol
public class KeyPath<Root, Value> : PartialKeyPath<Root> {
             ^
<unknown>:0: warning: cannot form key path that captures non-Sendable type 'KeyPath<AttributeScopes.SwiftUIAttributes, AttributeScopes.SwiftUIAttributes.FontAttribute>'; this is an error in the Swift 6 language mode
Swift.KeyPath:1:14: note: generic class 'KeyPath' does not conform to the 'Sendable' protocol
public class KeyPath<Root, Value> : PartialKeyPath<Root> {
             ^
/Users/albertonunez/Documents/Windsurf/BurnBar/OpenBurnBarMobile/Views/Media/MercuryLiveSheet.swift:269:20: warning: value 'newValue' was defined but never used; consider replacing with boolean test
            if let newValue {
               ~~~~^
                            != nil
/Users/albertonunez/Documents/Windsurf/BurnBar/OpenBurnBarMobile/Views/Media/ScreenShareViewerView.swift:1692:21: warning: capture of 'callback' with non-Sendable type '(@MainActor (Double) -> Void)?' in a '@Sendable' closure
                    callback?(delta > 0 ? -0.28 : 0.28)
                    ^
/Users/albertonunez/Documents/Windsurf/BurnBar/OpenBurnBarMobile/Views/Media/ScreenShareViewerView.swift:1692:21: note: a function type must be marked '@Sendable' to conform to 'Sendable'
                    callback?(delta > 0 ? -0.28 : 0.28)
                    ^
<unknown>:0: warning: cannot form key path that captures non-Sendable type 'KeyPath<AttributeScopes.SwiftUIAttributes, AttributeScopes.SwiftUIAttributes.ForegroundColorAttribute>'; this is an error in the Swift 6 language mode
Swift.KeyPath:1:14: note: generic class 'KeyPath' does not conform to the 'Sendable' protocol
public class KeyPath<Root, Value> : PartialKeyPath<Root> {
             ^
<unknown>:0: warning: cannot form key path that captures non-Sendable type 'KeyPath<AttributeScopes.SwiftUIAttributes, AttributeScopes.SwiftUIAttributes.ForegroundColorAttribute>'; this is an error in the Swift 6 language mode
Swift.KeyPath:1:14: note: generic class 'KeyPath' does not conform to the 'Sendable' protocol
public class KeyPath<Root, Value> : PartialKeyPath<Root> {
             ^
<unknown>:0: warning: cannot form key path that captures non-Sendable type 'KeyPath<AttributeScopes.SwiftUIAttributes, AttributeScopes.SwiftUIAttributes.FontAttribute>'; this is an error in the Swift 6 language mode
Swift.KeyPath:1:14: note: generic class 'KeyPath' does not conform to the 'Sendable' protocol
public class KeyPath<Root, Value> : PartialKeyPath<Root> {
             ^
<unknown>:0: warning: cannot form key path that captures non-Sendable type 'KeyPath<AttributeScopes.SwiftUIAttributes, AttributeScopes.SwiftUIAttributes.ForegroundColorAttribute>'; this is an error in the Swift 6 language mode
Swift.KeyPath:1:14: note: generic class 'KeyPath' does not conform to the 'Sendable' protocol
public class KeyPath<Root, Value> : PartialKeyPath<Root> {
             ^
<unknown>:0: warning: cannot form key path that captures non-Sendable type 'KeyPath<AttributeScopes.SwiftUIAttributes, AttributeScopes.SwiftUIAttributes.FontAttribute>'; this is an error in the Swift 6 language mode
Swift.KeyPath:1:14: note: generic class 'KeyPath' does not conform to the 'Sendable' protocol
public class KeyPath<Root, Value> : PartialKeyPath<Root> {
             ^
<unknown>:0: warning: cannot form key path that captures non-Sendable type 'KeyPath<AttributeScopes.SwiftUIAttributes, AttributeScopes.SwiftUIAttributes.ForegroundColorAttribute>'; this is an error in the Swift 6 language mode
Swift.KeyPath:1:14: note: generic class 'KeyPath' does not conform to the 'Sendable' protocol
public class KeyPath<Root, Value> : PartialKeyPath<Root> {
             ^
<unknown>:0: warning: cannot form key path that captures non-Sendable type 'KeyPath<AttributeScopes.SwiftUIAttributes, AttributeScopes.SwiftUIAttributes.FontAttribute>'; this is an error in the Swift 6 language mode
Swift.KeyPath:1:14: note: generic class 'KeyPath' does not conform to the 'Sendable' protocol
public class KeyPath<Root, Value> : PartialKeyPath<Root> {
             ^
<unknown>:0: warning: cannot form key path that captures non-Sendable type 'KeyPath<AttributeScopes.SwiftUIAttributes, AttributeScopes.SwiftUIAttributes.ForegroundColorAttribute>'; this is an error in the Swift 6 language mode
Swift.KeyPath:1:14: note: generic class 'KeyPath' does not conform to the 'Sendable' protocol
public class KeyPath<Root, Value> : PartialKeyPath<Root> {
             ^
<unknown>:0: warning: cannot form key path that captures non-Sendable type 'KeyPath<AttributeScopes.SwiftUIAttributes, AttributeScopes.SwiftUIAttributes.ForegroundColorAttribute>'; this is an error in the Swift 6 language mode
Swift.KeyPath:1:14: note: generic class 'KeyPath' does not conform to the 'Sendable' protocol
public class KeyPath<Root, Value> : PartialKeyPath<Root> {
             ^
<unknown>:0: warning: cannot form key path that captures non-Sendable type 'KeyPath<AttributeScopes.SwiftUIAttributes, AttributeScopes.SwiftUIAttributes.FontAttribute>'; this is an error in the Swift 6 language mode
Swift.KeyPath:1:14: note: generic class 'KeyPath' does not conform to the 'Sendable' protocol
public class KeyPath<Root, Value> : PartialKeyPath<Root> {
             ^
<unknown>:0: warning: cannot form key path that captures non-Sendable type 'KeyPath<AttributeScopes.SwiftUIAttributes, AttributeScopes.SwiftUIAttributes.ForegroundColorAttribute>'; this is an error in the Swift 6 language mode
Swift.KeyPath:1:14: note: generic class 'KeyPath' does not conform to the 'Sendable' protocol
public class KeyPath<Root, Value> : PartialKeyPath<Root> {
             ^
<unknown>:0: warning: cannot form key path that captures non-Sendable type 'KeyPath<AttributeScopes.SwiftUIAttributes, AttributeScopes.SwiftUIAttributes.FontAttribute>'; this is an error in the Swift 6 language mode
Swift.KeyPath:1:14: note: generic class 'KeyPath' does not conform to the 'Sendable' protocol
public class KeyPath<Root, Value> : PartialKeyPath<Root> {
             ^
<unknown>:0: warning: cannot form key path that captures non-Sendable type 'KeyPath<AttributeScopes.SwiftUIAttributes, AttributeScopes.SwiftUIAttributes.ForegroundColorAttribute>'; this is an error in the Swift 6 language mode
Swift.KeyPath:1:14: note: generic class 'KeyPath' does not conform to the 'Sendable' protocol
public class KeyPath<Root, Value> : PartialKeyPath<Root> {
             ^
<unknown>:0: warning: cannot form key path that captures non-Sendable type 'KeyPath<AttributeScopes.SwiftUIAttributes, AttributeScopes.SwiftUIAttributes.FontAttribute>'; this is an error in the Swift 6 language mode
Swift.KeyPath:1:14: note: generic class 'KeyPath' does not conform to the 'Sendable' protocol
public class KeyPath<Root, Value> : PartialKeyPath<Root> {
             ^
<unknown>:0: warning: cannot form key path that captures non-Sendable type 'KeyPath<AttributeScopes.SwiftUIAttributes, AttributeScopes.SwiftUIAttributes.ForegroundColorAttribute>'; this is an error in the Swift 6 language mode
Swift.KeyPath:1:14: note: generic class 'KeyPath' does not conform to the 'Sendable' protocol
public class KeyPath<Root, Value> : PartialKeyPath<Root> {
             ^
<unknown>:0: warning: cannot form key path that captures non-Sendable type 'KeyPath<AttributeScopes.SwiftUIAttributes, AttributeScopes.SwiftUIAttributes.ForegroundColorAttribute>'; this is an error in the Swift 6 language mode
Swift.KeyPath:1:14: note: generic class 'KeyPath' does not conform to the 'Sendable' protocol
public class KeyPath<Root, Value> : PartialKeyPath<Root> {
             ^
<unknown>:0: warning: cannot form key path that captures non-Sendable type 'KeyPath<AttributeScopes.SwiftUIAttributes, AttributeScopes.SwiftUIAttributes.FontAttribute>'; this is an error in the Swift 6 language mode
Swift.KeyPath:1:14: note: generic class 'KeyPath' does not conform to the 'Sendable' protocol
public class KeyPath<Root, Value> : PartialKeyPath<Root> {
             ^
<unknown>:0: warning: cannot form key path that captures non-Sendable type 'KeyPath<AttributeScopes.SwiftUIAttributes, AttributeScopes.SwiftUIAttributes.ForegroundColorAttribute>'; this is an error in the Swift 6 language mode
Swift.KeyPath:1:14: note: generic class 'KeyPath' does not conform to the 'Sendable' protocol
public class KeyPath<Root, Value> : PartialKeyPath<Root> {
             ^
<unknown>:0: warning: cannot form key path that captures non-Sendable type 'KeyPath<AttributeScopes.SwiftUIAttributes, AttributeScopes.SwiftUIAttributes.FontAttribute>'; this is an error in the Swift 6 language mode
Swift.KeyPath:1:14: note: generic class 'KeyPath' does not conform to the 'Sendable' protocol
public class KeyPath<Root, Value> : PartialKeyPath<Root> {
             ^
<unknown>:0: warning: cannot form key path that captures non-Sendable type 'KeyPath<AttributeScopes.SwiftUIAttributes, AttributeScopes.SwiftUIAttributes.ForegroundColorAttribute>'; this is an error in the Swift 6 language mode
Swift.KeyPath:1:14: note: generic class 'KeyPath' does not conform to the 'Sendable' protocol
public class KeyPath<Root, Value> : PartialKeyPath<Root> {
             ^
<unknown>:0: warning: cannot form key path that captures non-Sendable type 'KeyPath<AttributeScopes.SwiftUIAttributes, AttributeScopes.SwiftUIAttributes.FontAttribute>'; this is an error in the Swift 6 language mode
Swift.KeyPath:1:14: note: generic class 'KeyPath' does not conform to the 'Sendable' protocol
public class KeyPath<Root, Value> : PartialKeyPath<Root> {
             ^
<unknown>:0: warning: cannot form key path that captures non-Sendable type 'KeyPath<AttributeScopes.SwiftUIAttributes, AttributeScopes.SwiftUIAttributes.ForegroundColorAttribute>'; this is an error in the Swift 6 language mode
Swift.KeyPath:1:14: note: generic class 'KeyPath' does not conform to the 'Sendable' protocol
public class KeyPath<Root, Value> : PartialKeyPath<Root> {
             ^
<unknown>:0: warning: cannot form key path that captures non-Sendable type 'KeyPath<AttributeScopes.SwiftUIAttributes, AttributeScopes.SwiftUIAttributes.ForegroundColorAttribute>'; this is an error in the Swift 6 language mode
Swift.KeyPath:1:14: note: generic class 'KeyPath' does not conform to the 'Sendable' protocol
public class KeyPath<Root, Value> : PartialKeyPath<Root> {
             ^
<unknown>:0: warning: cannot form key path that captures non-Sendable type 'KeyPath<AttributeScopes.SwiftUIAttributes, AttributeScopes.SwiftUIAttributes.FontAttribute>'; this is an error in the Swift 6 language mode
Swift.KeyPath:1:14: note: generic class 'KeyPath' does not conform to the 'Sendable' protocol
public class KeyPath<Root, Value> : PartialKeyPath<Root> {
             ^
<unknown>:0: warning: cannot form key path that captures non-Sendable type 'KeyPath<AttributeScopes.SwiftUIAttributes, AttributeScopes.SwiftUIAttributes.ForegroundColorAttribute>'; this is an error in the Swift 6 language mode
Swift.KeyPath:1:14: note: generic class 'KeyPath' does not conform to the 'Sendable' protocol
public class KeyPath<Root, Value> : PartialKeyPath<Root> {
             ^
<unknown>:0: warning: cannot form key path that captures non-Sendable type 'KeyPath<AttributeScopes.SwiftUIAttributes, AttributeScopes.SwiftUIAttributes.FontAttribute>'; this is an error in the Swift 6 language mode
Swift.KeyPath:1:14: note: generic class 'KeyPath' does not conform to the 'Sendable' protocol
public class KeyPath<Root, Value> : PartialKeyPath<Root> {
             ^
<unknown>:0: warning: cannot form key path that captures non-Sendable type 'KeyPath<AttributeScopes.SwiftUIAttributes, AttributeScopes.SwiftUIAttributes.ForegroundColorAttribute>'; this is an error in the Swift 6 language mode
Swift.KeyPath:1:14: note: generic class 'KeyPath' does not conform to the 'Sendable' protocol
public class KeyPath<Root, Value> : PartialKeyPath<Root> {
             ^
<unknown>:0: warning: cannot form key path that captures non-Sendable type 'KeyPath<AttributeScopes.SwiftUIAttributes, AttributeScopes.SwiftUIAttributes.FontAttribute>'; this is an error in the Swift 6 language mode
Swift.KeyPath:1:14: note: generic class 'KeyPath' does not conform to the 'Sendable' protocol
public class KeyPath<Root, Value> : PartialKeyPath<Root> {
             ^
<unknown>:0: warning: cannot form key path that captures non-Sendable type 'KeyPath<AttributeScopes.SwiftUIAttributes, AttributeScopes.SwiftUIAttributes.ForegroundColorAttribute>'; this is an error in the Swift 6 language mode
Swift.KeyPath:1:14: note: generic class 'KeyPath' does not conform to the 'Sendable' protocol
public class KeyPath<Root, Value> : PartialKeyPath<Root> {
             ^
<unknown>:0: warning: cannot form key path that captures non-Sendable type 'KeyPath<AttributeScopes.SwiftUIAttributes, AttributeScopes.SwiftUIAttributes.ForegroundColorAttribute>'; this is an error in the Swift 6 language mode
Swift.KeyPath:1:14: note: generic class 'KeyPath' does not conform to the 'Sendable' protocol
public class KeyPath<Root, Value> : PartialKeyPath<Root> {
             ^
<unknown>:0: warning: cannot form key path that captures non-Sendable type 'KeyPath<AttributeScopes.SwiftUIAttributes, AttributeScopes.SwiftUIAttributes.FontAttribute>'; this is an error in the Swift 6 language mode
Swift.KeyPath:1:14: note: generic class 'KeyPath' does not conform to the 'Sendable' protocol
public class KeyPath<Root, Value> : PartialKeyPath<Root> {
             ^
<unknown>:0: warning: cannot form key path that captures non-Sendable type 'KeyPath<AttributeScopes.SwiftUIAttributes, AttributeScopes.SwiftUIAttributes.ForegroundColorAttribute>'; this is an error in the Swift 6 language mode
Swift.KeyPath:1:14: note: generic class 'KeyPath' does not conform to the 'Sendable' protocol
public class KeyPath<Root, Value> : PartialKeyPath<Root> {
             ^
<unknown>:0: warning: cannot form key path that captures non-Sendable type 'KeyPath<AttributeScopes.SwiftUIAttributes, AttributeScopes.SwiftUIAttributes.FontAttribute>'; this is an error in the Swift 6 language mode
Swift.KeyPath:1:14: note: generic class 'KeyPath' does not conform to the 'Sendable' protocol
public class KeyPath<Root, Value> : PartialKeyPath<Root> {
             ^
<unknown>:0: warning: cannot form key path that captures non-Sendable type 'KeyPath<AttributeScopes.SwiftUIAttributes, AttributeScopes.SwiftUIAttributes.ForegroundColorAttribute>'; this is an error in the Swift 6 language mode
Swift.KeyPath:1:14: note: generic class 'KeyPath' does not conform to the 'Sendable' protocol
public class KeyPath<Root, Value> : PartialKeyPath<Root> {
             ^
<unknown>:0: warning: cannot form key path that captures non-Sendable type 'KeyPath<AttributeScopes.SwiftUIAttributes, AttributeScopes.SwiftUIAttributes.FontAttribute>'; this is an error in the Swift 6 language mode
Swift.KeyPath:1:14: note: generic class 'KeyPath' does not conform to the 'Sendable' protocol
public class KeyPath<Root, Value> : PartialKeyPath<Root> {
             ^
<unknown>:0: warning: cannot form key path that captures non-Sendable type 'KeyPath<AttributeScopes.SwiftUIAttributes, AttributeScopes.SwiftUIAttributes.ForegroundColorAttribute>'; this is an error in the Swift 6 language mode
Swift.KeyPath:1:14: note: generic class 'KeyPath' does not conform to the 'Sendable' protocol
public class KeyPath<Root, Value> : PartialKeyPath<Root> {
             ^
<unknown>:0: warning: cannot form key path that captures non-Sendable type 'KeyPath<AttributeScopes.SwiftUIAttributes, AttributeScopes.SwiftUIAttributes.ForegroundColorAttribute>'; this is an error in the Swift 6 language mode
Swift.KeyPath:1:14: note: generic class 'KeyPath' does not conform to the 'Sendable' protocol
public class KeyPath<Root, Value> : PartialKeyPath<Root> {
             ^
<unknown>:0: warning: cannot form key path that captures non-Sendable type 'KeyPath<AttributeScopes.SwiftUIAttributes, AttributeScopes.SwiftUIAttributes.FontAttribute>'; this is an error in the Swift 6 language mode
Swift.KeyPath:1:14: note: generic class 'KeyPath' does not conform to the 'Sendable' protocol
public class KeyPath<Root, Value> : PartialKeyPath<Root> {
             ^
<unknown>:0: warning: cannot form key path that captures non-Sendable type 'KeyPath<AttributeScopes.SwiftUIAttributes, AttributeScopes.SwiftUIAttributes.ForegroundColorAttribute>'; this is an error in the Swift 6 language mode
Swift.KeyPath:1:14: note: generic class 'KeyPath' does not conform to the 'Sendable' protocol
public class KeyPath<Root, Value> : PartialKeyPath<Root> {
             ^
<unknown>:0: warning: cannot form key path that captures non-Sendable type 'KeyPath<AttributeScopes.SwiftUIAttributes, AttributeScopes.SwiftUIAttributes.FontAttribute>'; this is an error in the Swift 6 language mode
Swift.KeyPath:1:14: note: generic class 'KeyPath' does not conform to the 'Sendable' protocol
public class KeyPath<Root, Value> : PartialKeyPath<Root> {
             ^
<unknown>:0: warning: cannot form key path that captures non-Sendable type 'KeyPath<AttributeScopes.SwiftUIAttributes, AttributeScopes.SwiftUIAttributes.ForegroundColorAttribute>'; this is an error in the Swift 6 language mode
Swift.KeyPath:1:14: note: generic class 'KeyPath' does not conform to the 'Sendable' protocol
public class KeyPath<Root, Value> : PartialKeyPath<Root> {
             ^
<unknown>:0: warning: cannot form key path that captures non-Sendable type 'KeyPath<AttributeScopes.SwiftUIAttributes, AttributeScopes.SwiftUIAttributes.FontAttribute>'; this is an error in the Swift 6 language mode
Swift.KeyPath:1:14: note: generic class 'KeyPath' does not conform to the 'Sendable' protocol
public class KeyPath<Root, Value> : PartialKeyPath<Root> {
             ^
<unknown>:0: warning: cannot form key path that captures non-Sendable type 'KeyPath<AttributeScopes.SwiftUIAttributes, AttributeScopes.SwiftUIAttributes.ForegroundColorAttribute>'; this is an error in the Swift 6 language mode
Swift.KeyPath:1:14: note: generic class 'KeyPath' does not conform to the 'Sendable' protocol
public class KeyPath<Root, Value> : PartialKeyPath<Root> {
             ^
<unknown>:0: warning: cannot form key path that captures non-Sendable type 'KeyPath<AttributeScopes.SwiftUIAttributes, AttributeScopes.SwiftUIAttributes.ForegroundColorAttribute>'; this is an error in the Swift 6 language mode
Swift.KeyPath:1:14: note: generic class 'KeyPath' does not conform to the 'Sendable' protocol
public class KeyPath<Root, Value> : PartialKeyPath<Root> {
             ^
<unknown>:0: warning: cannot form key path that captures non-Sendable type 'KeyPath<AttributeScopes.SwiftUIAttributes, AttributeScopes.SwiftUIAttributes.FontAttribute>'; this is an error in the Swift 6 language mode
Swift.KeyPath:1:14: note: generic class 'KeyPath' does not conform to the 'Sendable' protocol
public class KeyPath<Root, Value> : PartialKeyPath<Root> {
             ^
<unknown>:0: warning: cannot form key path that captures non-Sendable type 'KeyPath<AttributeScopes.SwiftUIAttributes, AttributeScopes.SwiftUIAttributes.ForegroundColorAttribute>'; this is an error in the Swift 6 language mode
Swift.KeyPath:1:14: note: generic class 'KeyPath' does not conform to the 'Sendable' protocol
public class KeyPath<Root, Value> : PartialKeyPath<Root> {
             ^
<unknown>:0: warning: cannot form key path that captures non-Sendable type 'KeyPath<AttributeScopes.SwiftUIAttributes, AttributeScopes.SwiftUIAttributes.FontAttribute>'; this is an error in the Swift 6 language mode
Swift.KeyPath:1:14: note: generic class 'KeyPath' does not conform to the 'Sendable' protocol
public class KeyPath<Root, Value> : PartialKeyPath<Root> {
             ^
<unknown>:0: warning: cannot form key path that captures non-Sendable type 'KeyPath<AttributeScopes.SwiftUIAttributes, AttributeScopes.SwiftUIAttributes.ForegroundColorAttribute>'; this is an error in the Swift 6 language mode
Swift.KeyPath:1:14: note: generic class 'KeyPath' does not conform to the 'Sendable' protocol
public class KeyPath<Root, Value> : PartialKeyPath<Root> {
             ^
<unknown>:0: warning: cannot form key path that captures non-Sendable type 'KeyPath<AttributeScopes.SwiftUIAttributes, AttributeScopes.SwiftUIAttributes.FontAttribute>'; this is an error in the Swift 6 language mode
Swift.KeyPath:1:14: note: generic class 'KeyPath' does not conform to the 'Sendable' protocol
public class KeyPath<Root, Value> : PartialKeyPath<Root> {
             ^
<unknown>:0: warning: cannot form key path that captures non-Sendable type 'KeyPath<AttributeScopes.SwiftUIAttributes, AttributeScopes.SwiftUIAttributes.ForegroundColorAttribute>'; this is an error in the Swift 6 language mode
Swift.KeyPath:1:14: note: generic class 'KeyPath' does not conform to the 'Sendable' protocol
public class KeyPath<Root, Value> : PartialKeyPath<Root> {
             ^
<unknown>:0: warning: cannot form key path that captures non-Sendable type 'KeyPath<AttributeScopes.SwiftUIAttributes, AttributeScopes.SwiftUIAttributes.ForegroundColorAttribute>'; this is an error in the Swift 6 language mode
Swift.KeyPath:1:14: note: generic class 'KeyPath' does not conform to the 'Sendable' protocol
public class KeyPath<Root, Value> : PartialKeyPath<Root> {
             ^
<unknown>:0: warning: cannot form key path that captures non-Sendable type 'KeyPath<AttributeScopes.SwiftUIAttributes, AttributeScopes.SwiftUIAttributes.FontAttribute>'; this is an error in the Swift 6 language mode
Swift.KeyPath:1:14: note: generic class 'KeyPath' does not conform to the 'Sendable' protocol
public class KeyPath<Root, Value> : PartialKeyPath<Root> {
             ^
<unknown>:0: warning: cannot form key path that captures non-Sendable type 'KeyPath<AttributeScopes.SwiftUIAttributes, AttributeScopes.SwiftUIAttributes.ForegroundColorAttribute>'; this is an error in the Swift 6 language mode
Swift.KeyPath:1:14: note: generic class 'KeyPath' does not conform to the 'Sendable' protocol
public class KeyPath<Root, Value> : PartialKeyPath<Root> {
             ^
<unknown>:0: warning: cannot form key path that captures non-Sendable type 'KeyPath<AttributeScopes.SwiftUIAttributes, AttributeScopes.SwiftUIAttributes.FontAttribute>'; this is an error in the Swift 6 language mode
Swift.KeyPath:1:14: note: generic class 'KeyPath' does not conform to the 'Sendable' protocol
public class KeyPath<Root, Value> : PartialKeyPath<Root> {
             ^
<unknown>:0: warning: cannot form key path that captures non-Sendable type 'KeyPath<AttributeScopes.SwiftUIAttributes, AttributeScopes.SwiftUIAttributes.ForegroundColorAttribute>'; this is an error in the Swift 6 language mode
Swift.KeyPath:1:14: note: generic class 'KeyPath' does not conform to the 'Sendable' protocol
public class KeyPath<Root, Value> : PartialKeyPath<Root> {
             ^
<unknown>:0: warning: cannot form key path that captures non-Sendable type 'KeyPath<AttributeScopes.SwiftUIAttributes, AttributeScopes.SwiftUIAttributes.FontAttribute>'; this is an error in the Swift 6 language mode
Swift.KeyPath:1:14: note: generic class 'KeyPath' does not conform to the 'Sendable' protocol
public class KeyPath<Root, Value> : PartialKeyPath<Root> {
             ^
<unknown>:0: warning: cannot form key path that captures non-Sendable type 'KeyPath<AttributeScopes.SwiftUIAttributes, AttributeScopes.SwiftUIAttributes.ForegroundColorAttribute>'; this is an error in the Swift 6 language mode
Swift.KeyPath:1:14: note: generic class 'KeyPath' does not conform to the 'Sendable' protocol
public class KeyPath<Root, Value> : PartialKeyPath<Root> {
             ^
<unknown>:0: warning: cannot form key path that captures non-Sendable type 'KeyPath<AttributeScopes.SwiftUIAttributes, AttributeScopes.SwiftUIAttributes.ForegroundColorAttribute>'; this is an error in the Swift 6 language mode
Swift.KeyPath:1:14: note: generic class 'KeyPath' does not conform to the 'Sendable' protocol
public class KeyPath<Root, Value> : PartialKeyPath<Root> {
             ^
<unknown>:0: warning: cannot form key path that captures non-Sendable type 'KeyPath<AttributeScopes.SwiftUIAttributes, AttributeScopes.SwiftUIAttributes.FontAttribute>'; this is an error in the Swift 6 language mode
Swift.KeyPath:1:14: note: generic class 'KeyPath' does not conform to the 'Sendable' protocol
public class KeyPath<Root, Value> : PartialKeyPath<Root> {
             ^
<unknown>:0: warning: cannot form key path that captures non-Sendable type 'KeyPath<AttributeScopes.SwiftUIAttributes, AttributeScopes.SwiftUIAttributes.ForegroundColorAttribute>'; this is an error in the Swift 6 language mode
Swift.KeyPath:1:14: note: generic class 'KeyPath' does not conform to the 'Sendable' protocol
public class KeyPath<Root, Value> : PartialKeyPath<Root> {
             ^
<unknown>:0: warning: cannot form key path that captures non-Sendable type 'KeyPath<AttributeScopes.SwiftUIAttributes, AttributeScopes.SwiftUIAttributes.FontAttribute>'; this is an error in the Swift 6 language mode
Swift.KeyPath:1:14: note: generic class 'KeyPath' does not conform to the 'Sendable' protocol
public class KeyPath<Root, Value> : PartialKeyPath<Root> {
             ^
<unknown>:0: warning: cannot form key path that captures non-Sendable type 'KeyPath<AttributeScopes.SwiftUIAttributes, AttributeScopes.SwiftUIAttributes.ForegroundColorAttribute>'; this is an error in the Swift 6 language mode
Swift.KeyPath:1:14: note: generic class 'KeyPath' does not conform to the 'Sendable' protocol
public class KeyPath<Root, Value> : PartialKeyPath<Root> {
             ^
<unknown>:0: warning: cannot form key path that captures non-Sendable type 'KeyPath<AttributeScopes.SwiftUIAttributes, AttributeScopes.SwiftUIAttributes.FontAttribute>'; this is an error in the Swift 6 language mode
Swift.KeyPath:1:14: note: generic class 'KeyPath' does not conform to the 'Sendable' protocol
public class KeyPath<Root, Value> : PartialKeyPath<Root> {
             ^
<unknown>:0: warning: cannot form key path that captures non-Sendable type 'KeyPath<AttributeScopes.SwiftUIAttributes, AttributeScopes.SwiftUIAttributes.ForegroundColorAttribute>'; this is an error in the Swift 6 language mode
Swift.KeyPath:1:14: note: generic class 'KeyPath' does not conform to the 'Sendable' protocol
public class KeyPath<Root, Value> : PartialKeyPath<Root> {
             ^
<unknown>:0: warning: cannot form key path that captures non-Sendable type 'KeyPath<AttributeScopes.SwiftUIAttributes, AttributeScopes.SwiftUIAttributes.ForegroundColorAttribute>'; this is an error in the Swift 6 language mode
Swift.KeyPath:1:14: note: generic class 'KeyPath' does not conform to the 'Sendable' protocol
public class KeyPath<Root, Value> : PartialKeyPath<Root> {
             ^
<unknown>:0: warning: cannot form key path that captures non-Sendable type 'KeyPath<AttributeScopes.SwiftUIAttributes, AttributeScopes.SwiftUIAttributes.FontAttribute>'; this is an error in the Swift 6 language mode
Swift.KeyPath:1:14: note: generic class 'KeyPath' does not conform to the 'Sendable' protocol
public class KeyPath<Root, Value> : PartialKeyPath<Root> {
             ^
<unknown>:0: warning: cannot form key path that captures non-Sendable type 'KeyPath<AttributeScopes.SwiftUIAttributes, AttributeScopes.SwiftUIAttributes.ForegroundColorAttribute>'; this is an error in the Swift 6 language mode
Swift.KeyPath:1:14: note: generic class 'KeyPath' does not conform to the 'Sendable' protocol
public class KeyPath<Root, Value> : PartialKeyPath<Root> {
             ^
<unknown>:0: warning: cannot form key path that captures non-Sendable type 'KeyPath<AttributeScopes.SwiftUIAttributes, AttributeScopes.SwiftUIAttributes.FontAttribute>'; this is an error in the Swift 6 language mode
Swift.KeyPath:1:14: note: generic class 'KeyPath' does not conform to the 'Sendable' protocol
public class KeyPath<Root, Value> : PartialKeyPath<Root> {
             ^
<unknown>:0: warning: cannot form key path that captures non-Sendable type 'KeyPath<AttributeScopes.SwiftUIAttributes, AttributeScopes.SwiftUIAttributes.ForegroundColorAttribute>'; this is an error in the Swift 6 language mode
Swift.KeyPath:1:14: note: generic class 'KeyPath' does not conform to the 'Sendable' protocol
public class KeyPath<Root, Value> : PartialKeyPath<Root> {
             ^
<unknown>:0: warning: cannot form key path that captures non-Sendable type 'KeyPath<AttributeScopes.SwiftUIAttributes, AttributeScopes.SwiftUIAttributes.FontAttribute>'; this is an error in the Swift 6 language mode
Swift.KeyPath:1:14: note: generic class 'KeyPath' does not conform to the 'Sendable' protocol
public class KeyPath<Root, Value> : PartialKeyPath<Root> {
             ^
/Users/albertonunez/Documents/Windsurf/BurnBar/OpenBurnBarMobileTests/MobileProviderWizardModelTests.swift:378:20: warning: no 'async' operations occur within 'await' expression
        let mode = await MobileProviderWizardModel.defaultSyncMode(for: guide)
                   ^
/Users/albertonunez/Documents/Windsurf/BurnBar/OpenBurnBarMobileTests/MobileProviderWizardModelTests.swift:384:20: warning: no 'async' operations occur within 'await' expression
        let mode = await MobileProviderWizardModel.defaultSyncMode(for: guide)
                   ^
/Users/albertonunez/Documents/Windsurf/BurnBar/OpenBurnBarMobileTests/EmberBackdropTests.swift:9:20: warning: call to main actor-isolated initializer 'init(respectsReduceTransparency:)' in a synchronous nonisolated context
        let view = EmberSurfaceBackground()
                   ^
OpenBurnBarCore.EmberSurfaceBackground.init:2:19: note: calls to initializer 'init(respectsReduceTransparency:)' from outside of its actor context are implicitly asynchronous
@MainActor public init(respectsReduceTransparency: Bool = true)}
                  ^
/Users/albertonunez/Documents/Windsurf/BurnBar/OpenBurnBarMobileTests/EmberBackdropTests.swift:8:10: note: add '@MainActor' to make instance method 'testEmberSurfaceBackgroundExists()' part of global actor 'MainActor'
    func testEmberSurfaceBackgroundExists() {
         ^
    @MainActor 
/Users/albertonunez/Documents/Windsurf/BurnBar/OpenBurnBarMobileTests/EmberBackdropTests.swift:15:20: warning: call to main actor-isolated initializer 'init(respectsReduceTransparency:)' in a synchronous nonisolated context
        let view = EmberSurfaceBackground(respectsReduceTransparency: true)
                   ^
OpenBurnBarCore.EmberSurfaceBackground.init:2:19: note: calls to initializer 'init(respectsReduceTransparency:)' from outside of its actor context are implicitly asynchronous
@MainActor public init(respectsReduceTransparency: Bool = true)}
                  ^
/Users/albertonunez/Documents/Windsurf/BurnBar/OpenBurnBarMobileTests/EmberBackdropTests.swift:13:10: note: add '@MainActor' to make instance method 'testReduceTransparencyDisablesEffects()' part of global actor 'MainActor'
    func testReduceTransparencyDisablesEffects() {
         ^
    @MainActor 
/Users/albertonunez/Documents/Windsurf/BurnBar/OpenBurnBarMobileTests/EmberBackdropTests.swift:16:22: warning: main actor-isolated property 'body' can not be referenced from a nonisolated context
        let _ = view.body
                     ^
OpenBurnBarCore.EmberSurfaceBackground.body:2:23: note: property declared here
@MainActor public var body: some View { get }}
                      ^
/Users/albertonunez/Documents/Windsurf/BurnBar/OpenBurnBarMobileTests/EmberBackdropTests.swift:13:10: note: add '@MainActor' to make instance method 'testReduceTransparencyDisablesEffects()' part of global actor 'MainActor'
    func testReduceTransparencyDisablesEffects() {
         ^
    @MainActor 
/Users/albertonunez/Documents/Windsurf/BurnBar/OpenBurnBarMobileTests/ProviderAvatarTests.swift:24:23: warning: main actor-isolated property 'body' can not be referenced from a nonisolated context
            _ = plain.body
                      ^
OpenBurnBarMobile.ProviderAvatar.body:2:25: note: property declared here
@MainActor internal var body: some View { get }}
                        ^
/Users/albertonunez/Documents/Windsurf/BurnBar/OpenBurnBarMobileTests/ProviderAvatarTests.swift:17:10: note: add '@MainActor' to make instance method 'testProviderAvatarModesRender()' part of global actor 'MainActor'
    func testProviderAvatarModesRender() {
         ^
    @MainActor 
/Users/albertonunez/Documents/Windsurf/BurnBar/OpenBurnBarMobileTests/ProviderAvatarTests.swift:25:22: warning: main actor-isolated property 'body' can not be referenced from a nonisolated context
            _ = tile.body
                     ^
OpenBurnBarMobile.ProviderAvatar.body:2:25: note: property declared here
@MainActor internal var body: some View { get }}
                        ^
/Users/albertonunez/Documents/Windsurf/BurnBar/OpenBurnBarMobileTests/ProviderAvatarTests.swift:17:10: note: add '@MainActor' to make instance method 'testProviderAvatarModesRender()' part of global actor 'MainActor'
    func testProviderAvatarModesRender() {
         ^
    @MainActor 
/Users/albertonunez/Documents/Windsurf/BurnBar/OpenBurnBarMobileTests/ProviderAvatarTests.swift:26:24: warning: main actor-isolated property 'body' can not be referenced from a nonisolated context
            _ = aurora.body
                       ^
OpenBurnBarMobile.ProviderAvatar.body:2:25: note: property declared here
@MainActor internal var body: some View { get }}
                        ^
/Users/albertonunez/Documents/Windsurf/BurnBar/OpenBurnBarMobileTests/ProviderAvatarTests.swift:17:10: note: add '@MainActor' to make instance method 'testProviderAvatarModesRender()' part of global actor 'MainActor'
    func testProviderAvatarModesRender() {
         ^
    @MainActor 
2026-05-20 23:26:43.867 xcodebuild[88846:16909129] [MT] IDETestOperationsObserverDebug: 12.480 elapsed -- Testing started completed.
2026-05-20 23:26:43.867 xcodebuild[88846:16909129] [MT] IDETestOperationsObserverDebug: 0.000 sec, +0.000 sec -- start
2026-05-20 23:26:43.867 xcodebuild[88846:16909129] [MT] IDETestOperationsObserverDebug: 12.480 sec, +12.480 sec -- end
Testing started
